\BOOKMARK [0][-]{section*.1}{\376\377\000H\000a\000l\000a\000m\000a\000n\000\040\000J\000u\000d\000u\000l}{}% 1
\BOOKMARK [0][-]{section*.3}{\376\377\000H\000a\000l\000a\000m\000a\000n\000\040\000P\000e\000n\000g\000e\000s\000a\000h\000a\000n}{}% 2
\BOOKMARK [0][-]{section*.4}{\376\377\000K\000a\000t\000a\000\040\000P\000e\000n\000g\000a\000n\000t\000a\000r}{}% 3
\BOOKMARK [0][-]{section*.5}{\376\377\000D\000a\000f\000t\000a\000r\000\040\000I\000s\000i}{}% 4
\BOOKMARK [0][-]{section*.6}{\376\377\000D\000a\000f\000t\000a\000r\000\040\000T\000a\000b\000e\000l}{}% 5
\BOOKMARK [0][-]{section*.7}{\376\377\000D\000a\000f\000t\000a\000r\000\040\000G\000a\000m\000b\000a\000r}{}% 6
\BOOKMARK [0][-]{chapter.1}{\376\377\000I\000\040\000P\000e\000n\000d\000a\000h\000u\000l\000u\000a\000n}{}% 7
\BOOKMARK [1][-]{section.1.1}{\376\377\0001\000.\0001\000\040\000L\000a\000t\000a\000r\000\040\000B\000e\000l\000a\000k\000a\000n\000g}{chapter.1}% 8
\BOOKMARK [1][-]{section.1.2}{\376\377\0001\000.\0002\000\040\000R\000u\000m\000u\000s\000a\000n\000\040\000M\000a\000s\000a\000l\000a\000h}{chapter.1}% 9
\BOOKMARK [1][-]{section.1.3}{\376\377\0001\000.\0003\000\040\000T\000u\000j\000u\000a\000n\000\040\000P\000e\000n\000e\000l\000i\000t\000i\000a\000n}{chapter.1}% 10
\BOOKMARK [1][-]{section.1.4}{\376\377\0001\000.\0004\000\040\000M\000a\000n\000f\000a\000a\000t\000\040\000P\000e\000n\000e\000l\000i\000t\000i\000a\000n}{chapter.1}% 11
\BOOKMARK [0][-]{chapter.2}{\376\377\000I\000I\000\040\000T\000i\000n\000j\000a\000u\000a\000n\000\040\000K\000e\000p\000u\000s\000t\000a\000k\000a\000a\000n}{}% 12
\BOOKMARK [1][-]{section.2.1}{\376\377\0002\000.\0001\000\040\000D\000a\000t\000a\000\040\000B\000M\000K\000G}{chapter.2}% 13
\BOOKMARK [1][-]{section.2.2}{\376\377\0002\000.\0002\000\040\000D\000a\000t\000a\000\040\000S\000a\000t\000e\000l\000i\000t}{chapter.2}% 14
\BOOKMARK [1][-]{section.2.3}{\376\377\0002\000.\0003\000\040\000D\000a\000t\000a\000\040\000N\000A\000S\000A\000\040\000P\000O\000W\000E\000R}{chapter.2}% 15
\BOOKMARK [1][-]{section.2.4}{\376\377\0002\000.\0004\000\040\000M\000e\000t\000o\000d\000e\000\040\000S\000m\000o\000o\000t\000h\000i\000n\000g}{chapter.2}% 16
\BOOKMARK [1][-]{section.2.5}{\376\377\0002\000.\0005\000\040\000D\000B\000M\000S}{chapter.2}% 17
\BOOKMARK [1][-]{section.2.6}{\376\377\0002\000.\0006\000\040\000N\000e\000x\000t\000.\000j\000s}{chapter.2}% 18
\BOOKMARK [1][-]{section.2.7}{\376\377\0002\000.\0007\000\040\000R\000E\000S\000T\000\040\000A\000P\000I}{chapter.2}% 19
\BOOKMARK [1][-]{section.2.8}{\376\377\0002\000.\0008\000\040\000H\000o\000n\000o\000.\000j\000s}{chapter.2}% 20
\BOOKMARK [1][-]{section.2.9}{\376\377\0002\000.\0009\000\040\000A\000g\000i\000l\000e}{chapter.2}% 21
\BOOKMARK [1][-]{section.2.10}{\376\377\0002\000.\0001\0000\000\040\000P\000e\000n\000e\000l\000i\000t\000i\000a\000n\000\040\000T\000e\000r\000k\000a\000i\000t}{chapter.2}% 22
\BOOKMARK [0][-]{chapter.3}{\376\377\000I\000I\000I\000\040\000M\000e\000t\000o\000d\000o\000l\000o\000g\000i\000\040\000P\000e\000n\000e\000l\000i\000t\000i\000a\000n}{}% 23
\BOOKMARK [1][-]{section.3.1}{\376\377\0003\000.\0001\000\040\000T\000e\000m\000p\000a\000t\000\040\000d\000a\000n\000\040\000W\000a\000k\000t\000u\000\040\000P\000e\000n\000e\000l\000i\000t\000i\000a\000n}{chapter.3}% 24
\BOOKMARK [1][-]{section.3.2}{\376\377\0003\000.\0002\000\040\000J\000a\000d\000w\000a\000l\000\040\000P\000e\000l\000a\000k\000s\000a\000n\000a\000a\000n\000\040\000P\000e\000n\000e\000l\000i\000t\000i\000a\000n}{chapter.3}% 25
\BOOKMARK [1][-]{section.3.3}{\376\377\0003\000.\0003\000\040\000A\000l\000a\000t\000\040\000d\000a\000n\000\040\000B\000a\000h\000a\000n}{chapter.3}% 26
\BOOKMARK [2][-]{subsection.3.3.1}{\376\377\0003\000.\0003\000.\0001\000\040\000P\000e\000r\000a\000n\000g\000k\000a\000t\000\040\000K\000e\000r\000a\000s}{section.3.3}% 27
\BOOKMARK [2][-]{subsection.3.3.2}{\376\377\0003\000.\0003\000.\0002\000\040\000P\000e\000r\000a\000n\000g\000k\000a\000t\000\040\000L\000u\000n\000a\000k}{section.3.3}% 28
\BOOKMARK [1][-]{section.3.4}{\376\377\0003\000.\0004\000\040\000P\000r\000o\000s\000e\000d\000u\000r\000\040\000P\000e\000n\000e\000l\000i\000t\000a\000n}{chapter.3}% 29
\BOOKMARK [2][-]{subsection.3.4.1}{\376\377\0003\000.\0004\000.\0001\000\040\000A\000n\000a\000l\000i\000s\000a\000\040\000K\000e\000b\000u\000t\000u\000h\000a\000n}{section.3.4}% 30
\BOOKMARK [2][-]{subsection.3.4.2}{\376\377\0003\000.\0004\000.\0002\000\040\000S\000t\000u\000d\000i\000\040\000L\000i\000t\000e\000r\000a\000t\000u\000r}{section.3.4}% 31
\BOOKMARK [2][-]{subsection.3.4.3}{\376\377\0003\000.\0004\000.\0003\000\040\000P\000r\000e\000p\000r\000o\000c\000e\000s\000s\000i\000n\000g\000\040\000D\000a\000t\000a}{section.3.4}% 32
\BOOKMARK [2][-]{subsection.3.4.4}{\376\377\0003\000.\0004\000.\0004\000\040\000P\000e\000r\000a\000n\000c\000a\000n\000g\000a\000n\000\040\000S\000i\000s\000t\000e\000m}{section.3.4}% 33
\BOOKMARK [2][-]{subsection.3.4.5}{\376\377\0003\000.\0004\000.\0005\000\040\000I\000n\000t\000e\000g\000r\000a\000s\000i\000\040\000D\000a\000t\000a\000b\000a\000s\000e}{section.3.4}% 34
\BOOKMARK [2][-]{subsection.3.4.6}{\376\377\0003\000.\0004\000.\0006\000\040\000R\000a\000n\000c\000a\000n\000g\000\040\000A\000P\000I}{section.3.4}% 35
\BOOKMARK [2][-]{subsection.3.4.7}{\376\377\0003\000.\0004\000.\0007\000\040\000P\000e\000n\000g\000u\000j\000i\000a\000n\000\040\000S\000i\000s\000t\000e\000m}{section.3.4}% 36
\BOOKMARK [0][-]{section*.13}{\376\377\000D\000A\000F\000T\000A\000R\000\040\000K\000E\000P\000U\000S\000T\000A\000K\000A\000A\000N}{}% 37
