This is XeTeX, Version 3.141592653-2.6-0.999997 (TeX Live 2026/dev/Arch Linux) (preloaded format=xelatex 2025.10.2)  2 OCT 2025 14:43
entering extended mode
 \write18 enabled.
 %&-line parsing enabled.
**src/04-tugas_akhir/seminar_proposal.tex
(./src/04-tugas_akhir/seminar_proposal.tex
LaTeX2e <2024-11-01> patch level 2
L3 programming layer <2025-01-18>
(/usr/share/texmf-dist/tex/latex/base/report.cls
Document Class: report 2024/06/29 v1.4n Standard LaTeX document class
(/usr/share/texmf-dist/tex/latex/base/size12.clo
File: size12.clo 2024/06/29 v1.4n Standard LaTeX file (size option)
)
\c@part=\count192
\c@chapter=\count193
\c@section=\count194
\c@subsection=\count195
\c@subsubsection=\count196
\c@paragraph=\count197
\c@subparagraph=\count198
\c@figure=\count199
\c@table=\count266
\abovecaptionskip=\skip49
\belowcaptionskip=\skip50
\bibindent=\dimen141
) (./_internals/uithesis.sty
(/usr/share/texmf-dist/tex/latex/tocbibind/tocbibind.sty
Package: tocbibind 2010/10/13 v1.5k extra ToC listings
Package tocbibind Info: The document has chapter divisions on input line 50.


Package tocbibind Note: Using chapter style headings, unless overridden.

) (/usr/share/texmf-dist/tex/latex/hyperref/hyperref.sty
Package: hyperref 2024-11-05 v7.01l Hypertext links for LaTeX

(/usr/share/texmf-dist/tex/generic/iftex/iftex.sty
Package: iftex 2024/12/12 v1.0g TeX engine tests
)
(/usr/share/texmf-dist/tex/latex/graphics/keyval.sty
Package: keyval 2022/05/29 v1.15 key=value parser (DPC)
\KV@toks@=\toks17
)
(/usr/share/texmf-dist/tex/latex/kvsetkeys/kvsetkeys.sty
Package: kvsetkeys 2022-10-05 v1.19 Key value parser (HO)
)
(/usr/share/texmf-dist/tex/generic/kvdefinekeys/kvdefinekeys.sty
Package: kvdefinekeys 2019-12-19 v1.6 Define keys (HO)
)
(/usr/share/texmf-dist/tex/generic/pdfescape/pdfescape.sty
Package: pdfescape 2019/12/09 v1.15 Implements pdfTeX's escape features (HO)

(/usr/share/texmf-dist/tex/generic/ltxcmds/ltxcmds.sty
Package: ltxcmds 2023-12-04 v1.26 LaTeX kernel commands for general use (HO)
)
(/usr/share/texmf-dist/tex/generic/pdftexcmds/pdftexcmds.sty
Package: pdftexcmds 2020-06-27 v0.33 Utility functions of pdfTeX for LuaTeX (HO
)

(/usr/share/texmf-dist/tex/generic/infwarerr/infwarerr.sty
Package: infwarerr 2019/12/03 v1.5 Providing info/warning/error messages (HO)
)
Package pdftexcmds Info: \pdf@primitive is available.
Package pdftexcmds Info: \pdf@ifprimitive is available.
Package pdftexcmds Info: \pdfdraftmode not found.
))
(/usr/share/texmf-dist/tex/latex/hycolor/hycolor.sty
Package: hycolor 2020-01-27 v1.10 Color options for hyperref/bookmark (HO)
)
(/usr/share/texmf-dist/tex/latex/hyperref/nameref.sty
Package: nameref 2023-11-26 v2.56 Cross-referencing by name of section

(/usr/share/texmf-dist/tex/latex/refcount/refcount.sty
Package: refcount 2019/12/15 v3.6 Data extraction from label references (HO)
)
(/usr/share/texmf-dist/tex/generic/gettitlestring/gettitlestring.sty
Package: gettitlestring 2019/12/15 v1.6 Cleanup title references (HO)

(/usr/share/texmf-dist/tex/latex/kvoptions/kvoptions.sty
Package: kvoptions 2022-06-15 v3.15 Key value format for package options (HO)
))
\c@section@level=\count267
)
(/usr/share/texmf-dist/tex/latex/etoolbox/etoolbox.sty
Package: etoolbox 2025/02/11 v2.5l e-TeX tools for LaTeX (JAW)
\etb@tempcnta=\count268
)
(/usr/share/texmf-dist/tex/generic/stringenc/stringenc.sty
Package: stringenc 2019/11/29 v1.12 Convert strings between diff. encodings (HO
)
)
\@linkdim=\dimen142
\Hy@linkcounter=\count269
\Hy@pagecounter=\count270

(/usr/share/texmf-dist/tex/latex/hyperref/pd1enc.def
File: pd1enc.def 2024-11-05 v7.01l Hyperref: PDFDocEncoding definition (HO)
)
(/usr/share/texmf-dist/tex/generic/intcalc/intcalc.sty
Package: intcalc 2019/12/15 v1.3 Expandable calculations with integers (HO)
)
\Hy@SavedSpaceFactor=\count271

(/usr/share/texmf-dist/tex/latex/hyperref/puenc.def
File: puenc.def 2024-11-05 v7.01l Hyperref: PDF Unicode definition (HO)
)
Package hyperref Info: Option `final' set `true' on input line 4040.
Package hyperref Info: Hyper figures OFF on input line 4157.
Package hyperref Info: Link nesting OFF on input line 4162.
Package hyperref Info: Hyper index ON on input line 4165.
Package hyperref Info: Plain pages OFF on input line 4172.
Package hyperref Info: Backreferencing OFF on input line 4177.
Package hyperref Info: Implicit mode ON; LaTeX internals redefined.
Package hyperref Info: Bookmarks ON on input line 4424.
\c@Hy@tempcnt=\count272

(/usr/share/texmf-dist/tex/latex/url/url.sty
\Urlmuskip=\muskip17
Package: url 2013/09/16  ver 3.4  Verb mode for urls, etc.
)
LaTeX Info: Redefining \url on input line 4763.
\XeTeXLinkMargin=\dimen143

(/usr/share/texmf-dist/tex/generic/bitset/bitset.sty
Package: bitset 2019/12/09 v1.3 Handle bit-vector datatype (HO)

(/usr/share/texmf-dist/tex/generic/bigintcalc/bigintcalc.sty
Package: bigintcalc 2019/12/15 v1.5 Expandable calculations on big integers (HO
)
))
\Fld@menulength=\count273
\Field@Width=\dimen144
\Fld@charsize=\dimen145
Package hyperref Info: Hyper figures OFF on input line 6042.
Package hyperref Info: Link nesting OFF on input line 6047.
Package hyperref Info: Hyper index ON on input line 6050.
Package hyperref Info: backreferencing OFF on input line 6057.
Package hyperref Info: Link coloring OFF on input line 6062.
Package hyperref Info: Link coloring with OCG OFF on input line 6067.
Package hyperref Info: PDF/A mode OFF on input line 6072.

(/usr/share/texmf-dist/tex/latex/base/atbegshi-ltx.sty
Package: atbegshi-ltx 2021/01/10 v1.0c Emulation of the original atbegshi
package with kernel methods
)
\Hy@abspage=\count274
\c@Item=\count275
\c@Hfootnote=\count276
)
Package hyperref Info: Driver (autodetected): hxetex.

(/usr/share/texmf-dist/tex/latex/hyperref/hxetex.def
File: hxetex.def 2024-11-05 v7.01l Hyperref driver for XeTeX
\pdfm@box=\box52
\c@Hy@AnnotLevel=\count277
\HyField@AnnotCount=\count278
\Fld@listcount=\count279
\c@bookmark@seq@number=\count280

(/usr/share/texmf-dist/tex/latex/rerunfilecheck/rerunfilecheck.sty
Package: rerunfilecheck 2022-07-10 v1.10 Rerun checks for auxiliary files (HO)

(/usr/share/texmf-dist/tex/latex/base/atveryend-ltx.sty
Package: atveryend-ltx 2020/08/19 v1.0a Emulation of the original atveryend pac
kage
with kernel methods
)
(/usr/share/texmf-dist/tex/generic/uniquecounter/uniquecounter.sty
Package: uniquecounter 2019/12/15 v1.4 Provide unlimited unique counter (HO)
)
Package uniquecounter Info: New unique counter `rerunfilecheck' on input line 2
85.
)
\Hy@SectionHShift=\skip51
)
Package hyperref Info: Option `colorlinks' set `false' on input line 56.
Package hyperref Info: Option `bookmarksopen' set `false' on input line 56.
Package hyperref Info: Option `bookmarksnumbered' set `true' on input line 56.

(/usr/share/texmf-dist/tex/latex/graphics/graphicx.sty
Package: graphicx 2021/09/16 v1.2d Enhanced LaTeX Graphics (DPC,SPQR)

(/usr/share/texmf-dist/tex/latex/graphics/graphics.sty
Package: graphics 2024/08/06 v1.4g Standard LaTeX Graphics (DPC,SPQR)

(/usr/share/texmf-dist/tex/latex/graphics/trig.sty
Package: trig 2023/12/02 v1.11 sin cos tan (DPC)
)
(/usr/share/texmf-dist/tex/latex/graphics-cfg/graphics.cfg
File: graphics.cfg 2016/06/04 v1.11 sample graphics configuration
)
Package graphics Info: Driver file: xetex.def on input line 106.

(/usr/share/texmf-dist/tex/latex/graphics-def/xetex.def
File: xetex.def 2022/09/22 v5.0n Graphics/color driver for xetex
))
\Gin@req@height=\dimen146
\Gin@req@width=\dimen147
)
(/usr/share/texmf-dist/tex/latex/tools/tabularx.sty
Package: tabularx 2023/12/11 v2.12a `tabularx' package (DPC)

(/usr/share/texmf-dist/tex/latex/tools/array.sty
Package: array 2024/10/17 v2.6g Tabular extension package (FMi)
\col@sep=\dimen148
\ar@mcellbox=\box53
\extrarowheight=\dimen149
\NC@list=\toks18
\extratabsurround=\skip52
\backup@length=\skip53
\ar@cellbox=\box54
)
\TX@col@width=\dimen150
\TX@old@table=\dimen151
\TX@old@col=\dimen152
\TX@target=\dimen153
\TX@delta=\dimen154
\TX@cols=\count281
\TX@ftn=\toks19
)
(/usr/share/texmf-dist/tex/latex/setspace/setspace.sty
Package: setspace 2022/12/04 v6.7b set line spacing
)
(/usr/share/texmf-dist/tex/latex/geometry/geometry.sty
Package: geometry 2020/01/02 v5.9 Page Geometry

(/usr/share/texmf-dist/tex/generic/iftex/ifvtex.sty
Package: ifvtex 2019/10/25 v1.7 ifvtex legacy package. Use iftex instead.
)
\Gm@cnth=\count282
\Gm@cntv=\count283
\c@Gm@tempcnt=\count284
\Gm@bindingoffset=\dimen155
\Gm@wd@mp=\dimen156
\Gm@odd@mp=\dimen157
\Gm@even@mp=\dimen158
\Gm@layoutwidth=\dimen159
\Gm@layoutheight=\dimen160
\Gm@layouthoffset=\dimen161
\Gm@layoutvoffset=\dimen162
\Gm@dimlist=\toks20
)
(/usr/share/texmf-dist/tex/latex/amsmath/amsmath.sty
Package: amsmath 2024/11/05 v2.17t AMS math features
\@mathmargin=\skip54

For additional information on amsmath, use the `?' option.
(/usr/share/texmf-dist/tex/latex/amsmath/amstext.sty
Package: amstext 2021/08/26 v2.01 AMS text

(/usr/share/texmf-dist/tex/latex/amsmath/amsgen.sty
File: amsgen.sty 1999/11/30 v2.0 generic functions
\@emptytoks=\toks21
\ex@=\dimen163
))
(/usr/share/texmf-dist/tex/latex/amsmath/amsbsy.sty
Package: amsbsy 1999/11/29 v1.2d Bold Symbols
\pmbraise@=\dimen164
)
(/usr/share/texmf-dist/tex/latex/amsmath/amsopn.sty
Package: amsopn 2022/04/08 v2.04 operator names
)
\inf@bad=\count285
LaTeX Info: Redefining \frac on input line 233.
\uproot@=\count286
\leftroot@=\count287
LaTeX Info: Redefining \overline on input line 398.
LaTeX Info: Redefining \colon on input line 409.
\classnum@=\count288
\DOTSCASE@=\count289
LaTeX Info: Redefining \ldots on input line 495.
LaTeX Info: Redefining \dots on input line 498.
LaTeX Info: Redefining \cdots on input line 619.
\Mathstrutbox@=\box55
\strutbox@=\box56
LaTeX Info: Redefining \big on input line 721.
LaTeX Info: Redefining \Big on input line 722.
LaTeX Info: Redefining \bigg on input line 723.
LaTeX Info: Redefining \Bigg on input line 724.
\big@size=\dimen165
LaTeX Font Info:    Redeclaring font encoding OML on input line 742.
LaTeX Font Info:    Redeclaring font encoding OMS on input line 743.
\macc@depth=\count290
LaTeX Info: Redefining \bmod on input line 904.
LaTeX Info: Redefining \pmod on input line 909.
LaTeX Info: Redefining \smash on input line 939.
LaTeX Info: Redefining \relbar on input line 969.
LaTeX Info: Redefining \Relbar on input line 970.
\c@MaxMatrixCols=\count291
\dotsspace@=\muskip18
\c@parentequation=\count292
\dspbrk@lvl=\count293
\tag@help=\toks22
\row@=\count294
\column@=\count295
\maxfields@=\count296
\andhelp@=\toks23
\eqnshift@=\dimen166
\alignsep@=\dimen167
\tagshift@=\dimen168
\tagwidth@=\dimen169
\totwidth@=\dimen170
\lineht@=\dimen171
\@envbody=\toks24
\multlinegap=\skip55
\multlinetaggap=\skip56
\mathdisplay@stack=\toks25
LaTeX Info: Redefining \[ on input line 2953.
LaTeX Info: Redefining \] on input line 2954.
)
(/usr/share/texmf-dist/tex/latex/amsfonts/amsfonts.sty
Package: amsfonts 2013/01/14 v3.01 Basic AMSFonts support
\symAMSa=\mathgroup4
\symAMSb=\mathgroup5
LaTeX Font Info:    Redeclaring math symbol \hbar on input line 98.
LaTeX Font Info:    Overwriting math alphabet `\mathfrak' in version `bold'
(Font)                  U/euf/m/n --> U/euf/b/n on input line 106.
)
(/usr/share/texmf-dist/tex/latex/tools/bm.sty
Package: bm 2023/12/19 v1.2f Bold Symbol Support (DPC/FMi)
\symboldoperators=\mathgroup6
\symboldletters=\mathgroup7
\symboldsymbols=\mathgroup8
Package bm Info: No bold for \OMX/cmex/m/n, using \pmb.
Package bm Info: No bold for \U/msa/m/n, using \pmb.
Package bm Info: No bold for \U/msb/m/n, using \pmb.
LaTeX Font Info:    Redeclaring math alphabet \mathbf on input line 149.
)
(/usr/share/texmf-dist/tex/latex/microtype/microtype.sty
Package: microtype 2025/02/11 v3.2a Micro-typographical refinements (RS)
\MT@toks=\toks26
\MT@tempbox=\box57
\MT@count=\count297
LaTeX Info: Redefining \noprotrusionifhmode on input line 1087.
LaTeX Info: Redefining \leftprotrusion on input line 1088.
\MT@prot@toks=\toks27
LaTeX Info: Redefining \rightprotrusion on input line 1107.
LaTeX Info: Redefining \textls on input line 1449.
\MT@outer@kern=\dimen172
LaTeX Info: Redefining \microtypecontext on input line 2053.
LaTeX Info: Redefining \textmicrotypecontext on input line 2070.
\MT@listname@count=\count298

(/usr/share/texmf-dist/tex/latex/microtype/microtype-xetex.def
File: microtype-xetex.def 2025/02/11 v3.2a Definitions specific to xetex (RS)
LaTeX Info: Redefining \lsstyle on input line 443.
LaTeX Info: Redefining \lslig on input line 451.
\MT@outer@space=\skip57
)
Package microtype Info: Loading configuration file microtype.cfg.

(/usr/share/texmf-dist/tex/latex/microtype/microtype.cfg
File: microtype.cfg 2025/02/11 v3.2a microtype main configuration file (RS)
)
LaTeX Info: Redefining \microtypesetup on input line 3065.
)
(/usr/share/texmf-dist/tex/latex/caption/subcaption.sty
Package: subcaption 2023/07/28 v1.6b Sub-captions (AR)

(/usr/share/texmf-dist/tex/latex/caption/caption.sty
Package: caption 2023/08/05 v3.6o Customizing captions (AR)

(/usr/share/texmf-dist/tex/latex/caption/caption3.sty
Package: caption3 2023/07/31 v2.4d caption3 kernel (AR)
\caption@tempdima=\dimen173
\captionmargin=\dimen174
\caption@leftmargin=\dimen175
\caption@rightmargin=\dimen176
\caption@width=\dimen177
\caption@indent=\dimen178
\caption@parindent=\dimen179
\caption@hangindent=\dimen180
Package caption Info: Standard document class detected.
)
\c@caption@flags=\count299
\c@continuedfloat=\count300
Package caption Info: hyperref package is loaded.
)
Package caption Info: New subtype `subfigure' on input line 238.
\c@subfigure=\count301
Package caption Info: New subtype `subtable' on input line 238.
\c@subtable=\count302
)
(/usr/share/texmf-dist/tex/latex/pslatex/pslatex.sty
Package: pslatex 2021/01/13 v1.3 pslatex emulation (DPC)
LaTeX Font Info:    Redeclaring symbol font `operators' on input line 66.
LaTeX Font Info:    Overwriting symbol font `operators' in version `normal'
(Font)                  OT1/cmr/m/n --> OT1/ptmcm/m/n on input line 66.
LaTeX Font Info:    Overwriting symbol font `operators' in version `bold'
(Font)                  OT1/cmr/bx/n --> OT1/ptmcm/m/n on input line 66.
LaTeX Font Info:    Redeclaring symbol font `letters' on input line 67.
LaTeX Font Info:    Overwriting symbol font `letters' in version `normal'
(Font)                  OML/cmm/m/it --> OML/ptmcm/m/it on input line 67.
LaTeX Font Info:    Overwriting symbol font `letters' in version `bold'
(Font)                  OML/cmm/b/it --> OML/ptmcm/m/it on input line 67.
LaTeX Font Info:    Redeclaring symbol font `symbols' on input line 68.
LaTeX Font Info:    Overwriting symbol font `symbols' in version `normal'
(Font)                  OMS/cmsy/m/n --> OMS/pzccm/m/n on input line 68.
LaTeX Font Info:    Overwriting symbol font `symbols' in version `bold'
(Font)                  OMS/cmsy/b/n --> OMS/pzccm/m/n on input line 68.
LaTeX Font Info:    Redeclaring symbol font `largesymbols' on input line 69.
LaTeX Font Info:    Overwriting symbol font `largesymbols' in version `normal'
(Font)                  OMX/cmex/m/n --> OMX/psycm/m/n on input line 69.
LaTeX Font Info:    Overwriting symbol font `largesymbols' in version `bold'
(Font)                  OMX/cmex/m/n --> OMX/psycm/m/n on input line 69.
\symbold=\mathgroup9
\symitalic=\mathgroup10
LaTeX Font Info:    Redeclaring math alphabet \mathbf on input line 75.
LaTeX Font Info:    Redeclaring math alphabet \mathit on input line 76.
LaTeX Font Info:    Overwriting math alphabet `\mathit' in version `normal'
(Font)                  OT1/cmr/m/it --> OT1/ptm/m/it on input line 76.
LaTeX Font Info:    Overwriting math alphabet `\mathit' in version `bold'
(Font)                  OT1/cmr/bx/it --> OT1/ptm/m/it on input line 76.
LaTeX Font Info:    Trying to load font information for TU+ptm on input line 45
7.
LaTeX Font Info:    No file TUptm.fd. on input line 457.


LaTeX Font Warning: Font shape `TU/ptm/m/n' undefined
(Font)              using `TU/lmr/m/n' instead on input line 457.

) (/usr/share/texmf-dist/tex/latex/fancyhdr/fancyhdr.sty
Package: fancyhdr 2025/02/07 v5.2 Extensive control of page headers and footers

\f@nch@headwidth=\skip58
\f@nch@offset@elh=\skip59
\f@nch@offset@erh=\skip60
\f@nch@offset@olh=\skip61
\f@nch@offset@orh=\skip62
\f@nch@offset@elf=\skip63
\f@nch@offset@erf=\skip64
\f@nch@offset@olf=\skip65
\f@nch@offset@orf=\skip66
\f@nch@height=\skip67
\f@nch@footalignment=\skip68
\f@nch@widthL=\skip69
\f@nch@widthC=\skip70
\f@nch@widthR=\skip71
\@temptokenb=\toks28
)
(/usr/share/texmf-dist/tex/latex/pdfpages/pdfpages.sty
Package: pdfpages 2025/01/30 v0.6e Insert pages of external PDF documents (AM)

(/usr/share/texmf-dist/tex/latex/base/ifthen.sty
Package: ifthen 2024/03/16 v1.1e Standard LaTeX ifthen package (DPC)
)
(/usr/share/texmf-dist/tex/latex/tools/calc.sty
Package: calc 2023/07/08 v4.3 Infix arithmetic (KKT,FJ)
\calc@Acount=\count303
\calc@Bcount=\count304
\calc@Adimen=\dimen181
\calc@Bdimen=\dimen182
\calc@Askip=\skip72
\calc@Bskip=\skip73
LaTeX Info: Redefining \setlength on input line 80.
LaTeX Info: Redefining \addtolength on input line 81.
\calc@Ccount=\count305
\calc@Cskip=\skip74
)
(/usr/share/texmf-dist/tex/latex/eso-pic/eso-pic.sty
Package: eso-pic 2023/05/03 v3.0c eso-pic (RN)
\ESO@tempdima=\dimen183
\ESO@tempdimb=\dimen184

(/usr/share/texmf-dist/tex/latex/xcolor/xcolor.sty
Package: xcolor 2024/09/29 v3.02 LaTeX color extensions (UK)

(/usr/share/texmf-dist/tex/latex/graphics-cfg/color.cfg
File: color.cfg 2016/01/02 v1.6 sample color configuration
)
Package xcolor Info: Driver file: xetex.def on input line 274.

(/usr/share/texmf-dist/tex/latex/graphics/mathcolor.ltx)
Package xcolor Info: Model `cmy' substituted by `cmy0' on input line 1349.
Package xcolor Info: Model `RGB' extended on input line 1365.
Package xcolor Info: Model `HTML' substituted by `rgb' on input line 1367.
Package xcolor Info: Model `Hsb' substituted by `hsb' on input line 1368.
Package xcolor Info: Model `tHsb' substituted by `hsb' on input line 1369.
Package xcolor Info: Model `HSB' substituted by `hsb' on input line 1370.
Package xcolor Info: Model `Gray' substituted by `gray' on input line 1371.
Package xcolor Info: Model `wave' substituted by `hsb' on input line 1372.
))
\AM@pagewidth=\dimen185
\AM@pageheight=\dimen186
\AM@fboxrule=\dimen187

(/usr/share/texmf-dist/tex/latex/pdfpages/ppxetex.def
File: ppxetex.def 2025/01/30 v0.6e Pdfpages driver for XeTeX (AM)
)
\pdfpages@includegraphics@status=\count306
\AM@pagebox=\box58
\AM@global@opts=\toks29
\AM@pagecnt=\count307
\AM@toc@title=\toks30
\AM@lof@heading=\toks31
\c@AM@survey=\count308
\AM@templatesizebox=\box59
)
(./_internals/fncychap.sty

LaTeX Warning: You have requested package `_internals/fncychap',
               but the package provides `fncychap'.

Package: fncychap 2007/07/30 v1.34 LaTeX package (Revised chapters)
\RW=\skip75
\mylen=\skip76
\myhi=\skip77
\px=\skip78
\py=\skip79
\pyy=\skip80
\pxx=\skip81
) (/usr/share/texmf-dist/tex/latex/colortbl/colortbl.sty
Package: colortbl 2024/07/06 v1.0i Color table columns (DPC)
\everycr=\toks32
\minrowclearance=\skip82
\rownum=\count309
)
(/usr/share/texmf-dist/tex/latex/paralist/paralist.sty
Package: paralist 2017/01/22 v2.7 Extended list environments
\pltopsep=\skip83
\plpartopsep=\skip84
\plitemsep=\skip85
\plparsep=\skip86
\pl@lab=\toks33
)
(/usr/share/texmf-dist/tex/latex/floatrow/floatrow.sty
Package: floatrow 2008/08/02 v0.3b floatrow: float package extension
\c@float@type=\count310
\float@exts=\toks34
\float@box=\box60
\@floatcapt=\box61
Package floatrow Info: Modified float package code loaded on input line 455.
Package floatrow Info: Modified rotfloat package code loaded on input line 473.

\FR@everyfloat=\toks35
\flrow@foot=\insert252
\FB@wd=\dimen188
\FBo@wd=\dimen189
\FBc@wd=\dimen190
\FBo@ht=\skip87
\FBc@ht=\skip88
\FBf@ht=\skip89
\FBo@max=\skip90
\FBc@max=\skip91
\FBf@max=\skip92
\c@FBl@b=\count311
\floatbox@depth=\count312
\c@FRobj=\count313
\c@FRsobj=\count314
\Xhsize=\skip93
\sXhsize=\skip94
\Zhsize=\skip95
\sZhsize=\skip96
\flrow@rowbox=\box62
\FR@Zunitlength=\dimen191
\c@FBcnt=\count315
\FPOScnt=\count316
\LTleft=\skip97
\LTright=\skip98
\LTleft=\skip99
\LTright=\skip100
\flrow@types=\toks36
)
(/usr/share/texmf-dist/tex/latex/biblatex/biblatex.sty
Package: biblatex 2024/03/21 v3.20 programmable bibliographies (PK/MW)

(/usr/share/texmf-dist/tex/latex/logreq/logreq.sty
Package: logreq 2010/08/04 v1.0 xml request logger
\lrq@indent=\count317

(/usr/share/texmf-dist/tex/latex/logreq/logreq.def
File: logreq.def 2010/08/04 v1.0 logreq spec v1.0
))
\c@tabx@nest=\count318
\c@listtotal=\count319
\c@listcount=\count320
\c@liststart=\count321
\c@liststop=\count322
\c@citecount=\count323
\c@citetotal=\count324
\c@multicitecount=\count325
\c@multicitetotal=\count326
\c@instcount=\count327
\c@maxnames=\count328
\c@minnames=\count329
\c@maxitems=\count330
\c@minitems=\count331
\c@citecounter=\count332
\c@maxcitecounter=\count333
\c@savedcitecounter=\count334
\c@uniquelist=\count335
\c@uniquename=\count336
\c@refsection=\count337
\c@refsegment=\count338
\c@maxextratitle=\count339
\c@maxextratitleyear=\count340
\c@maxextraname=\count341
\c@maxextradate=\count342
\c@maxextraalpha=\count343
\c@abbrvpenalty=\count344
\c@highnamepenalty=\count345
\c@lownamepenalty=\count346
\c@maxparens=\count347
\c@parenlevel=\count348
\blx@tempcnta=\count349
\blx@tempcntb=\count350
\blx@tempcntc=\count351
\c@blx@maxsection=\count352
\blx@maxsegment@0=\count353
\blx@notetype=\count354
\blx@parenlevel@text=\count355
\blx@parenlevel@foot=\count356
\blx@sectionciteorder@0=\count357
\blx@sectionciteorderinternal@0=\count358
\blx@entrysetcounter=\count359
\blx@biblioinstance=\count360
\labelnumberwidth=\skip101
\labelalphawidth=\skip102
\biblabelsep=\skip103
\bibitemsep=\skip104
\bibnamesep=\skip105
\bibinitsep=\skip106
\bibparsep=\skip107
\bibhang=\skip108
\blx@bcfin=\read2
\blx@bcfout=\write3
\blx@langwohyphens=\language3
\c@mincomprange=\count361
\c@maxcomprange=\count362
\c@mincompwidth=\count363
Package biblatex Info: Trying to load biblatex default data model...
Package biblatex Info: ... file 'blx-dm.def' found.

(/usr/share/texmf-dist/tex/latex/biblatex/blx-dm.def
File: blx-dm.def 2024/03/21 v3.20 biblatex datamodel (PK/MW)
)
Package biblatex Info: Trying to load biblatex style data model...
Package biblatex Info: ... file 'apa.dbx' found.

(/usr/share/texmf-dist/tex/latex/biblatex-apa/apa.dbx
File: apa.dbx 2023/03/20 v9.17 APA biblatex style data model
)
Package biblatex Info: Trying to load biblatex custom data model...
Package biblatex Info: ... file 'biblatex-dm.cfg' not found.
\c@afterword=\count364
\c@savedafterword=\count365
\c@annotator=\count366
\c@savedannotator=\count367
\c@author=\count368
\c@savedauthor=\count369
\c@bookauthor=\count370
\c@savedbookauthor=\count371
\c@commentator=\count372
\c@savedcommentator=\count373
\c@editor=\count374
\c@savededitor=\count375
\c@editora=\count376
\c@savededitora=\count377
\c@editorb=\count378
\c@savededitorb=\count379
\c@editorc=\count380
\c@savededitorc=\count381
\c@foreword=\count382
\c@savedforeword=\count383
\c@holder=\count384
\c@savedholder=\count385
\c@introduction=\count386
\c@savedintroduction=\count387
\c@namea=\count388
\c@savednamea=\count389
\c@nameb=\count390
\c@savednameb=\count391
\c@namec=\count392
\c@savednamec=\count393
\c@translator=\count394
\c@savedtranslator=\count395
\c@shortauthor=\count396
\c@savedshortauthor=\count397
\c@shorteditor=\count398
\c@savedshorteditor=\count399
\c@narrator=\count400
\c@savednarrator=\count401
\c@execproducer=\count402
\c@savedexecproducer=\count403
\c@execdirector=\count404
\c@savedexecdirector=\count405
\c@with=\count406
\c@savedwith=\count407
\c@labelname=\count408
\c@savedlabelname=\count409
\c@institution=\count410
\c@savedinstitution=\count411
\c@lista=\count412
\c@savedlista=\count413
\c@listb=\count414
\c@savedlistb=\count415
\c@listc=\count416
\c@savedlistc=\count417
\c@listd=\count418
\c@savedlistd=\count419
\c@liste=\count420
\c@savedliste=\count421
\c@listf=\count422
\c@savedlistf=\count423
\c@location=\count424
\c@savedlocation=\count425
\c@organization=\count426
\c@savedorganization=\count427
\c@origlocation=\count428
\c@savedoriglocation=\count429
\c@origpublisher=\count430
\c@savedorigpublisher=\count431
\c@publisher=\count432
\c@savedpublisher=\count433
\c@language=\count434
\c@savedlanguage=\count435
\c@origlanguage=\count436
\c@savedoriglanguage=\count437
\c@citation=\count438
\c@savedcitation=\count439
\c@pageref=\count440
\c@savedpageref=\count441
\shorthandwidth=\skip109
\shortjournalwidth=\skip110
\shortserieswidth=\skip111
\shorttitlewidth=\skip112
\shortauthorwidth=\skip113
\shorteditorwidth=\skip114
\locallabelnumberwidth=\skip115
\locallabelalphawidth=\skip116
\localshorthandwidth=\skip117
\localshortjournalwidth=\skip118
\localshortserieswidth=\skip119
\localshorttitlewidth=\skip120
\localshortauthorwidth=\skip121
\localshorteditorwidth=\skip122
Package biblatex Info: Trying to load enhanced support for Unicode engines...
Package biblatex Info: ... file 'blx-unicode.def' found.

(/usr/share/texmf-dist/tex/latex/biblatex/blx-unicode.def)
Package biblatex Info: Trying to load compatibility code...
Package biblatex Info: ... file 'blx-compat.def' found.

(/usr/share/texmf-dist/tex/latex/biblatex/blx-compat.def
File: blx-compat.def 2024/03/21 v3.20 biblatex compatibility (PK/MW)
)
Package biblatex Info: Trying to load generic definitions...
Package biblatex Info: ... file 'biblatex.def' found.

(/usr/share/texmf-dist/tex/latex/biblatex/biblatex.def
File: biblatex.def 2024/03/21 v3.20 biblatex compatibility (PK/MW)
\c@textcitecount=\count442
\c@textcitetotal=\count443
\c@textcitemaxnames=\count444
\c@biburlbigbreakpenalty=\count445
\c@biburlbreakpenalty=\count446
\c@biburlnumpenalty=\count447
\c@biburlucpenalty=\count448
\c@biburllcpenalty=\count449
\biburlbigskip=\muskip19
\biburlnumskip=\muskip20
\biburlucskip=\muskip21
\biburllcskip=\muskip22
\c@smartand=\count450
)
Package biblatex Info: Trying to load bibliography style 'apa'...
Package biblatex Info: ... file 'apa.bbx' found.

(/usr/share/texmf-dist/tex/latex/biblatex-apa/apa.bbx
File: apa.bbx 2023/03/20 v9.17 APA biblatex references style
Package biblatex Info: Trying to load bibliography style 'standard'...
Package biblatex Info: ... file 'standard.bbx' found.

(/usr/share/texmf-dist/tex/latex/biblatex/bbx/standard.bbx
File: standard.bbx 2024/03/21 v3.20 biblatex bibliography style (PK/MW)
\c@bbx:relatedcount=\count451
\c@bbx:relatedtotal=\count452
)
Package biblatex Info: Delimiter 'nameyeardelim' in context 'bib' already defin
ed, overwriting.
Package biblatex Info: Delimiter 'nameyeardelim' in context 'biblist' already d
efined, overwriting.
Package biblatex Info: Delimiter 'nonameyeardelim' in context 'bib' already def
ined, overwriting.
Package biblatex Info: Delimiter 'nonameyeardelim' in context 'biblist' already
 defined, overwriting.
)
Package biblatex Info: Trying to load citation style 'apa'...
Package biblatex Info: ... file 'apa.cbx' found.

(/usr/share/texmf-dist/tex/latex/biblatex-apa/apa.cbx
File: apa.cbx 2023/03/20 v9.17 APA biblatex citation style
Package biblatex Info: Delimiter 'nameyeardelim' in context '' already defined,
 overwriting.
Package biblatex Info: Delimiter 'andothersdelim' in context '' already defined
, overwriting.
Package biblatex Info: Redefining '\fullcite'.
Package biblatex Info: Redefining '\citeauthor'.
Package biblatex Info: Redefining '\citeyear'.
Package biblatex Info: Redefining '\cite'.
Package biblatex Info: Redefining '\cites'.
Package biblatex Info: Redefining '\parencite'.
Package biblatex Info: Redefining '\parencites'.
Package biblatex Info: Redefining '\footcite'.
Package biblatex Info: Redefining '\footcites'.
Package biblatex Info: Redefining '\footcitetext'.
Package biblatex Info: Redefining '\footcitetexts'.
Package biblatex Info: Redefining '\smartcite'.
Package biblatex Info: Redefining '\smartcites'.
Package biblatex Info: Redefining '\textcite'.
Package biblatex Info: Redefining '\textcites'.
)
Package biblatex Info: Trying to load configuration file...
Package biblatex Info: ... file 'biblatex.cfg' found.

(/usr/share/texmf-dist/tex/latex/biblatex/biblatex.cfg
File: biblatex.cfg 
)
Package biblatex Info: XeTeX detected.
(biblatex)             Assuming input encoding 'utf8'.
Package biblatex Info: Document encoding is UTF8 ....

(/usr/share/texmf-dist/tex/latex/l3kernel/expl3.sty
Package: expl3 2025-01-18 L3 programming layer (loader) 

(/usr/share/texmf-dist/tex/latex/l3backend/l3backend-xetex.def
File: l3backend-xetex.def 2024-05-08 L3 backend support: XeTeX
\g__graphics_track_int=\count453
\l__pdf_internal_box=\box63
\g__pdf_backend_annotation_int=\count454
\g__pdf_backend_link_int=\count455
))
Package biblatex Info: ... and expl3
(biblatex)             2025-01-18 L3 programming layer (loader) 
(biblatex)             is new enough (at least 2020/04/06),
(biblatex)             setting 'casechanger=expl3'.

(/usr/share/texmf-dist/tex/latex/biblatex/blx-case-expl3.sty
(/usr/share/texmf-dist/tex/latex/l3packages/xparse/xparse.sty
Package: xparse 2024-08-16 L3 Experimental document command parser
)
Package: blx-case-expl3 2024/03/21 v3.20 expl3 case changing code for biblatex
))

LaTeX Warning: Package "xcolor" has already been loaded: ignoring load-time
(LaTeX)        option "xcdraw".

(/usr/share/texmf-dist/tex/latex/multirow/multirow.sty
Package: multirow 2024/11/12 v2.9 Span multiple rows of a table
\multirow@colwidth=\skip123
\multirow@cntb=\count456
\multirow@dima=\skip124
\bigstrutjot=\dimen192
)
(/usr/share/texmf-dist/tex/latex/booktabs/booktabs.sty
Package: booktabs 2020/01/12 v1.61803398 Publication quality tables
\heavyrulewidth=\dimen193
\lightrulewidth=\dimen194
\cmidrulewidth=\dimen195
\belowrulesep=\dimen196
\belowbottomsep=\dimen197
\aboverulesep=\dimen198
\abovetopsep=\dimen199
\cmidrulesep=\dimen256
\cmidrulekern=\dimen257
\defaultaddspace=\dimen258
\@cmidla=\count457
\@cmidlb=\count458
\@aboverulesep=\dimen259
\@belowrulesep=\dimen260
\@thisruleclass=\count459
\@lastruleclass=\count460
\@thisrulewidth=\dimen261
)
(/usr/share/texmf-dist/tex/latex/units/nicefrac.sty
Package: nicefrac 1998/08/04 v0.9b Nice fractions
\L@UnitsRaiseDisplaystyle=\skip125
\L@UnitsRaiseTextstyle=\skip126
\L@UnitsRaiseScriptstyle=\skip127
)
(/usr/share/texmf-dist/tex/latex/tocloft/tocloft.sty
Package: tocloft 2017/08/31 v2.3i parameterised ToC, etc., typesetting
Package tocloft Info: The document has chapter divisions on input line 51.
\cftparskip=\skip128
\cftbeforetoctitleskip=\skip129
\cftaftertoctitleskip=\skip130
\cftbeforepartskip=\skip131
\cftpartnumwidth=\skip132
\cftpartindent=\skip133
\cftbeforechapskip=\skip134
\cftchapindent=\skip135
\cftchapnumwidth=\skip136
\cftbeforesecskip=\skip137
\cftsecindent=\skip138
\cftsecnumwidth=\skip139
\cftbeforesubsecskip=\skip140
\cftsubsecindent=\skip141
\cftsubsecnumwidth=\skip142
\cftbeforesubsubsecskip=\skip143
\cftsubsubsecindent=\skip144
\cftsubsubsecnumwidth=\skip145
\cftbeforeparaskip=\skip146
\cftparaindent=\skip147
\cftparanumwidth=\skip148
\cftbeforesubparaskip=\skip149
\cftsubparaindent=\skip150
\cftsubparanumwidth=\skip151
\cftbeforeloftitleskip=\skip152
\cftafterloftitleskip=\skip153
\cftbeforefigskip=\skip154
\cftfigindent=\skip155
\cftfignumwidth=\skip156
\c@lofdepth=\count461
\c@lotdepth=\count462
\cftbeforelottitleskip=\skip157
\cftafterlottitleskip=\skip158
\cftbeforetabskip=\skip159
\cfttabindent=\skip160
\cfttabnumwidth=\skip161
)
\c@listing=\count463
\cftbeforelistingskip=\skip162
\cftlistingindent=\skip163
\cftlistingnumwidth=\skip164
\c@loldepth=\count464
\cftbeforeloltitleskip=\skip165
\cftafterloltitleskip=\skip166

(/usr/share/texmf-dist/tex/latex/mdframed/mdframed.sty
Package: mdframed 2013/07/01 1.9b: mdframed

(/usr/share/texmf-dist/tex/latex/zref/zref-abspage.sty
Package: zref-abspage 2023-09-14 v2.35 Module abspage for zref (HO)

(/usr/share/texmf-dist/tex/latex/zref/zref-base.sty
Package: zref-base 2023-09-14 v2.35 Module base for zref (HO)

(/usr/share/texmf-dist/tex/generic/etexcmds/etexcmds.sty
Package: etexcmds 2019/12/15 v1.7 Avoid name clashes with e-TeX commands (HO)
)
(/usr/share/texmf-dist/tex/latex/auxhook/auxhook.sty
Package: auxhook 2019-12-17 v1.6 Hooks for auxiliary files (HO)
)
Package zref Info: New property list: main on input line 767.
Package zref Info: New property: default on input line 768.
Package zref Info: New property: page on input line 769.
)
\c@abspage=\count465
Package zref Info: New property: abspage on input line 67.
)
(/usr/share/texmf-dist/tex/latex/needspace/needspace.sty
Package: needspace 2010/09/12 v1.3d reserve vertical space
)
\mdf@templength=\skip167
\c@mdf@globalstyle@cnt=\count466
\mdf@skipabove@length=\skip168
\mdf@skipbelow@length=\skip169
\mdf@leftmargin@length=\skip170
\mdf@rightmargin@length=\skip171
\mdf@innerleftmargin@length=\skip172
\mdf@innerrightmargin@length=\skip173
\mdf@innertopmargin@length=\skip174
\mdf@innerbottommargin@length=\skip175
\mdf@splittopskip@length=\skip176
\mdf@splitbottomskip@length=\skip177
\mdf@outermargin@length=\skip178
\mdf@innermargin@length=\skip179
\mdf@linewidth@length=\skip180
\mdf@innerlinewidth@length=\skip181
\mdf@middlelinewidth@length=\skip182
\mdf@outerlinewidth@length=\skip183
\mdf@roundcorner@length=\skip184
\mdf@footenotedistance@length=\skip185
\mdf@userdefinedwidth@length=\skip186
\mdf@needspace@length=\skip187
\mdf@frametitleaboveskip@length=\skip188
\mdf@frametitlebelowskip@length=\skip189
\mdf@frametitlerulewidth@length=\skip190
\mdf@frametitleleftmargin@length=\skip191
\mdf@frametitlerightmargin@length=\skip192
\mdf@shadowsize@length=\skip193
\mdf@extratopheight@length=\skip194
\mdf@subtitleabovelinewidth@length=\skip195
\mdf@subtitlebelowlinewidth@length=\skip196
\mdf@subtitleaboveskip@length=\skip197
\mdf@subtitlebelowskip@length=\skip198
\mdf@subtitleinneraboveskip@length=\skip199
\mdf@subtitleinnerbelowskip@length=\skip256
\mdf@subsubtitleabovelinewidth@length=\skip257
\mdf@subsubtitlebelowlinewidth@length=\skip258
\mdf@subsubtitleaboveskip@length=\skip259
\mdf@subsubtitlebelowskip@length=\skip260
\mdf@subsubtitleinneraboveskip@length=\skip261
\mdf@subsubtitleinnerbelowskip@length=\skip262

(/usr/share/texmf-dist/tex/latex/pgf/frontendlayer/tikz.sty
(/usr/share/texmf-dist/tex/latex/pgf/basiclayer/pgf.sty
(/usr/share/texmf-dist/tex/latex/pgf/utilities/pgfrcs.sty
(/usr/share/texmf-dist/tex/generic/pgf/utilities/pgfutil-common.tex
\pgfutil@everybye=\toks37
\pgfutil@tempdima=\dimen262
\pgfutil@tempdimb=\dimen263
)
(/usr/share/texmf-dist/tex/generic/pgf/utilities/pgfutil-latex.def
\pgfutil@abb=\box64
)
(/usr/share/texmf-dist/tex/generic/pgf/utilities/pgfrcs.code.tex
(/usr/share/texmf-dist/tex/generic/pgf/pgf.revision.tex)
Package: pgfrcs 2023-01-15 v3.1.10 (3.1.10)
))
Package: pgf 2023-01-15 v3.1.10 (3.1.10)

(/usr/share/texmf-dist/tex/latex/pgf/basiclayer/pgfcore.sty
(/usr/share/texmf-dist/tex/latex/pgf/systemlayer/pgfsys.sty
(/usr/share/texmf-dist/tex/generic/pgf/systemlayer/pgfsys.code.tex
Package: pgfsys 2023-01-15 v3.1.10 (3.1.10)

(/usr/share/texmf-dist/tex/generic/pgf/utilities/pgfkeys.code.tex
\pgfkeys@pathtoks=\toks38
\pgfkeys@temptoks=\toks39

(/usr/share/texmf-dist/tex/generic/pgf/utilities/pgfkeyslibraryfiltered.code.te
x
\pgfkeys@tmptoks=\toks40
))
\pgf@x=\dimen264
\pgf@y=\dimen265
\pgf@xa=\dimen266
\pgf@ya=\dimen267
\pgf@xb=\dimen268
\pgf@yb=\dimen269
\pgf@xc=\dimen270
\pgf@yc=\dimen271
\pgf@xd=\dimen272
\pgf@yd=\dimen273
\w@pgf@writea=\write4
\r@pgf@reada=\read3
\c@pgf@counta=\count467
\c@pgf@countb=\count468
\c@pgf@countc=\count469
\c@pgf@countd=\count470
\t@pgf@toka=\toks41
\t@pgf@tokb=\toks42
\t@pgf@tokc=\toks43
\pgf@sys@id@count=\count471
 (/usr/share/texmf-dist/tex/generic/pgf/systemlayer/pgf.cfg
File: pgf.cfg 2023-01-15 v3.1.10 (3.1.10)
)
Driver file for pgf: pgfsys-xetex.def

(/usr/share/texmf-dist/tex/generic/pgf/systemlayer/pgfsys-xetex.def
File: pgfsys-xetex.def 2023-01-15 v3.1.10 (3.1.10)

(/usr/share/texmf-dist/tex/generic/pgf/systemlayer/pgfsys-dvipdfmx.def
File: pgfsys-dvipdfmx.def 2023-01-15 v3.1.10 (3.1.10)

(/usr/share/texmf-dist/tex/generic/pgf/systemlayer/pgfsys-common-pdf.def
File: pgfsys-common-pdf.def 2023-01-15 v3.1.10 (3.1.10)
)
\pgfsys@objnum=\count472
)))
(/usr/share/texmf-dist/tex/generic/pgf/systemlayer/pgfsyssoftpath.code.tex
File: pgfsyssoftpath.code.tex 2023-01-15 v3.1.10 (3.1.10)
\pgfsyssoftpath@smallbuffer@items=\count473
\pgfsyssoftpath@bigbuffer@items=\count474
)
(/usr/share/texmf-dist/tex/generic/pgf/systemlayer/pgfsysprotocol.code.tex
File: pgfsysprotocol.code.tex 2023-01-15 v3.1.10 (3.1.10)
))
(/usr/share/texmf-dist/tex/generic/pgf/basiclayer/pgfcore.code.tex
Package: pgfcore 2023-01-15 v3.1.10 (3.1.10)

(/usr/share/texmf-dist/tex/generic/pgf/math/pgfmath.code.tex
(/usr/share/texmf-dist/tex/generic/pgf/math/pgfmathutil.code.tex)
(/usr/share/texmf-dist/tex/generic/pgf/math/pgfmathparser.code.tex
\pgfmath@dimen=\dimen274
\pgfmath@count=\count475
\pgfmath@box=\box65
\pgfmath@toks=\toks44
\pgfmath@stack@operand=\toks45
\pgfmath@stack@operation=\toks46
)
(/usr/share/texmf-dist/tex/generic/pgf/math/pgfmathfunctions.code.tex)
(/usr/share/texmf-dist/tex/generic/pgf/math/pgfmathfunctions.basic.code.tex)
(/usr/share/texmf-dist/tex/generic/pgf/math/pgfmathfunctions.trigonometric.code
.tex)
(/usr/share/texmf-dist/tex/generic/pgf/math/pgfmathfunctions.random.code.tex)
(/usr/share/texmf-dist/tex/generic/pgf/math/pgfmathfunctions.comparison.code.te
x) (/usr/share/texmf-dist/tex/generic/pgf/math/pgfmathfunctions.base.code.tex)
(/usr/share/texmf-dist/tex/generic/pgf/math/pgfmathfunctions.round.code.tex)
(/usr/share/texmf-dist/tex/generic/pgf/math/pgfmathfunctions.misc.code.tex)
(/usr/share/texmf-dist/tex/generic/pgf/math/pgfmathfunctions.integerarithmetics
.code.tex) (/usr/share/texmf-dist/tex/generic/pgf/math/pgfmathcalc.code.tex)
(/usr/share/texmf-dist/tex/generic/pgf/math/pgfmathfloat.code.tex
\c@pgfmathroundto@lastzeros=\count476
))
(/usr/share/texmf-dist/tex/generic/pgf/math/pgfint.code.tex)
(/usr/share/texmf-dist/tex/generic/pgf/basiclayer/pgfcorepoints.code.tex
File: pgfcorepoints.code.tex 2023-01-15 v3.1.10 (3.1.10)
\pgf@picminx=\dimen275
\pgf@picmaxx=\dimen276
\pgf@picminy=\dimen277
\pgf@picmaxy=\dimen278
\pgf@pathminx=\dimen279
\pgf@pathmaxx=\dimen280
\pgf@pathminy=\dimen281
\pgf@pathmaxy=\dimen282
\pgf@xx=\dimen283
\pgf@xy=\dimen284
\pgf@yx=\dimen285
\pgf@yy=\dimen286
\pgf@zx=\dimen287
\pgf@zy=\dimen288
)
(/usr/share/texmf-dist/tex/generic/pgf/basiclayer/pgfcorepathconstruct.code.tex
File: pgfcorepathconstruct.code.tex 2023-01-15 v3.1.10 (3.1.10)
\pgf@path@lastx=\dimen289
\pgf@path@lasty=\dimen290
) (/usr/share/texmf-dist/tex/generic/pgf/basiclayer/pgfcorepathusage.code.tex
File: pgfcorepathusage.code.tex 2023-01-15 v3.1.10 (3.1.10)
\pgf@shorten@end@additional=\dimen291
\pgf@shorten@start@additional=\dimen292
)
(/usr/share/texmf-dist/tex/generic/pgf/basiclayer/pgfcorescopes.code.tex
File: pgfcorescopes.code.tex 2023-01-15 v3.1.10 (3.1.10)
\pgfpic=\box66
\pgf@hbox=\box67
\pgf@layerbox@main=\box68
\pgf@picture@serial@count=\count477
)
(/usr/share/texmf-dist/tex/generic/pgf/basiclayer/pgfcoregraphicstate.code.tex
File: pgfcoregraphicstate.code.tex 2023-01-15 v3.1.10 (3.1.10)
\pgflinewidth=\dimen293
)
(/usr/share/texmf-dist/tex/generic/pgf/basiclayer/pgfcoretransformations.code.t
ex
File: pgfcoretransformations.code.tex 2023-01-15 v3.1.10 (3.1.10)
\pgf@pt@x=\dimen294
\pgf@pt@y=\dimen295
\pgf@pt@temp=\dimen296
) (/usr/share/texmf-dist/tex/generic/pgf/basiclayer/pgfcorequick.code.tex
File: pgfcorequick.code.tex 2023-01-15 v3.1.10 (3.1.10)
)
(/usr/share/texmf-dist/tex/generic/pgf/basiclayer/pgfcoreobjects.code.tex
File: pgfcoreobjects.code.tex 2023-01-15 v3.1.10 (3.1.10)
)
(/usr/share/texmf-dist/tex/generic/pgf/basiclayer/pgfcorepathprocessing.code.te
x
File: pgfcorepathprocessing.code.tex 2023-01-15 v3.1.10 (3.1.10)
) (/usr/share/texmf-dist/tex/generic/pgf/basiclayer/pgfcorearrows.code.tex
File: pgfcorearrows.code.tex 2023-01-15 v3.1.10 (3.1.10)
\pgfarrowsep=\dimen297
)
(/usr/share/texmf-dist/tex/generic/pgf/basiclayer/pgfcoreshade.code.tex
File: pgfcoreshade.code.tex 2023-01-15 v3.1.10 (3.1.10)
\pgf@max=\dimen298
\pgf@sys@shading@range@num=\count478
\pgf@shadingcount=\count479
)
(/usr/share/texmf-dist/tex/generic/pgf/basiclayer/pgfcoreimage.code.tex
File: pgfcoreimage.code.tex 2023-01-15 v3.1.10 (3.1.10)
)
(/usr/share/texmf-dist/tex/generic/pgf/basiclayer/pgfcoreexternal.code.tex
File: pgfcoreexternal.code.tex 2023-01-15 v3.1.10 (3.1.10)
\pgfexternal@startupbox=\box69
)
(/usr/share/texmf-dist/tex/generic/pgf/basiclayer/pgfcorelayers.code.tex
File: pgfcorelayers.code.tex 2023-01-15 v3.1.10 (3.1.10)
)
(/usr/share/texmf-dist/tex/generic/pgf/basiclayer/pgfcoretransparency.code.tex
File: pgfcoretransparency.code.tex 2023-01-15 v3.1.10 (3.1.10)
) (/usr/share/texmf-dist/tex/generic/pgf/basiclayer/pgfcorepatterns.code.tex
File: pgfcorepatterns.code.tex 2023-01-15 v3.1.10 (3.1.10)
)
(/usr/share/texmf-dist/tex/generic/pgf/basiclayer/pgfcorerdf.code.tex
File: pgfcorerdf.code.tex 2023-01-15 v3.1.10 (3.1.10)
)))
(/usr/share/texmf-dist/tex/generic/pgf/modules/pgfmoduleshapes.code.tex
File: pgfmoduleshapes.code.tex 2023-01-15 v3.1.10 (3.1.10)
\pgfnodeparttextbox=\box70
)
(/usr/share/texmf-dist/tex/generic/pgf/modules/pgfmoduleplot.code.tex
File: pgfmoduleplot.code.tex 2023-01-15 v3.1.10 (3.1.10)
)
(/usr/share/texmf-dist/tex/latex/pgf/compatibility/pgfcomp-version-0-65.sty
Package: pgfcomp-version-0-65 2023-01-15 v3.1.10 (3.1.10)
\pgf@nodesepstart=\dimen299
\pgf@nodesepend=\dimen300
)
(/usr/share/texmf-dist/tex/latex/pgf/compatibility/pgfcomp-version-1-18.sty
Package: pgfcomp-version-1-18 2023-01-15 v3.1.10 (3.1.10)
))
(/usr/share/texmf-dist/tex/latex/pgf/utilities/pgffor.sty
(/usr/share/texmf-dist/tex/latex/pgf/utilities/pgfkeys.sty
(/usr/share/texmf-dist/tex/generic/pgf/utilities/pgfkeys.code.tex))
(/usr/share/texmf-dist/tex/latex/pgf/math/pgfmath.sty
(/usr/share/texmf-dist/tex/generic/pgf/math/pgfmath.code.tex))
(/usr/share/texmf-dist/tex/generic/pgf/utilities/pgffor.code.tex
Package: pgffor 2023-01-15 v3.1.10 (3.1.10)
\pgffor@iter=\dimen301
\pgffor@skip=\dimen302
\pgffor@stack=\toks47
\pgffor@toks=\toks48
))
(/usr/share/texmf-dist/tex/generic/pgf/frontendlayer/tikz/tikz.code.tex
Package: tikz 2023-01-15 v3.1.10 (3.1.10)

(/usr/share/texmf-dist/tex/generic/pgf/libraries/pgflibraryplothandlers.code.te
x
File: pgflibraryplothandlers.code.tex 2023-01-15 v3.1.10 (3.1.10)
\pgf@plot@mark@count=\count480
\pgfplotmarksize=\dimen303
)
\tikz@lastx=\dimen304
\tikz@lasty=\dimen305
\tikz@lastxsaved=\dimen306
\tikz@lastysaved=\dimen307
\tikz@lastmovetox=\dimen308
\tikz@lastmovetoy=\dimen309
\tikzleveldistance=\dimen310
\tikzsiblingdistance=\dimen311
\tikz@figbox=\box71
\tikz@figbox@bg=\box72
\tikz@tempbox=\box73
\tikz@tempbox@bg=\box74
\tikztreelevel=\count481
\tikznumberofchildren=\count482
\tikznumberofcurrentchild=\count483
\tikz@fig@count=\count484
 (/usr/share/texmf-dist/tex/generic/pgf/modules/pgfmodulematrix.code.tex
File: pgfmodulematrix.code.tex 2023-01-15 v3.1.10 (3.1.10)
\pgfmatrixcurrentrow=\count485
\pgfmatrixcurrentcolumn=\count486
\pgf@matrix@numberofcolumns=\count487
)
\tikz@expandcount=\count488

(/usr/share/texmf-dist/tex/generic/pgf/frontendlayer/tikz/libraries/tikzlibrary
topaths.code.tex
File: tikzlibrarytopaths.code.tex 2023-01-15 v3.1.10 (3.1.10)
))) (/usr/share/texmf-dist/tex/latex/mdframed/md-frame-1.mdf
File: md-frame-1.mdf 2013/07/01\ 1.9b: md-frame-1
)
\mdf@frametitlebox=\box75
\mdf@footnotebox=\box76
\mdf@splitbox@one=\box77
\mdf@splitbox@two=\box78
\mdf@splitbox@save=\box79
\mdfsplitboxwidth=\skip263
\mdfsplitboxtotalwidth=\skip264
\mdfsplitboxheight=\skip265
\mdfsplitboxdepth=\skip266
\mdfsplitboxtotalheight=\skip267
\mdfframetitleboxwidth=\skip268
\mdfframetitleboxtotalwidth=\skip269
\mdfframetitleboxheight=\skip270
\mdfframetitleboxdepth=\skip271
\mdfframetitleboxtotalheight=\skip272
\mdffootnoteboxwidth=\skip273
\mdffootnoteboxtotalwidth=\skip274
\mdffootnoteboxheight=\skip275
\mdffootnoteboxdepth=\skip276
\mdffootnoteboxtotalheight=\skip277
\mdftotallinewidth=\skip278
\mdfboundingboxwidth=\skip279
\mdfboundingboxtotalwidth=\skip280
\mdfboundingboxheight=\skip281
\mdfboundingboxdepth=\skip282
\mdfboundingboxtotalheight=\skip283
\mdf@freevspace@length=\skip284
\mdf@horizontalwidthofbox@length=\skip285
\mdf@verticalmarginwhole@length=\skip286
\mdf@horizontalspaceofbox=\skip287
\mdfsubtitleheight=\skip288
\mdfsubsubtitleheight=\skip289
\c@mdfcountframes=\count489

****** mdframed patching \endmdf@trivlist

****** -- success******

\mdf@envdepth=\count490
\c@mdf@env@i=\count491
\c@mdf@env@ii=\count492
\c@mdf@zref@counter=\count493
Package zref Info: New property: mdf@pagevalue on input line 895.
)
(/usr/share/texmf-dist/tex/latex/titlesec/titlesec.sty
Package: titlesec 2025/01/04 v2.17 Sectioning titles
\ttl@box=\box80
\beforetitleunit=\skip290
\aftertitleunit=\skip291
\ttl@plus=\dimen312
\ttl@minus=\dimen313
\ttl@toksa=\toks49
\titlewidth=\dimen314
\titlewidthlast=\dimen315
\titlewidthfirst=\dimen316
)
(/usr/share/texmf-dist/tex/latex/tools/indentfirst.sty
Package: indentfirst 2023/07/02 v1.03 Indent first paragraph (DPC)
)
\c@appendices=\count494
\cftbeforeappendicesskip=\skip292
\cftappendicesindent=\skip293
\cftappendicesnumwidth=\skip294
\c@loadepth=\count495
\cftbeforeloatitleskip=\skip295
\cftafterloatitleskip=\skip296
\c@appendixcounter=\count496
)
(/usr/share/texmf-dist/tex/latex/tools/longtable.sty
Package: longtable 2024-10-27 v4.22 Multi-page Table package (DPC)
\LTleft=\skip297
\LTright=\skip298
\LTpre=\skip299
\LTpost=\skip300
\LTchunksize=\count497
\LTcapwidth=\dimen317
\LT@head=\box81
\LT@firsthead=\box82
\LT@foot=\box83
\LT@lastfoot=\box84
\LT@gbox=\box85
\LT@cols=\count498
\LT@rows=\count499
\c@LT@tables=\count500
\c@LT@chunks=\count501
\LT@p@ftn=\toks50
)
(/usr/share/texmf-dist/tex/latex/greek-fontenc/alphabeta.sty
Package: alphabeta 2023-11-16 2.6 macros for Greek letters in text and math

(/usr/share/texmf-dist/tex/latex/greek-fontenc/textalpha.sty
Package: textalpha 2023-09-12 2.5 macros for Greek letters in text

(/usr/share/texmf-dist/tex/latex/greek-fontenc/tuenc-greek.def
File: tuenc-greek.def 2023-09-12 2.5 Greek LICRs for XeTeX and LuaTeX

(/usr/share/texmf-dist/tex/latex/greek-fontenc/greek-fontenc.def
File: greek-fontenc.def 2023-09-12 2.5 Common Greek font encoding definitions
))))
(./_internals/hype.indonesia.tex) (./src/03-configuration/settings.tex)
(./src/04-tugas_akhir/istilah.tex)
\@quotelevel=\count502
\@quotereset=\count503
 (src/04-tugas_akhir/seminar_proposal.aux

LaTeX Warning: Label `fig:enter-label' multiply defined.

)
\openout1 = `seminar_proposal.aux'.

LaTeX Font Info:    Checking defaults for OML/cmm/m/it on input line 41.
LaTeX Font Info:    ... okay on input line 41.
LaTeX Font Info:    Checking defaults for OMS/pzccm/m/n on input line 41.
LaTeX Font Info:    Trying to load font information for OMS+pzccm on input line
 41.
 (/usr/share/texmf-dist/tex/latex/psnfss/omspzccm.fd
File: omspzccm.fd 2000/01/03 Fontinst v1.801 font definitions for OMS/pzccm.
)
LaTeX Font Info:    ... okay on input line 41.
LaTeX Font Info:    Checking defaults for OT1/cmr/m/n on input line 41.
LaTeX Font Info:    ... okay on input line 41.
LaTeX Font Info:    Checking defaults for T1/cmr/m/n on input line 41.
LaTeX Font Info:    ... okay on input line 41.
LaTeX Font Info:    Checking defaults for TS1/cmr/m/n on input line 41.
LaTeX Font Info:    ... okay on input line 41.
LaTeX Font Info:    Checking defaults for TU/lmr/m/n on input line 41.
LaTeX Font Info:    ... okay on input line 41.
LaTeX Font Info:    Checking defaults for OMX/cmex/m/n on input line 41.
LaTeX Font Info:    ... okay on input line 41.
LaTeX Font Info:    Checking defaults for U/cmr/m/n on input line 41.
LaTeX Font Info:    ... okay on input line 41.
LaTeX Font Info:    Checking defaults for PD1/pdf/m/n on input line 41.
LaTeX Font Info:    ... okay on input line 41.
LaTeX Font Info:    Checking defaults for PU/pdf/m/n on input line 41.
LaTeX Font Info:    ... okay on input line 41.
Package hyperref Info: Link coloring OFF on input line 41.

(src/04-tugas_akhir/seminar_proposal.out)
(src/04-tugas_akhir/seminar_proposal.out)
\@outlinefile=\write5
\openout5 = `seminar_proposal.out'.


*geometry* driver: auto-detecting
*geometry* detected driver: xetex
*geometry* verbose mode - [ preamble ] result:
* driver: xetex
* paper: a4paper
* layout: <same size as paper>
* layoutoffset:(h,v)=(0.0pt,0.0pt)
* modes: 
* h-part:(L,W,R)=(99.58464pt, 412.56497pt, 85.35826pt)
* v-part:(T,H,B)=(85.35826pt, 674.33032pt, 85.35826pt)
* \paperwidth=597.50787pt
* \paperheight=845.04684pt
* \textwidth=412.56497pt
* \textheight=674.33032pt
* \oddsidemargin=27.31465pt
* \evensidemargin=27.31465pt
* \topmargin=-11.91173pt
* \headheight=0.0pt
* \headsep=25.0pt
* \topskip=12.0pt
* \footskip=30.0pt
* \marginparwidth=35.0pt
* \marginparsep=10.0pt
* \columnsep=10.0pt
* \skip\footins=10.8pt plus 4.0pt minus 2.0pt
* \hoffset=0.0pt
* \voffset=0.0pt
* \mag=1000
* \@twocolumnfalse
* \@twosidefalse
* \@mparswitchfalse
* \@reversemarginfalse
* (1in=72.27pt=25.4mm, 1cm=28.453pt)

LaTeX Info: Redefining \microtypecontext on input line 41.
Package microtype Info: Applying patch `item' on input line 41.
Package microtype Info: Applying patch `toc' on input line 41.
Package microtype Info: Applying patch `eqnum' on input line 41.

Package microtype Warning: Unable to apply patch `footnote' on input line 41.

Package microtype Info: Applying patch `verbatim' on input line 41.
LaTeX Info: Redefining \microtypesetup on input line 41.
Package microtype Info: Character protrusion enabled (level 2).
Package microtype Info: Using default protrusion set `alltext'.
Package microtype Info: No adjustment of tracking.
Package microtype Info: No adjustment of spacing.
Package microtype Info: No adjustment of kerning.
(/usr/share/texmf-dist/tex/latex/microtype/mt-ptm.cfg
File: mt-ptm.cfg 2006/04/20 v1.7 microtype config. file: Times (RS)
)
Package microtype Info: Loading generic protrusion settings for font family
(microtype)             `ptm' (encoding: TU).
(microtype)             For optimal results, create family-specific settings.
(microtype)             See the microtype manual for details.
Package caption Info: Begin \AtBeginDocument code.
Package caption Info: float package is loaded.
Package caption Info: floatrow package is loaded.
Package caption Info: floatrow package is loaded.
Package caption Info: longtable package is loaded.

(/usr/share/texmf-dist/tex/latex/caption/ltcaption.sty
Package: ltcaption 2021/01/08 v1.4c longtable captions (AR)
)
Package caption Info: Fixing longtable code of `floatrow' package.
Package caption Info: End \AtBeginDocument code.

(/usr/share/texmf-dist/tex/latex/pdflscape/pdflscape.sty
Package: pdflscape 2022-10-27 v0.13 Display of landscape pages in PDF

(/usr/share/texmf-dist/tex/latex/pdflscape/pdflscape-nometadata.sty
Package: pdflscape-nometadata 2022-10-28 v0.13 Display of landscape pages in PD
F (HO)

(/usr/share/texmf-dist/tex/latex/graphics/lscape.sty
Package: lscape 2020/05/28 v3.02 Landscape Pages (DPC)
)
Package pdflscape Info: Auto-detected driver: dvipdfm (xetex) on input line 98.

))
(/usr/share/texmf-dist/tex/latex/floatrow/fr-longtable.sty
Package: fr-longtable 2007/11/28 v0.1b (beta) floatrow: additions for longtable

\flrow@LT@lasthead=\box86
\flrow@LT@prelastfoot=\box87
\c@FBLTpage=\count504
)
Package biblatex Info: Trying to load language 'english' -> 'english-apa'...
Package biblatex Info: ... file 'english-apa.lbx' found.

(/usr/share/texmf-dist/tex/latex/biblatex-apa/english-apa.lbx
File: english-apa.lbx 2023/03/20 v9.17 APA biblatex localisation
Package biblatex Info: Trying to load language 'english'...
Package biblatex Info: ... file 'english.lbx' found.

(/usr/share/texmf-dist/tex/latex/biblatex/lbx/english.lbx
File: english.lbx 2024/03/21 v3.20 biblatex localization (PK/MW)
)
Package biblatex Info: Trying to load language 'american' -> 'american-apa'...
Package biblatex Info: ... file 'american-apa.lbx' found.

(/usr/share/texmf-dist/tex/latex/biblatex-apa/american-apa.lbx
File: american-apa.lbx 2023/03/20 v9.17 APA biblatex localisation
Package biblatex Info: Trying to load language 'american'...
Package biblatex Info: ... file 'american.lbx' found.

(/usr/share/texmf-dist/tex/latex/biblatex/lbx/american.lbx
File: american.lbx 2024/03/21 v3.20 biblatex localization (PK/MW)
Package biblatex Info: Trying to load language 'english'...
Package biblatex Info: ... file 'english.lbx' found.

(/usr/share/texmf-dist/tex/latex/biblatex/lbx/english.lbx
File: english.lbx 2024/03/21 v3.20 biblatex localization (PK/MW)
))))
Package biblatex Info: XeTeX detected.
(biblatex)             Assuming input encoding 'utf8'.
Package biblatex Info: Automatic encoding selection.
(biblatex)             Assuming data encoding 'utf8'.
\openout3 = `seminar_proposal.bcf'.

Package biblatex Info: Trying to load bibliographic data...
Package biblatex Info: ... file 'seminar_proposal.bbl' found.

(src/04-tugas_akhir/seminar_proposal.bbl)
Package biblatex Info: Reference section=0 on input line 41.
Package biblatex Info: Reference segment=0 on input line 41.

(/usr/share/texmf-dist/tex/latex/greek-fontenc/puenc-greek.def
File: puenc-greek.def 2023-09-12 2.5 Greek LICRs for PDF strings

(/usr/share/texmf-dist/tex/latex/greek-fontenc/greek-fontenc.def
File: greek-fontenc.def 2023-09-12 2.5 Common Greek font encoding definitions
))
LaTeX Info: Redefining \Upsilon on input line 41.
LaTeX Info: Redefining \Omega on input line 41.
LaTeX Info: Redefining \alpha on input line 41.
LaTeX Info: Redefining \epsilon on input line 41.
LaTeX Info: Redefining \eta on input line 41.
LaTeX Info: Redefining \iota on input line 41.
LaTeX Info: Redefining \rho on input line 41.
LaTeX Info: Redefining \upsilon on input line 41.
LaTeX Info: Redefining \omega on input line 41.

(./_internals/judul_dalam.tex

LaTeX Font Warning: Font shape `TU/ptm/b/n' undefined
(Font)              using `TU/ptm/m/n' instead on input line 15.


LaTeX Font Warning: Font shape `TU/ptm/b/it' undefined
(Font)              using `TU/ptm/b/n' instead on input line 15.

LaTeX Font Info:    Calculating math sizes for size <14> on input line 32.
LaTeX Font Info:    Trying to load font information for OT1+ptmcm on input line
 32.
(/usr/share/texmf-dist/tex/latex/psnfss/ot1ptmcm.fd
File: ot1ptmcm.fd 2000/01/03 Fontinst v1.801 font definitions for OT1/ptmcm.
)
Package microtype Info: Loading generic protrusion settings for font family
(microtype)             `ptmcm' (encoding: OT1).
(microtype)             For optimal results, create family-specific settings.
(microtype)             See the microtype manual for details.
LaTeX Font Info:    Trying to load font information for OML+ptmcm on input line
 32.

(/usr/share/texmf-dist/tex/latex/psnfss/omlptmcm.fd
File: omlptmcm.fd 2000/01/03 Fontinst v1.801 font definitions for OML/ptmcm.
)
LaTeX Font Info:    Trying to load font information for OMX+psycm on input line
 32.

(/usr/share/texmf-dist/tex/latex/psnfss/omxpsycm.fd
File: omxpsycm.fd 2000/01/03 Fontinst v1.801 font definitions for OMX/psycm.
)
LaTeX Font Info:    Trying to load font information for U+msa on input line 32.


(/usr/share/texmf-dist/tex/latex/amsfonts/umsa.fd
File: umsa.fd 2013/01/14 v3.01 AMS symbols A
)
(/usr/share/texmf-dist/tex/latex/microtype/mt-msa.cfg
File: mt-msa.cfg 2006/02/04 v1.1 microtype config. file: AMS symbols (a) (RS)
)
LaTeX Font Info:    Trying to load font information for U+msb on input line 32.


(/usr/share/texmf-dist/tex/latex/amsfonts/umsb.fd
File: umsb.fd 2013/01/14 v3.01 AMS symbols B
)
(/usr/share/texmf-dist/tex/latex/microtype/mt-msb.cfg
File: mt-msb.cfg 2005/06/01 v1.0 microtype config. file: AMS symbols (b) (RS)
)
(/usr/share/texmf-dist/tex/latex/microtype/mt-cmr.cfg
File: mt-cmr.cfg 2013/05/19 v2.2 microtype config. file: Computer Modern Roman 
(RS)
)
LaTeX Font Info:    Font shape `OT1/ptm/bx/n' in size <14> not available
(Font)              Font shape `OT1/ptm/b/n' tried instead on input line 32.
LaTeX Font Info:    Font shape `OT1/ptm/bx/n' in size <9.79996> not available
(Font)              Font shape `OT1/ptm/b/n' tried instead on input line 32.
LaTeX Font Info:    Font shape `OT1/ptm/bx/n' in size <7> not available
(Font)              Font shape `OT1/ptm/b/n' tried instead on input line 32.
File: _internals/usk_logo.png Graphic file (type bmp)
<_internals/usk_logo.png>


[1

]) (./src/00-front_matter/halaman_pengesahan_proposal.tex
LaTeX Font Info:    Font shape `OT1/ptm/bx/n' in size <12> not available
(Font)              Font shape `OT1/ptm/b/n' tried instead on input line 34.
LaTeX Font Info:    Font shape `OT1/ptm/bx/n' in size <9> not available
(Font)              Font shape `OT1/ptm/b/n' tried instead on input line 34.
)
(./src/00-front_matter/kata_pengantar.tex

[2

]

[3

])
Overfull \hbox (73.79228pt too wide) in paragraph at lines 26--94
[][]
 []



[4] (src/04-tugas_akhir/seminar_proposal.toc

LaTeX Font Warning: Font shape `TU/ptm/m/it' undefined
(Font)              using `TU/ptm/m/n' instead on input line 1.

)
\tf@toc=\write6
\openout6 = `seminar_proposal.toc'.



[5

] (src/04-tugas_akhir/seminar_proposal.lot)
\tf@lot=\write7
\openout7 = `seminar_proposal.lot'.



[6


] (src/04-tugas_akhir/seminar_proposal.lof)
\tf@lof=\write8
\openout8 = `seminar_proposal.lof'.



[7


] (./src/01-body/01-bab1.tex
BAB I.

Package hyperref Warning: Token not allowed in a PDF string (Unicode):
(hyperref)                removing `\uppercase' on input line 2.


Underfull \hbox (badness 1184) in paragraph at lines 7--8
[]\TU/ptm/m/it/12 Perubahan iklim menjadi masalah lingkungan universal diakibat
kan
 []


Underfull \hbox (badness 1062) in paragraph at lines 11--12
[]\TU/ptm/m/it/12 Penelitian menunjukkan bahwa kenaikan SPL di wilayah Indonesi
a,
 []



[1


]

[2]
Underfull \hbox (badness 3058) in paragraph at lines 42--43
\TU/ptm/m/it/12 citra satelit, dan NASA POWER) Kabupaten Aceh Besar untuk
 []



[3]) (./src/01-body/02-bab2.tex

[4]
BAB II.

Package hyperref Warning: Token not allowed in a PDF string (Unicode):
(hyperref)                removing `\uppercase' on input line 10.



[5

]
Missing character: There is no α (U+03B1) in font [lmroman12-regular]:mapping=t
ex-text;!
Missing character: There is no γ (U+03B3) in font [lmroman12-regular]:mapping=t
ex-text;!
Missing character: There is no δ (U+03B4) in font [lmroman12-regular]:mapping=t
ex-text;!


[6]
Underfull \hbox (badness 10000) in paragraph at lines 44--45
[]|\TU/ptm/m/it/12 NoSQL (Non-
 []


Underfull \hbox (badness 4859) in paragraph at lines 46--46
[]|\TU/ptm/m/it/12 Tabel dengan baris dan
 []


Underfull \hbox (badness 6316) in paragraph at lines 48--48
[]|\TU/ptm/m/it/12 Skema tetap dan harus
 []


Underfull \hbox (badness 1158) in paragraph at lines 48--49
\TU/ptm/m/it/12 tetap, lebih fleksibel
 []


Underfull \hbox (badness 10000) in paragraph at lines 48--49
\TU/ptm/m/it/12 dalam menyimpan
 []


Underfull \hbox (badness 10000) in paragraph at lines 50--50
[]|\TU/ptm/m/it/12 SQL (Structured Query
 []


Underfull \hbox (badness 1776) in paragraph at lines 50--50
\TU/ptm/m/it/12 Language) untuk manipu-
 []


Underfull \hbox (badness 10000) in paragraph at lines 50--51
[]|\TU/ptm/m/it/12 Tergantung bahasa
 []


Underfull \hbox (badness 10000) in paragraph at lines 50--51
\TU/ptm/m/it/12 kueri pada tipe
 []


Underfull \hbox (badness 10000) in paragraph at lines 50--51
\TU/ptm/m/it/12 NoSQL (misalnya,
 []


Underfull \hbox (badness 7595) in paragraph at lines 50--51
\TU/ptm/m/it/12 guage, CQL untuk
 []


Underfull \hbox (badness 1107) in paragraph at lines 52--52
\TU/ptm/m/it/12 ingkatan spesifikasi server
 []


Underfull \hbox (badness 5490) in paragraph at lines 54--55
[]|\TU/ptm/m/it/12 Cepat karena tidak
 []


Underfull \hbox (badness 10000) in paragraph at lines 56--57
[]|\TU/ptm/m/it/12 Cocok untuk data
 []


Underfull \hbox (badness 5847) in paragraph at lines 56--57
\TU/ptm/m/it/12 semi-terstruktur dan
 []



[7]
File: assets//pics/rest_api.png Graphic file (type bmp)
<assets//pics/rest_api.png>

Underfull \hbox (badness 2245) in paragraph at lines 67--73
[]\TU/ptm/m/it/12 Representational State Transfer Application Programming Inter
face
 []



[8]

[9]
File: assets//pics/agile_framework.jpg Graphic file (type bmp)
<assets//pics/agile_framework.jpg>


[10]
Overfull \hbox (8.74722pt too wide) in alignment at lines 99--103
 [] [] [] [] 
 []


Overfull \hbox (8.74722pt too wide) in alignment at lines 103--106
 [] [] [] [] 
 []


Overfull \hbox (8.74722pt too wide) in alignment at lines 106--108
 [] [] [] [] 
 []


Overfull \hbox (8.74722pt too wide) in alignment at lines 108--110
 [] [] [] [] 
 []


Underfull \hbox (badness 10000) in paragraph at lines 111--111
[]|\TU/ptm/m/it/12 Performance of
 []


Underfull \hbox (badness 6625) in paragraph at lines 111--111
\TU/ptm/m/it/12 for Reconstructing
 []


Underfull \hbox (badness 10000) in paragraph at lines 111--111
\TU/ptm/m/it/12 NDVI Time-Series
 []


Underfull \hbox (badness 10000) in paragraph at lines 111--111
\TU/ptm/m/it/12 etation Phenology
 []


Underfull \hbox (badness 4819) in paragraph at lines 112--113
[]|\TU/ptm/m/it/12 Evaluasi kinerja berbagai
 []


Underfull \hbox (badness 6876) in paragraph at lines 112--113
\TU/ptm/m/it/12 metode smoothing untuk
 []


Underfull \hbox (badness 10000) in paragraph at lines 112--113
\TU/ptm/m/it/12 rekonstruksi NDVI time-
 []


Underfull \hbox (badness 5533) in paragraph at lines 112--113
\TU/ptm/m/it/12 series dari data MODIS
 []


Underfull \hbox (badness 10000) in paragraph at lines 112--113
\TU/ptm/m/it/12 untuk mengekstrak pa-
 []


Underfull \hbox (badness 6461) in paragraph at lines 112--113
\TU/ptm/m/it/12 rameter fenologi vegetasi.
 []


Underfull \hbox (badness 10000) in paragraph at lines 112--113
\TU/ptm/m/it/12 metode Savitzky-Golay,
 []


Underfull \hbox (badness 2486) in paragraph at lines 112--113
\TU/ptm/m/it/12 LOESS, spline smoothing,
 []


Underfull \hbox (badness 10000) in paragraph at lines 112--113
\TU/ptm/m/it/12 Asymmetric Gaussian,
 []


Underfull \hbox (badness 10000) in paragraph at lines 112--113
\TU/ptm/m/it/12 gunakan data referensi
 []


Underfull \hbox (badness 10000) in paragraph at lines 112--113
\TU/ptm/m/it/12 lapangan serta data el-
 []


Underfull \hbox (badness 10000) in paragraph at lines 112--113
\TU/ptm/m/it/12 evasi sebagai indikator
 []


Underfull \hbox (badness 10000) in paragraph at lines 114--114
\TU/ptm/m/it/12 NDVI time-series
 []


Underfull \hbox (badness 3690) in paragraph at lines 114--114
\TU/ptm/m/it/12 untuk menentukan
 []


Underfull \hbox (badness 7944) in paragraph at lines 114--114
\TU/ptm/m/it/12 metode smoothing
 []


Underfull \hbox (badness 10000) in paragraph at lines 114--114
\TU/ptm/m/it/12 terbaik, namun
 []


Underfull \hbox (badness 7151) in paragraph at lines 114--114
\TU/ptm/m/it/12 data sumber lain
 []


Underfull \hbox (badness 3792) in paragraph at lines 114--114
\TU/ptm/m/it/12 data BMKG, dan
 []


Underfull \hbox (badness 1540) in paragraph at lines 115--115
\TU/ptm/m/it/12 Monitoring Station
 []


Underfull \hbox (badness 3291) in paragraph at lines 115--115
\TU/ptm/m/it/12 and Data Storage
 []


Underfull \hbox (badness 10000) in paragraph at lines 115--115
\TU/ptm/m/it/12 System ([]Llorente,
 []


Underfull \hbox (badness 10000) in paragraph at lines 115--115
[]|\TU/ptm/m/it/12 Implementasi web Auto-
 []


Underfull \hbox (badness 10000) in paragraph at lines 115--115
\TU/ptm/m/it/12 mated Weather Station
 []


Underfull \hbox (badness 10000) in paragraph at lines 115--115
\TU/ptm/m/it/12 (AWS) untuk memantau
 []


Underfull \hbox (badness 1270) in paragraph at lines 115--115
\TU/ptm/m/it/12 kondisi cuaca otomatis di
 []


Underfull \hbox (badness 6380) in paragraph at lines 115--115
\TU/ptm/m/it/12 Filipina. Menggantikan
 []


Underfull \hbox (badness 10000) in paragraph at lines 116--116
[]|\TU/ptm/m/it/12 Berfokus pada
 []


Underfull \hbox (badness 10000) in paragraph at lines 116--116
\TU/ptm/m/it/12 penggunaaan sis-
 []


Underfull \hbox (badness 10000) in paragraph at lines 116--116
\TU/ptm/m/it/12 tem Automated
 []


Underfull \hbox (badness 10000) in paragraph at lines 116--116
\TU/ptm/m/it/12 Weather Station
 []


Underfull \hbox (badness 1331) in paragraph at lines 116--116
\TU/ptm/m/it/12 (AWS) dan modul
 []


Underfull \hbox (badness 10000) in paragraph at lines 116--116
\TU/ptm/m/it/12 cuaca. Peneliti
 []


Underfull \hbox (badness 10000) in paragraph at lines 116--116
\TU/ptm/m/it/12 mengkalibarasi
 []


Underfull \hbox (badness 10000) in paragraph at lines 116--116
\TU/ptm/m/it/12 penulis mem-
 []


Underfull \hbox (badness 10000) in paragraph at lines 116--116
\TU/ptm/m/it/12 persiapkan data
 []


Underfull \hbox (badness 2229) in paragraph at lines 116--116
\TU/ptm/m/it/12 yang tersedia dari
 []


Underfull \hbox (badness 10000) in paragraph at lines 116--116
\TU/ptm/m/it/12 platform, tanpa
 []


Underfull \hbox (badness 10000) in paragraph at lines 116--116
\TU/ptm/m/it/12 melibatkan sensor
 []


Underfull \hbox (badness 10000) in paragraph at lines 117--117
[]|\TU/ptm/m/it/12 Antisipasi Ter-
 []


Underfull \hbox (badness 10000) in paragraph at lines 117--117
\TU/ptm/m/it/12 Global Dengan
 []


Underfull \hbox (badness 1389) in paragraph at lines 117--117
\TU/ptm/m/it/12 Deteksi Dini Suhu
 []


Underfull \hbox (badness 10000) in paragraph at lines 117--117
\TU/ptm/m/it/12 Permukaan Air
 []


Underfull \hbox (badness 10000) in paragraph at lines 117--117
\TU/ptm/m/it/12 Satelit ([]Mulyani,
 []


Underfull \hbox (badness 6625) in paragraph at lines 117--117
[]|\TU/ptm/m/it/12 Deteksi dini SPL meng-
 []


Underfull \hbox (badness 10000) in paragraph at lines 117--117
\TU/ptm/m/it/12 gunakan data satelit
 []


Underfull \hbox (badness 10000) in paragraph at lines 117--117
\TU/ptm/m/it/12 sebagai upaya mengan-
 []


Underfull \hbox (badness 2644) in paragraph at lines 117--117
\TU/ptm/m/it/12 tisipasi pemanasan global.
 []


Underfull \hbox (badness 2293) in paragraph at lines 117--117
\TU/ptm/m/it/12 SPL merupakan indikator
 []


Underfull \hbox (badness 10000) in paragraph at lines 117--117
\TU/ptm/m/it/12 penting dalam dinamika
 []


Underfull \hbox (badness 10000) in paragraph at lines 117--117
\TU/ptm/m/it/12 iklim global, di mana
 []


Underfull \hbox (badness 10000) in paragraph at lines 117--117
\TU/ptm/m/it/12 peningkatannya dapat
 []


Underfull \hbox (badness 10000) in paragraph at lines 117--117
\TU/ptm/m/it/12 menyebabkan perubahan
 []


Underfull \hbox (badness 10000) in paragraph at lines 117--117
\TU/ptm/m/it/12 temporal, memungkinkan
 []


Underfull \hbox (badness 10000) in paragraph at lines 117--117
\TU/ptm/m/it/12 analisis tren perubahan
 []


Underfull \hbox (badness 10000) in paragraph at lines 117--117
\TU/ptm/m/it/12 suhu selama 32 tahun
 []


Underfull \hbox (badness 10000) in paragraph at lines 117--117
[]|\TU/ptm/m/it/12 Penelitian ini
 []


Underfull \hbox (badness 10000) in paragraph at lines 117--117
\TU/ptm/m/it/12 berfokus pada
 []


Underfull \hbox (badness 10000) in paragraph at lines 117--117
\TU/ptm/m/it/12 anomali SPL se-
 []


Underfull \hbox (badness 10000) in paragraph at lines 117--117
\TU/ptm/m/it/12 bagai indikator
 []


Underfull \hbox (badness 10000) in paragraph at lines 117--117
\TU/ptm/m/it/12 penting dalam
 []


Underfull \hbox (badness 10000) in paragraph at lines 117--117
\TU/ptm/m/it/12 menganalisis tren
 []


Underfull \hbox (badness 10000) in paragraph at lines 117--117
\TU/ptm/m/it/12 perubahan suhu,
 []


Underfull \hbox (badness 2245) in paragraph at lines 117--117
\TU/ptm/m/it/12 menggunakan data
 []


Underfull \hbox (badness 10000) in paragraph at lines 117--117
\TU/ptm/m/it/12 Moderate Reso-
 []


Underfull \hbox (badness 10000) in paragraph at lines 117--117
\TU/ptm/m/it/12 lution Imaging
 []


Underfull \hbox (badness 10000) in paragraph at lines 117--117
\TU/ptm/m/it/12 Spectroradiome-
 []


Underfull \hbox (badness 10000) in paragraph at lines 117--117
\TU/ptm/m/it/12 ter (MODIS),
 []


Underfull \hbox (badness 10000) in paragraph at lines 117--117
\TU/ptm/m/it/12 sedangkan penulis
 []


Underfull \hbox (badness 2245) in paragraph at lines 117--117
\TU/ptm/m/it/12 menggunakan data
 []


Underfull \hbox (badness 10000) in paragraph at lines 117--117
\TU/ptm/m/it/12 NDVI, EVI, dan
 []


Underfull \hbox (badness 1314) in paragraph at lines 117--117
\TU/ptm/m/it/12 LSWI dari Google
 []


Underfull \hbox (badness 10000) in paragraph at lines 119--119
[]|\TU/ptm/m/it/12 Analisis tren perubahan
 []


Underfull \hbox (badness 2293) in paragraph at lines 119--119
\TU/ptm/m/it/12 selama periode 2001–2020
 []


Underfull \hbox (badness 6157) in paragraph at lines 119--119
\TU/ptm/m/it/12 melalui pengamatan tren
 []


Underfull \hbox (badness 10000) in paragraph at lines 119--119
\TU/ptm/m/it/12 menggunakan klasifikasi
 []


Underfull \hbox (badness 6559) in paragraph at lines 119--119
\TU/ptm/m/it/12 peningkatan curah hujan
 []


Underfull \hbox (badness 3492) in paragraph at lines 119--119
\TU/ptm/m/it/12 signifikan di dua stasiun
 []


Underfull \hbox (badness 10000) in paragraph at lines 119--119
\TU/ptm/m/it/12 pengamatan (BMKG In-
 []


Underfull \hbox (badness 10000) in paragraph at lines 119--119
\TU/ptm/m/it/12 Bintang) serta tren ke-
 []


Underfull \hbox (badness 2142) in paragraph at lines 119--119
\TU/ptm/m/it/12 naikan suhu udara, yang
 []


Underfull \hbox (badness 10000) in paragraph at lines 119--119
\TU/ptm/m/it/12 curah hujan dan
 []


Underfull \hbox (badness 3386) in paragraph at lines 119--119
\TU/ptm/m/it/12 suhu udara meng-
 []


Underfull \hbox (badness 10000) in paragraph at lines 119--119
\TU/ptm/m/it/12 gunakan 2 data
 []


Underfull \hbox (badness 1412) in paragraph at lines 119--119
\TU/ptm/m/it/12 stasiun BMKG In-
 []


Underfull \hbox (badness 1077) in paragraph at lines 119--119
\TU/ptm/m/it/12 drapuri dan Blang
 []


Underfull \hbox (badness 10000) in paragraph at lines 119--119
\TU/ptm/m/it/12 Bintang, namun
 []


Underfull \hbox (badness 10000) in paragraph at lines 119--119
\TU/ptm/m/it/12 tidak mengimple-
 []


Underfull \hbox (badness 10000) in paragraph at lines 119--119
\TU/ptm/m/it/12 mentasikan sistem
 []


Underfull \hbox (badness 5924) in paragraph at lines 119--119
\TU/ptm/m/it/12 data iklim secara
 []


Underfull \hbox (badness 3098) in paragraph at lines 119--119
\TU/ptm/m/it/12 otomatis, sehingga
 []


Underfull \hbox (badness 10000) in paragraph at lines 119--119
\TU/ptm/m/it/12 pengamatan data
 []


Underfull \hbox (badness 10000) in paragraph at lines 119--119
\TU/ptm/m/it/12 tidak dinamis
 []


Underfull \hbox (badness 10000) in paragraph at lines 119--119
\TU/ptm/m/it/12 dan hanya men-
 []


Underfull \hbox (badness 10000) in paragraph at lines 119--119
\TU/ptm/m/it/12 gandalkan data
 []


Overfull \hbox (8.74722pt too wide) in alignment at lines 110--120
 [] [] [] [] 
 []



[11] [12]) (./src/01-body/03-bab3.tex

[13]
BAB III.

Package hyperref Warning: Token not allowed in a PDF string (Unicode):
(hyperref)                removing `\uppercase' on input line 2.



[14

]
File: assets/pics/bab_iii_alur.png Graphic file (type bmp)
<assets/pics/bab_iii_alur.png>


LaTeX Warning: `h' float specifier changed to `ht'.



[15]

[16])

[17]

[18]
Underfull \hbox (badness 3098) in paragraph at lines 140--140
[][]\TU/ptm/m/it/12 BPS Aceh. (2022). Produksi padi&lt;sup&gt;1&lt;/sup&gt; dan
 be-
 []


Underfull \hbox (badness 10000) in paragraph at lines 140--140
\TU/ptm/m/it/12 ras menurut kabupaten/kota di provinsi aceh, 2022 - tabel
 []


Underfull \hbox (badness 10000) in paragraph at lines 140--140
\TU/ptm/m/it/12 statistik - badan pusat statistik provinsi aceh [[Online; ac-
 []


Underfull \hbox (badness 10000) in paragraph at lines 140--140
\TU/ptm/m/it/12 cessed 2025-03-17]]. []$[][][][][] [] [] [] [][][][] [] [][][] 
[] [][] [] [][] [] [][] [] [][][][][][][][][][][][][][][][][] [] [] []
 []


Underfull \hbox (badness 10000) in paragraph at lines 140--140
[][][][][][][][][][][][][][][][][][][][][][][][][][][][][][][][][][][][][][][][
][][][][][][] []
 []


Overfull \hbox (48.36221pt too wide) in paragraph at lines 140--140
[] [] [][][][][][][][][][][][][][][][][][][][][][][][][][][][][][][][][][][][][
][][][][][][][][][][][][][][][][][][][][][][][][][][][][][][][][][][][][][][][]
[][][][][][][][][][][][][] []
 []


Underfull \hbox (badness 10000) in paragraph at lines 140--140
[][]\TU/ptm/m/it/12 BPS Indonesia. (2024). Luas panen, produksi, dan produk-
 []


Underfull \hbox (badness 10000) in paragraph at lines 140--140
\TU/ptm/m/it/12 tivitas padi menurut provinsi, 2024 [Accessed: 12-Feb-
 []


Underfull \hbox (badness 10000) in paragraph at lines 140--140
\TU/ptm/m/it/12 2025]. []$[][][][][] [] [] [] [][][] [] [][][] [] [][] [] [][] 
[] [][] [] [][][][][][][][][][][][][][][][][] [] [] [] [][][][][][][][] []
 []



[19


]

[20]

Package biblatex Warning: No driver for 'unknown'.
(biblatex)                Using fallback driver on input line 140.


Underfull \hbox (badness 2809) in paragraph at lines 140--140
\TU/ptm/m/it/12 terkait perubahan iklim. PERDULI: Jurnal Pengabdian kepada
 []



[21] (src/04-tugas_akhir/seminar_proposal.aux)
 ***********
LaTeX2e <2024-11-01> patch level 2
L3 programming layer <2025-01-18>
 ***********


LaTeX Font Warning: Some font shapes were not available, defaults substituted.


LaTeX Warning: There were multiply-defined labels.

Package rerunfilecheck Info: File `seminar_proposal.out' has not changed.
(rerunfilecheck)             Checksum: 361D28699E301B97198C9DBCD31F5E44;5599.
Package logreq Info: Writing requests to 'seminar_proposal.run.xml'.
\openout1 = `seminar_proposal.run.xml'.

 ) 
Here is how much of TeX's memory you used:
 37640 strings out of 475848
 709553 string characters out of 5776013
 1676562 words of memory out of 5000000
 59857 multiletter control sequences out of 15000+600000
 579268 words of font info for 98 fonts, out of 8000000 for 9000
 104 hyphenation exceptions out of 8191
 119i,13n,123p,1288b,5218s stack positions out of 10000i,1000n,20000p,200000b,200000s

Output written on src/04-tugas_akhir/seminar_proposal.pdf (28 pages).
