\BOOKMARK [0][-]{Doc-Start}{\376\377\000H\000a\000l\000a\000m\000a\000n\000\040\000J\000u\000d\000u\000l}{}% 1
\BOOKMARK [0][-]{Doc-Start}{\376\377\000H\000a\000l\000a\000m\000a\000n\000\040\000P\000e\000n\000g\000e\000s\000a\000h\000a\000n}{}% 2
\BOOKMARK [0][-]{chapter*.2}{\376\377\000P\000e\000r\000n\000y\000a\000t\000a\000a\000n\000\040\000B\000e\000b\000a\000s\000\040\000P\000l\000a\000g\000i\000a\000s\000i}{}% 3
\BOOKMARK [0][-]{chapter*.4}{\376\377\000S\000u\000r\000a\000t\000\040\000P\000e\000r\000n\000y\000a\000t\000a\000a\000n}{}% 4
\BOOKMARK [0][-]{chapter*.6}{\376\377\000A\000b\000s\000t\000r\000a\000k}{}% 5
\BOOKMARK [0][-]{chapter*.7}{\376\377\000A\000b\000s\000t\000r\000a\000c\000t}{}% 6
\BOOKMARK [0][-]{chapter*.8}{\376\377\000K\000a\000t\000a\000\040\000P\000e\000n\000g\000a\000n\000t\000a\000r}{}% 7
\BOOKMARK [0][-]{Item.9}{\376\377\000D\000a\000f\000t\000a\000r\000\040\000I\000s\000i}{}% 8
\BOOKMARK [0][-]{chapter*.10}{\376\377\000D\000a\000f\000t\000a\000r\000\040\000T\000a\000b\000e\000l}{}% 9
\BOOKMARK [0][-]{chapter*.11}{\376\377\000D\000a\000f\000t\000a\000r\000\040\000G\000a\000m\000b\000a\000r}{}% 10
\BOOKMARK [0][-]{chapter*.12}{\376\377\000D\000a\000f\000t\000a\000r\000\040\000L\000a\000m\000p\000i\000r\000a\000n}{}% 11
\BOOKMARK [0][-]{chapter.1}{\376\377\000P\000E\000N\000D\000A\000H\000U\000L\000U\000A\000N}{}% 12
\BOOKMARK [1][-]{section.1.1}{\376\377\000L\000a\000t\000a\000r\000\040\000B\000e\000l\000a\000k\000a\000n\000g}{chapter.1}% 13
\BOOKMARK [1][-]{section.1.2}{\376\377\000R\000u\000m\000u\000s\000a\000n\000\040\000M\000a\000s\000a\000l\000a\000h}{chapter.1}% 14
\BOOKMARK [1][-]{section.1.3}{\376\377\000T\000u\000j\000u\000a\000n\000\040\000P\000e\000n\000e\000l\000i\000t\000i\000a\000n}{chapter.1}% 15
\BOOKMARK [1][-]{section.1.4}{\376\377\000M\000a\000n\000f\000a\000a\000t\000\040\000P\000e\000n\000e\000l\000i\000t\000i\000a\000n}{chapter.1}% 16
\BOOKMARK [0][-]{chapter.2}{\376\377\000T\000I\000N\000J\000A\000U\000A\000N\000\040\000K\000E\000P\000U\000S\000T\000A\000K\000A\000A\000N}{}% 17
\BOOKMARK [1][-]{section.2.1}{\376\377\000P\000e\000n\000g\000e\000r\000t\000i\000a\000n\000\040\000D\000a\000t\000a}{chapter.2}% 18
\BOOKMARK [1][-]{section.2.2}{\376\377\000D\000a\000t\000a\000\040\000B\000M\000K\000G}{chapter.2}% 19
\BOOKMARK [1][-]{section.2.3}{\376\377\000D\000a\000t\000a\000\040\000N\000A\000S\000A\000\040\000P\000O\000W\000E\000R}{chapter.2}% 20
\BOOKMARK [1][-]{section.2.4}{\376\377\000P\000e\000m\000r\000o\000s\000e\000s\000a\000n\000\040\000D\000a\000t\000a\000\040\000I\000k\000l\000i\000m}{chapter.2}% 21
\BOOKMARK [1][-]{section.2.5}{\376\377\000M\000e\000t\000o\000d\000e\000\040\000S\000m\000o\000o\000t\000h\000i\000n\000g}{chapter.2}% 22
\BOOKMARK [2][-]{subsection.2.5.1}{\376\377\000S\000i\000n\000g\000l\000e\000\040\000e\000x\000p\000o\000n\000e\000n\000t\000i\000a\000l\000\040\000s\000m\000o\000o\000t\000h\000i\000n\000g}{section.2.5}% 23
\BOOKMARK [2][-]{subsection.2.5.2}{\376\377\000D\000o\000u\000b\000l\000e\000\040\000e\000x\000p\000o\000n\000e\000n\000t\000i\000a\000l\000\040\000s\000m\000o\000o\000t\000h\000i\000n\000g}{section.2.5}% 24
\BOOKMARK [2][-]{subsection.2.5.3}{\376\377\000T\000r\000i\000p\000l\000e\000\040\000e\000x\000p\000o\000n\000e\000n\000t\000i\000a\000l\000\040\000s\000m\000o\000o\000t\000h\000i\000n\000g}{section.2.5}% 25
\BOOKMARK [2][-]{subsection.2.5.4}{\376\377\000B\000a\000s\000i\000s\000\040\000C\000u\000b\000i\000c\000\040\000s\000p\000l\000i\000n\000e}{section.2.5}% 26
\BOOKMARK [2][-]{subsection.2.5.5}{\376\377\000E\000x\000p\000o\000n\000e\000n\000t\000i\000a\000l\000l\000y\000\040\000W\000e\000i\000g\000h\000t\000e\000d\000\040\000M\000o\000v\000i\000n\000g\000\040\000A\000v\000e\000r\000a\000g\000e\000\040\000\050\000E\000W\000M\000A\000\051}{section.2.5}% 27
\BOOKMARK [2][-]{subsection.2.5.6}{\376\377\000A\000d\000a\000p\000t\000i\000v\000e\000\040\000e\000x\000p\000o\000n\000e\000n\000t\000i\000a\000l\000\040\000s\000m\000o\000o\000t\000h\000i\000n\000g}{section.2.5}% 28
\BOOKMARK [1][-]{section.2.6}{\376\377\000E\000v\000a\000l\000u\000a\000s\000i\000\040\000K\000u\000a\000l\000i\000t\000a\000s\000\040\000D\000a\000t\000a}{chapter.2}% 29
\BOOKMARK [2][-]{subsection.2.6.1}{\376\377\000G\000e\000n\000e\000r\000a\000l\000i\000z\000e\000d\000\040\000C\000r\000o\000s\000s\000-\000V\000a\000l\000i\000d\000a\000t\000i\000o\000n\000\040\000\050\000G\000C\000V\000\051}{section.2.6}% 30
\BOOKMARK [2][-]{subsection.2.6.2}{\376\377\000T\000r\000e\000n\000d\000\040\000p\000r\000e\000s\000e\000r\000v\000a\000t\000i\000o\000n}{section.2.6}% 31
\BOOKMARK [1][-]{section.2.7}{\376\377\000I\000m\000p\000u\000t\000a\000s\000i\000\040\000D\000a\000t\000a}{chapter.2}% 32
\BOOKMARK [1][-]{section.2.8}{\376\377\000D\000e\000k\000o\000m\000p\000o\000s\000i\000s\000i\000\040\000D\000a\000t\000a}{chapter.2}% 33
\BOOKMARK [1][-]{section.2.9}{\376\377\000D\000B\000M\000S}{chapter.2}% 34
\BOOKMARK [1][-]{section.2.10}{\376\377\000N\000e\000x\000t\000.\000j\000s}{chapter.2}% 35
\BOOKMARK [1][-]{section.2.11}{\376\377\000R\000E\000S\000T\000f\000u\000l\000\040\000A\000P\000I}{chapter.2}% 36
\BOOKMARK [1][-]{section.2.12}{\376\377\000F\000l\000a\000s\000k}{chapter.2}% 37
\BOOKMARK [1][-]{section.2.13}{\376\377\000S\000c\000h\000e\000d\000u\000l\000e\000r\000\040\000P\000e\000m\000r\000o\000s\000e\000s\000a\000n\000\040\000D\000a\000t\000a}{chapter.2}% 38
\BOOKMARK [1][-]{section.2.14}{\376\377\000P\000e\000n\000e\000l\000i\000t\000i\000a\000n\000\040\000T\000e\000r\000k\000a\000i\000t}{chapter.2}% 39
\BOOKMARK [0][-]{chapter.3}{\376\377\000M\000E\000T\000O\000D\000O\000L\000O\000G\000I\000\040\000P\000E\000N\000E\000L\000I\000T\000I\000A\000N}{}% 40
\BOOKMARK [1][-]{section.3.1}{\376\377\000T\000e\000m\000p\000a\000t\000\040\000d\000a\000n\000\040\000W\000a\000k\000t\000u\000\040\000P\000e\000n\000e\000l\000i\000t\000i\000a\000n}{chapter.3}% 41
\BOOKMARK [1][-]{section.3.2}{\376\377\000A\000l\000a\000t\000\040\000d\000a\000n\000\040\000B\000a\000h\000a\000n}{chapter.3}% 42
\BOOKMARK [2][-]{subsection.3.2.1}{\376\377\000P\000e\000r\000a\000n\000g\000k\000a\000t\000\040\000k\000e\000r\000a\000s}{section.3.2}% 43
\BOOKMARK [2][-]{subsection.3.2.2}{\376\377\000P\000e\000r\000a\000n\000g\000k\000a\000t\000\040\000l\000u\000n\000a\000k}{section.3.2}% 44
\BOOKMARK [1][-]{section.3.3}{\376\377\000P\000r\000o\000s\000e\000d\000u\000r\000\040\000P\000e\000n\000e\000l\000i\000t\000i\000a\000n}{chapter.3}% 45
\BOOKMARK [2][-]{subsection.3.3.1}{\376\377\000S\000u\000r\000v\000e\000i\000\040\000k\000u\000e\000s\000i\000o\000n\000e\000r}{section.3.3}% 46
\BOOKMARK [2][-]{subsection.3.3.2}{\376\377\000K\000e\000r\000a\000n\000g\000k\000a\000\040\000k\000e\000r\000j\000a\000\040\000a\000g\000i\000l\000e}{section.3.3}% 47
\BOOKMARK [2][-]{subsection.3.3.3}{\376\377\000A\000n\000a\000l\000i\000s\000a\000\040\000k\000e\000b\000u\000t\000u\000h\000a\000n}{section.3.3}% 48
\BOOKMARK [2][-]{subsection.3.3.4}{\376\377\000P\000e\000r\000a\000n\000c\000a\000n\000g\000a\000n\000\040\000s\000i\000s\000t\000e\000m}{section.3.3}% 49
\BOOKMARK [2][-]{subsection.3.3.5}{\376\377\000P\000e\000n\000g\000u\000j\000i\000a\000n\000\040\000s\000i\000s\000t\000e\000m}{section.3.3}% 50
\BOOKMARK [0][-]{chapter.4}{\376\377\000H\000A\000S\000I\000L\000\040\000D\000A\000N\000\040\000P\000E\000M\000B\000A\000H\000A\000S\000A\000N}{}% 51
\BOOKMARK [1][-]{section.4.1}{\376\377\000H\000a\000s\000i\000l\000\040\000S\000u\000r\000v\000e\000i\000\040\000K\000u\000e\000s\000i\000o\000n\000e\000r\000\040\000P\000e\000t\000a\000n\000i\000\040\000d\000i\000\040\000K\000a\000b\000u\000p\000a\000t\000e\000n\000\040\000A\000c\000e\000h\000\040\000B\000e\000s\000a\000r}{chapter.4}% 52
\BOOKMARK [1][-]{section.4.2}{\376\377\000I\000m\000p\000l\000e\000m\000e\000n\000t\000a\000s\000i}{chapter.4}% 53
\BOOKMARK [2][-]{subsection.4.2.1}{\376\377\000I\000m\000p\000l\000e\000m\000e\000n\000t\000a\000s\000i\000\040\000f\000r\000o\000n\000t\000e\000n\000d}{section.4.2}% 54
\BOOKMARK [2][-]{subsection.4.2.2}{\376\377\000I\000m\000p\000l\000e\000m\000e\000n\000t\000a\000s\000i\000\040\000b\000a\000c\000k\000e\000n\000d}{section.4.2}% 55
\BOOKMARK [2][-]{subsection.4.2.3}{\376\377\000A\000n\000a\000l\000i\000s\000a\000\040\000d\000a\000t\000a\000s\000e\000t}{section.4.2}% 56
\BOOKMARK [2][-]{subsection.4.2.4}{\376\377\000P\000r\000e\000p\000r\000o\000c\000e\000s\000s\000i\000n\000g\000\040\000d\000a\000t\000a\000s\000e\000t}{section.4.2}% 57
\BOOKMARK [1][-]{section.4.3}{\376\377\000D\000e\000p\000l\000o\000y\000m\000e\000n\000t\000\040\000S\000i\000s\000t\000e\000m}{chapter.4}% 58
\BOOKMARK [1][-]{section.4.4}{\376\377\000P\000e\000n\000g\000u\000j\000i\000a\000n\000\040\000S\000i\000s\000t\000e\000m}{chapter.4}% 59
\BOOKMARK [2][-]{subsection.4.4.1}{\376\377\000A\000P\000I\000\040\000I\000n\000t\000e\000g\000r\000a\000t\000i\000o\000n\000\040\000t\000e\000s\000t\000i\000n\000g}{section.4.4}% 60
\BOOKMARK [2][-]{subsection.4.4.2}{\376\377\000P\000e\000n\000g\000u\000j\000i\000a\000n\000\040\000K\000u\000a\000l\000i\000t\000a\000s\000\040\000D\000a\000t\000a}{section.4.4}% 61
\BOOKMARK [1][-]{section.4.5}{\376\377\000A\000n\000a\000l\000i\000s\000i\000s\000\040\000K\000a\000l\000e\000n\000d\000e\000r\000\040\000T\000a\000n\000a\000m\000\040\000d\000a\000r\000i\000\040\000H\000a\000s\000i\000l\000\040\000P\000e\000r\000a\000m\000a\000l\000a\000n}{chapter.4}% 62
\BOOKMARK [2][-]{subsection.4.5.1}{\376\377\000A\000n\000a\000l\000i\000s\000i\000s\000\040\000M\000e\000t\000o\000d\000e\000\040\000H\000o\000l\000t\000-\000W\000i\000n\000t\000e\000r\000s}{section.4.5}% 63
\BOOKMARK [2][-]{subsection.4.5.2}{\376\377\000A\000n\000a\000l\000i\000s\000i\000s\000\040\000M\000e\000t\000o\000d\000e\000\040\000L\000S\000T\000M}{section.4.5}% 64
\BOOKMARK [2][-]{subsection.4.5.3}{\376\377\000P\000e\000r\000b\000a\000n\000d\000i\000n\000g\000a\000n\000\040\000H\000a\000s\000i\000l\000\040\000K\000e\000d\000u\000a\000\040\000M\000e\000t\000o\000d\000e}{section.4.5}% 65
\BOOKMARK [0][-]{chapter.5}{\376\377\000K\000E\000S\000I\000M\000P\000U\000L\000A\000N\000\040\000D\000A\000N\000\040\000S\000A\000R\000A\000N}{}% 66
\BOOKMARK [1][-]{section.5.1}{\376\377\000K\000e\000s\000i\000m\000p\000u\000l\000a\000n}{chapter.5}% 67
\BOOKMARK [1][-]{section.5.2}{\376\377\000S\000a\000r\000a\000n}{chapter.5}% 68
\BOOKMARK [0][-]{Item.63}{\376\377\000D\000A\000F\000T\000A\000R\000\040\000P\000U\000S\000T\000A\000K\000A}{}% 69
\BOOKMARK [0][-]{chapter*.82}{\376\377\000L\000A\000M\000P\000I\000R\000A\000N}{}% 70
