This is pdfTeX, Version 3.141592653-2.6-1.40.29 (TeX Live 2026/Arch Linux) (preloaded format=pdflatex 2026.5.26)  21 JUL 2026 17:55
entering extended mode
 \write18 enabled.
 %&-line parsing enabled.
**skripsi.tex
(./skripsi.tex
LaTeX2e <2025-11-01>
L3 programming layer <2026-01-19>
(./lib/jifhasil-sidang.cls

LaTeX Warning: You have requested document class `lib/jifhasil-sidang',
               but the document class provides `jifhasil'.

Document Class: jifhasil 
(/usr/share/texmf-dist/tex/latex/base/report.cls
Document Class: report 2025/01/22 v1.4n Standard LaTeX document class
(/usr/share/texmf-dist/tex/latex/base/size12.clo
File: size12.clo 2025/01/22 v1.4n Standard LaTeX file (size option)
)
\c@part=\count275
\c@chapter=\count276
\c@section=\count277
\c@subsection=\count278
\c@subsubsection=\count279
\c@paragraph=\count280
\c@subparagraph=\count281
\c@figure=\count282
\c@table=\count283
\abovecaptionskip=\skip49
\belowcaptionskip=\skip50
\bibindent=\dimen148
)
(/usr/share/texmf-dist/tex/generic/babel/babel.sty
Package: babel 2026/02/14 v26.3 The multilingual framework for LuaLaTeX, pdfLaT
eX and XeLaTeX
\babel@savecnt=\count284
LaTeX Encoding Info:    Redeclaring text command \ij (encoding OT1) on input li
ne 2078.
LaTeX Encoding Info:    Redeclaring text command \IJ (encoding OT1) on input li
ne 2080.
LaTeX Encoding Info:    Redeclaring text command \ij (encoding T1) on input lin
e 2082.
LaTeX Encoding Info:    Redeclaring text command \IJ (encoding T1) on input lin
e 2083.
LaTeX Encoding Info:    Ignoring declaration for text command \ij (encoding ?) 
on input line 2084.
LaTeX Encoding Info:    Ignoring declaration for text command \IJ (encoding ?) 
on input line 2086.
LaTeX Encoding Info:    Ignoring declaration for text command \SS (encoding ?) 
on input line 2111.
\U@D=\dimen149
\l@unhyphenated=\language3

(/usr/share/texmf-dist/tex/generic/babel/txtbabel.def)
\bbl@readstream=\read2
\bbl@dirlevel=\count285

(/usr/share/texmf-dist/tex/generic/babel/locale/en/babel-english.tex)
Package babel Info: Importing font and identification data for english
(babel)             from babel-en.ini. Reported on input line 4330.

(/usr/share/texmf-dist/tex/generic/babel-english/english.ldf
Language: english 2017/06/06 v3.3r English support from the babel system
Package babel Info: Hyphen rules for 'british' set to \l@english
(babel)             (\language0). Reported on input line 82.
Package babel Info: Hyphen rules for 'UKenglish' set to \l@english
(babel)             (\language0). Reported on input line 83.
Package babel Info: Hyphen rules for 'canadian' set to \l@english
(babel)             (\language0). Reported on input line 102.
Package babel Info: Hyphen rules for 'australian' set to \l@english
(babel)             (\language0). Reported on input line 105.
Package babel Info: Hyphen rules for 'newzealand' set to \l@english
(babel)             (\language0). Reported on input line 108.
))
(/usr/share/texmf-dist/tex/generic/babel/locale/invalid/babel-bahasa.tex)
Package babel Info: Importing data for bahasa
(babel)             from babel-id.ini. Reported on input line 48.
Package babel Info: Hyphen rules for 'bahasa' set to \l@english
(babel)             (\language0). Reported on input line 48.

(/usr/share/texmf-dist/tex/latex/tools/indentfirst.sty
Package: indentfirst 2023/07/02 v1.03 Indent first paragraph (DPC)
)
(/usr/share/texmf-dist/tex/latex/setspace/setspace.sty
Package: setspace 2022/12/04 v6.7b set line spacing
)
(/usr/share/texmf-dist/tex/latex/base/fontenc.sty
Package: fontenc 2025/07/18 v2.1d Standard LaTeX package
)
(/usr/share/texmf-dist/tex/latex/psnfss/times.sty
Package: times 2020/03/25 PSNFSS-v9.3 (SPQR) 
)
(/usr/share/texmf-dist/tex/latex/graphics/graphicx.sty
Package: graphicx 2024/12/31 v1.2e Enhanced LaTeX Graphics (DPC,SPQR)

(/usr/share/texmf-dist/tex/latex/graphics/keyval.sty
Package: keyval 2022/05/29 v1.15 key=value parser (DPC)
\KV@toks@=\toks17
)
(/usr/share/texmf-dist/tex/latex/graphics/graphics.sty
Package: graphics 2024/08/06 v1.4g Standard LaTeX Graphics (DPC,SPQR)

(/usr/share/texmf-dist/tex/latex/graphics/trig.sty
Package: trig 2023/12/02 v1.11 sin cos tan (DPC)
)
(/usr/share/texmf-dist/tex/latex/graphics-cfg/graphics.cfg
File: graphics.cfg 2016/06/04 v1.11 sample graphics configuration
)
Package graphics Info: Driver file: pdftex.def on input line 106.

(/usr/share/texmf-dist/tex/latex/graphics-def/pdftex.def
File: pdftex.def 2025/09/29 v1.2d Graphics/color driver for pdftex
))
\Gin@req@height=\dimen150
\Gin@req@width=\dimen151
)
(/usr/share/texmf-dist/tex/latex/base/latexsym.sty
Package: latexsym 1998/08/17 v2.2e Standard LaTeX package (lasy symbols)
\symlasy=\mathgroup4
LaTeX Font Info:    Overwriting symbol font `lasy' in version `bold'
(Font)                  U/lasy/m/n --> U/lasy/b/n on input line 52.
)
(/usr/share/texmf-dist/tex/latex/geometry/geometry.sty
Package: geometry 2020/01/02 v5.9 Page Geometry

(/usr/share/texmf-dist/tex/generic/iftex/ifvtex.sty
Package: ifvtex 2019/10/25 v1.7 ifvtex legacy package. Use iftex instead.

(/usr/share/texmf-dist/tex/generic/iftex/iftex.sty
Package: iftex 2024/12/12 v1.0g TeX engine tests
))
\Gm@cnth=\count286
\Gm@cntv=\count287
\c@Gm@tempcnt=\count288
\Gm@bindingoffset=\dimen152
\Gm@wd@mp=\dimen153
\Gm@odd@mp=\dimen154
\Gm@even@mp=\dimen155
\Gm@layoutwidth=\dimen156
\Gm@layoutheight=\dimen157
\Gm@layouthoffset=\dimen158
\Gm@layoutvoffset=\dimen159
\Gm@dimlist=\toks18
)
(/usr/share/texmf-dist/tex/latex/tools/verbatim.sty
Package: verbatim 2024-01-22 v1.5x LaTeX2e package for verbatim enhancements
\every@verbatim=\toks19
\verbatim@line=\toks20
\verbatim@in@stream=\read3
)
(/usr/share/texmf-dist/tex/latex/tools/tabularx.sty
Package: tabularx 2023/12/11 v2.12a `tabularx' package (DPC)

(/usr/share/texmf-dist/tex/latex/tools/array.sty
Package: array 2025/09/25 v2.6n Tabular extension package (FMi)
\col@sep=\dimen160
\ar@mcellbox=\box53
\extrarowheight=\dimen161
\NC@list=\toks21
\extratabsurround=\skip51
\backup@length=\skip52
\ar@cellbox=\box54
)
\TX@col@width=\dimen162
\TX@old@table=\dimen163
\TX@old@col=\dimen164
\TX@target=\dimen165
\TX@delta=\dimen166
\TX@cols=\count289
\TX@ftn=\toks22
)
(/usr/share/texmf-dist/tex/latex/amsmath/amsmath.sty
Package: amsmath 2025/07/09 v2.17z AMS math features
\@mathmargin=\skip53

For additional information on amsmath, use the `?' option.
(/usr/share/texmf-dist/tex/latex/amsmath/amstext.sty
Package: amstext 2024/11/17 v2.01 AMS text

(/usr/share/texmf-dist/tex/latex/amsmath/amsgen.sty
File: amsgen.sty 1999/11/30 v2.0 generic functions
\@emptytoks=\toks23
\ex@=\dimen167
))
(/usr/share/texmf-dist/tex/latex/amsmath/amsbsy.sty
Package: amsbsy 1999/11/29 v1.2d Bold Symbols
\pmbraise@=\dimen168
)
(/usr/share/texmf-dist/tex/latex/amsmath/amsopn.sty
Package: amsopn 2022/04/08 v2.04 operator names
)
\inf@bad=\count290
LaTeX Info: Redefining \frac on input line 233.
\uproot@=\count291
\leftroot@=\count292
LaTeX Info: Redefining \overline on input line 398.
LaTeX Info: Redefining \colon on input line 409.
\classnum@=\count293
\DOTSCASE@=\count294
LaTeX Info: Redefining \ldots on input line 495.
LaTeX Info: Redefining \dots on input line 498.
LaTeX Info: Redefining \cdots on input line 619.
\Mathstrutbox@=\box55
\strutbox@=\box56
LaTeX Info: Redefining \big on input line 721.
LaTeX Info: Redefining \Big on input line 722.
LaTeX Info: Redefining \bigg on input line 723.
LaTeX Info: Redefining \Bigg on input line 724.
\big@size=\dimen169
LaTeX Font Info:    Redeclaring font encoding OML on input line 742.
LaTeX Font Info:    Redeclaring font encoding OMS on input line 743.
\macc@depth=\count295
LaTeX Info: Redefining \bmod on input line 904.
LaTeX Info: Redefining \pmod on input line 909.
LaTeX Info: Redefining \smash on input line 939.
LaTeX Info: Redefining \relbar on input line 969.
LaTeX Info: Redefining \Relbar on input line 970.
\c@MaxMatrixCols=\count296
\dotsspace@=\muskip17
\c@parentequation=\count297
\dspbrk@lvl=\count298
\tag@help=\toks24
\row@=\count299
\column@=\count300
\maxfields@=\count301
\andhelp@=\toks25
\eqnshift@=\dimen170
\alignsep@=\dimen171
\tagshift@=\dimen172
\tagwidth@=\dimen173
\totwidth@=\dimen174
\lineht@=\dimen175
\@envbody=\toks26
\multlinegap=\skip54
\multlinetaggap=\skip55
\mathdisplay@stack=\toks27
LaTeX Info: Redefining \[ on input line 2950.
LaTeX Info: Redefining \] on input line 2951.
)
(/usr/share/texmf-dist/tex/latex/paralist/paralist.sty
Package: paralist 2017/01/22 v2.7 Extended list environments
\pltopsep=\skip56
\plpartopsep=\skip57
\plitemsep=\skip58
\plparsep=\skip59
\pl@lab=\toks28
)
(/usr/share/texmf-dist/tex/latex/enumitem/enumitem.sty
Package: enumitem 2025/02/06 v3.11 Customized lists
\labelindent=\skip60
\enit@outerparindent=\dimen176
\enit@toks=\toks29
\enit@inbox=\box57
\enit@count@id=\count302
\enitdp@description=\count303
)
(/usr/share/texmf-dist/tex/latex/mathtools/mathtools.sty
Package: mathtools 2024/10/04 v1.31 mathematical typesetting tools

(/usr/share/texmf-dist/tex/latex/tools/calc.sty
Package: calc 2025/03/01 v4.3b Infix arithmetic (KKT,FJ)
\calc@Acount=\count304
\calc@Bcount=\count305
\calc@Adimen=\dimen177
\calc@Bdimen=\dimen178
\calc@Askip=\skip61
\calc@Bskip=\skip62
LaTeX Info: Redefining \setlength on input line 86.
LaTeX Info: Redefining \addtolength on input line 87.
\calc@Ccount=\count306
\calc@Cskip=\skip63
)
(/usr/share/texmf-dist/tex/latex/mathtools/mhsetup.sty
Package: mhsetup 2021/03/18 v1.4 programming setup (MH)
)
\g_MT_multlinerow_int=\count307
\l_MT_multwidth_dim=\dimen179
\origjot=\skip64
\l_MT_shortvdotswithinadjustabove_dim=\dimen180
\l_MT_shortvdotswithinadjustbelow_dim=\dimen181
\l_MT_above_intertext_sep=\dimen182
\l_MT_below_intertext_sep=\dimen183
\l_MT_above_shortintertext_sep=\dimen184
\l_MT_below_shortintertext_sep=\dimen185
\xmathstrut@box=\box58
\xmathstrut@dim=\dimen186
)
(/usr/share/texmf-dist/tex/latex/booktabs/booktabs.sty
Package: booktabs 2020/01/12 v1.61803398 Publication quality tables
\heavyrulewidth=\dimen187
\lightrulewidth=\dimen188
\cmidrulewidth=\dimen189
\belowrulesep=\dimen190
\belowbottomsep=\dimen191
\aboverulesep=\dimen192
\abovetopsep=\dimen193
\cmidrulesep=\dimen194
\cmidrulekern=\dimen195
\defaultaddspace=\dimen196
\@cmidla=\count308
\@cmidlb=\count309
\@aboverulesep=\dimen197
\@belowrulesep=\dimen198
\@thisruleclass=\count310
\@lastruleclass=\count311
\@thisrulewidth=\dimen199
)
(/usr/share/texmf-dist/tex/latex/xcolor/xcolor.sty
Package: xcolor 2024/09/29 v3.02 LaTeX color extensions (UK)

(/usr/share/texmf-dist/tex/latex/graphics-cfg/color.cfg
File: color.cfg 2016/01/02 v1.6 sample color configuration
)
Package xcolor Info: Driver file: pdftex.def on input line 274.

(/usr/share/texmf-dist/tex/latex/graphics/mathcolor.ltx)
Package xcolor Info: Model `cmy' substituted by `cmy0' on input line 1349.
Package xcolor Info: Model `hsb' substituted by `rgb' on input line 1353.
Package xcolor Info: Model `RGB' extended on input line 1365.
Package xcolor Info: Model `HTML' substituted by `rgb' on input line 1367.
Package xcolor Info: Model `Hsb' substituted by `hsb' on input line 1368.
Package xcolor Info: Model `tHsb' substituted by `hsb' on input line 1369.
Package xcolor Info: Model `HSB' substituted by `hsb' on input line 1370.
Package xcolor Info: Model `Gray' substituted by `gray' on input line 1371.
Package xcolor Info: Model `wave' substituted by `hsb' on input line 1372.
)
(/usr/share/texmf-dist/tex/latex/graphics/dvipsnam.def
File: dvipsnam.def 2016/06/17 v3.0m Driver-dependent file (DPC,SPQR)
)
(/usr/share/texmf-dist/tex/latex/colortbl/colortbl.sty
Package: colortbl 2024/10/29 v1.0k Color table columns (DPC)
\everycr=\toks30
\minrowclearance=\skip65
\rownum=\count312
)
(/usr/share/texmf-dist/tex/latex/multirow/multirow.sty
Package: multirow 2024/11/12 v2.9 Span multiple rows of a table
\multirow@colwidth=\skip66
\multirow@cntb=\count313
\multirow@dima=\skip67
\bigstrutjot=\dimen256
)
(/usr/share/texmf-dist/tex/latex/tools/multicol.sty
Package: multicol 2025/10/21 v2.0b multicolumn formatting (FMi)
\c@tracingmulticols=\count314
\mult@box=\box59
\multicol@leftmargin=\dimen257
\c@unbalance=\count315
\c@collectmore=\count316
\doublecol@number=\count317
\multicoltolerance=\count318
\multicolpretolerance=\count319
\full@width=\dimen258
\page@free=\dimen259
\premulticols=\dimen260
\postmulticols=\dimen261
\multicolsep=\skip68
\multicolbaselineskip=\skip69
\partial@page=\box60
\last@line=\box61
\mc@boxedresult=\box62
\maxbalancingoverflow=\dimen262
\mult@rightbox=\box63
\mult@grightbox=\box64
\mult@firstbox=\box65
\mult@gfirstbox=\box66
\@tempa=\box67
\@tempa=\box68
\@tempa=\box69
\@tempa=\box70
\@tempa=\box71
\@tempa=\box72
\@tempa=\box73
\@tempa=\box74
\@tempa=\box75
\@tempa=\box76
\@tempa=\box77
\@tempa=\box78
\@tempa=\box79
\@tempa=\box80
\@tempa=\box81
\@tempa=\box82
\@tempa=\box83
\@tempa=\box84
\@tempa=\box85
\@tempa=\box86
\@tempa=\box87
\@tempa=\box88
\@tempa=\box89
\@tempa=\box90
\@tempa=\box91
\@tempa=\box92
\@tempa=\box93
\@tempa=\box94
\@tempa=\box95
\@tempa=\box96
\@tempa=\box97
\@tempa=\box98
\@tempa=\box99
\@tempa=\box100
\@tempa=\box101
\@tempa=\box102
\c@minrows=\count320
\c@columnbadness=\count321
\c@finalcolumnbadness=\count322
\last@try=\dimen263
\multicolovershoot=\dimen264
\multicolundershoot=\dimen265
\mult@nat@firstbox=\box103
\colbreak@box=\box104
\mc@col@check@num=\count323
\g__mc_curr_col_int=\count324
)
(/usr/share/texmf-dist/tex/latex/float/float.sty
Package: float 2001/11/08 v1.3d Float enhancements (AL)
\c@float@type=\count325
\float@exts=\toks31
\float@box=\box105
\@float@everytoks=\toks32
\@floatcapt=\box106
)
(/usr/share/texmf-dist/tex/latex/ragged2e/ragged2e.sty
Package: ragged2e 2023/06/22 v3.6 ragged2e Package
\CenteringLeftskip=\skip70
\RaggedLeftLeftskip=\skip71
\RaggedRightLeftskip=\skip72
\CenteringRightskip=\skip73
\RaggedLeftRightskip=\skip74
\RaggedRightRightskip=\skip75
\CenteringParfillskip=\skip76
\RaggedLeftParfillskip=\skip77
\RaggedRightParfillskip=\skip78
\JustifyingParfillskip=\skip79
\CenteringParindent=\skip80
\RaggedLeftParindent=\skip81
\RaggedRightParindent=\skip82
\JustifyingParindent=\skip83
)
(/usr/share/texmf-dist/tex/latex/amsfonts/amssymb.sty
Package: amssymb 2013/01/14 v3.01 AMS font symbols

(/usr/share/texmf-dist/tex/latex/amsfonts/amsfonts.sty
Package: amsfonts 2013/01/14 v3.01 Basic AMSFonts support
\symAMSa=\mathgroup5
\symAMSb=\mathgroup6
LaTeX Font Info:    Redeclaring math symbol \hbar on input line 98.
LaTeX Font Info:    Overwriting math alphabet `\mathfrak' in version `bold'
(Font)                  U/euf/m/n --> U/euf/b/n on input line 106.
))
(/usr/share/texmf-dist/tex/latex/siunitx/siunitx.sty
Package: siunitx 2025-07-09 v3.4.14 A comprehensive (SI) units package
\l__siunitx_number_uncert_offset_int=\count326
\l__siunitx_number_exponent_fixed_int=\count327
\l__siunitx_number_min_decimal_int=\count328
\l__siunitx_number_min_integer_int=\count329
\l__siunitx_number_round_precision_int=\count330
\l__siunitx_number_lower_threshold_int=\count331
\l__siunitx_number_upper_threshold_int=\count332
\l__siunitx_number_group_first_int=\count333
\l__siunitx_number_group_size_int=\count334
\l__siunitx_number_group_minimum_int=\count335
\l__siunitx_angle_tmp_dim=\dimen266
\l__siunitx_angle_marker_box=\box107
\l__siunitx_angle_unit_box=\box108
\l__siunitx_compound_count_int=\count336

(/usr/share/texmf-dist/tex/latex/translations/translations.sty
Package: translations 2022/02/05 v1.12 internationalization of LaTeX2e packages
 (CN)

(/usr/share/texmf-dist/tex/latex/etoolbox/etoolbox.sty
Package: etoolbox 2025/10/02 v2.5m e-TeX tools for LaTeX (JAW)
\etb@tempcnta=\count337
)
(/usr/share/texmf-dist/tex/generic/pdftexcmds/pdftexcmds.sty
Package: pdftexcmds 2020-06-27 v0.33 Utility functions of pdfTeX for LuaTeX (HO
)

(/usr/share/texmf-dist/tex/generic/infwarerr/infwarerr.sty
Package: infwarerr 2019/12/03 v1.5 Providing info/warning/error messages (HO)
)
(/usr/share/texmf-dist/tex/generic/ltxcmds/ltxcmds.sty
Package: ltxcmds 2023-12-04 v1.26 LaTeX kernel commands for general use (HO)
)
Package pdftexcmds Info: \pdf@primitive is available.
Package pdftexcmds Info: \pdf@ifprimitive is available.
Package pdftexcmds Info: \pdfdraftmode found.
))
\l__siunitx_table_tmp_box=\box109
\l__siunitx_table_tmp_dim=\dimen267
\l__siunitx_table_column_width_dim=\dimen268
\l__siunitx_table_integer_box=\box110
\l__siunitx_table_decimal_box=\box111
\l__siunitx_table_uncert_box=\box112
\l__siunitx_table_before_box=\box113
\l__siunitx_table_after_box=\box114
\l__siunitx_table_before_dim=\dimen269
\l__siunitx_table_carry_dim=\dimen270
\l__siunitx_unit_tmp_int=\count338
\l__siunitx_unit_position_int=\count339
\l__siunitx_unit_total_int=\count340
)
(/usr/share/texmf-dist/tex/latex/changepage/changepage.sty
Package: changepage 2009/10/20 v1.0c check page and change page layout
\c@cp@cntr=\count341
\cp@tempcnt=\count342
)
(/usr/share/texmf-dist/tex/latex/tocloft/tocloft.sty
Package: tocloft 2017/08/31 v2.3i parameterised ToC, etc., typesetting
Package tocloft Info: The document has chapter divisions on input line 51.
\cftparskip=\skip84
\cftbeforetoctitleskip=\skip85
\cftaftertoctitleskip=\skip86
\cftbeforepartskip=\skip87
\cftpartnumwidth=\skip88
\cftpartindent=\skip89
\cftbeforechapskip=\skip90
\cftchapindent=\skip91
\cftchapnumwidth=\skip92
\cftbeforesecskip=\skip93
\cftsecindent=\skip94
\cftsecnumwidth=\skip95
\cftbeforesubsecskip=\skip96
\cftsubsecindent=\skip97
\cftsubsecnumwidth=\skip98
\cftbeforesubsubsecskip=\skip99
\cftsubsubsecindent=\skip100
\cftsubsubsecnumwidth=\skip101
\cftbeforeparaskip=\skip102
\cftparaindent=\skip103
\cftparanumwidth=\skip104
\cftbeforesubparaskip=\skip105
\cftsubparaindent=\skip106
\cftsubparanumwidth=\skip107
\cftbeforeloftitleskip=\skip108
\cftafterloftitleskip=\skip109
\cftbeforefigskip=\skip110
\cftfigindent=\skip111
\cftfignumwidth=\skip112
\c@lofdepth=\count343
\c@lotdepth=\count344
\cftbeforelottitleskip=\skip113
\cftafterlottitleskip=\skip114
\cftbeforetabskip=\skip115
\cfttabindent=\skip116
\cfttabnumwidth=\skip117
)
(/usr/share/texmf-dist/tex/latex/natbib/natbib.sty
Package: natbib 2010/09/13 8.31b (PWD, AO)
\bibhang=\skip118
\bibsep=\skip119
LaTeX Info: Redefining \cite on input line 694.
\c@NAT@ctr=\count345
)
(/usr/share/texmf-dist/tex/latex/fancyhdr/fancyhdr.sty
Package: fancyhdr 2025/02/07 v5.2 Extensive control of page headers and footers

\f@nch@headwidth=\skip120
\f@nch@offset@elh=\skip121
\f@nch@offset@erh=\skip122
\f@nch@offset@olh=\skip123
\f@nch@offset@orh=\skip124
\f@nch@offset@elf=\skip125
\f@nch@offset@erf=\skip126
\f@nch@offset@olf=\skip127
\f@nch@offset@orf=\skip128
\f@nch@height=\skip129
\f@nch@footalignment=\skip130
\f@nch@widthL=\skip131
\f@nch@widthC=\skip132
\f@nch@widthR=\skip133
\@temptokenb=\toks33
))
(./include/settings.tex)

LaTeX Warning: \include should only be used after \begin{document} on input lin
e 38.

(./language/hype.indonesia.tex)
(/usr/share/texmf-dist/tex/latex/caption/caption.sty
Package: caption 2023/08/05 v3.6o Customizing captions (AR)

(/usr/share/texmf-dist/tex/latex/caption/caption3.sty
Package: caption3 2023/07/31 v2.4d caption3 kernel (AR)
\caption@tempdima=\dimen271
\captionmargin=\dimen272
\caption@leftmargin=\dimen273
\caption@rightmargin=\dimen274
\caption@width=\dimen275
\caption@indent=\dimen276
\caption@parindent=\dimen277
\caption@hangindent=\dimen278
Package caption Info: Standard document class detected.
)
\c@caption@flags=\count346
\c@continuedfloat=\count347
Package caption Info: changepage package is loaded.
\caption@adjustwidth@hsize=\dimen279
\caption@adjustwidth@linewidth=\dimen280
Package caption Info: float package is loaded.
)
\c@appendices=\count348
\cftbeforeappendicesskip=\skip134
\cftappendicesindent=\skip135
\cftappendicesnumwidth=\skip136
\c@apcdepth=\count349
\cftbeforeapctitleskip=\skip137
\cftafterapctitleskip=\skip138

(/usr/share/texmf-dist/tex/latex/hyperref/hyperref.sty
Package: hyperref 2026-01-29 v7.01p Hypertext links for LaTeX

(/usr/share/texmf-dist/tex/latex/kvsetkeys/kvsetkeys.sty
Package: kvsetkeys 2022-10-05 v1.19 Key value parser (HO)
)
(/usr/share/texmf-dist/tex/generic/kvdefinekeys/kvdefinekeys.sty
Package: kvdefinekeys 2019-12-19 v1.6 Define keys (HO)
)
(/usr/share/texmf-dist/tex/generic/pdfescape/pdfescape.sty
Package: pdfescape 2019/12/09 v1.15 Implements pdfTeX's escape features (HO)
)
(/usr/share/texmf-dist/tex/latex/hycolor/hycolor.sty
Package: hycolor 2020-01-27 v1.10 Color options for hyperref/bookmark (HO)
)
(/usr/share/texmf-dist/tex/latex/hyperref/nameref.sty
Package: nameref 2026-01-29 v2.58 Cross-referencing by name of section

(/usr/share/texmf-dist/tex/latex/refcount/refcount.sty
Package: refcount 2019/12/15 v3.6 Data extraction from label references (HO)
)
(/usr/share/texmf-dist/tex/generic/gettitlestring/gettitlestring.sty
Package: gettitlestring 2019/12/15 v1.6 Cleanup title references (HO)

(/usr/share/texmf-dist/tex/latex/kvoptions/kvoptions.sty
Package: kvoptions 2022-06-15 v3.15 Key value format for package options (HO)
))
\c@section@level=\count350
)
(/usr/share/texmf-dist/tex/generic/stringenc/stringenc.sty
Package: stringenc 2019/11/29 v1.12 Convert strings between diff. encodings (HO
)
)
\@linkdim=\dimen281
\Hy@linkcounter=\count351
\Hy@pagecounter=\count352

(/usr/share/texmf-dist/tex/latex/hyperref/pd1enc.def
File: pd1enc.def 2026-01-29 v7.01p Hyperref: PDFDocEncoding definition (HO)
Now handling font encoding PD1 ...
... no UTF-8 mapping file for font encoding PD1
)
(/usr/share/texmf-dist/tex/generic/intcalc/intcalc.sty
Package: intcalc 2019/12/15 v1.3 Expandable calculations with integers (HO)
)
\Hy@SavedSpaceFactor=\count353

(/usr/share/texmf-dist/tex/latex/hyperref/puenc.def
File: puenc.def 2026-01-29 v7.01p Hyperref: PDF Unicode definition (HO)
Now handling font encoding PU ...
... no UTF-8 mapping file for font encoding PU
)
Package hyperref Info: Hyper figures OFF on input line 4201.
Package hyperref Info: Link nesting OFF on input line 4206.
Package hyperref Info: Hyper index ON on input line 4209.
Package hyperref Info: Plain pages OFF on input line 4216.
Package hyperref Info: Backreferencing OFF on input line 4221.
Package hyperref Info: Implicit mode ON; LaTeX internals redefined.
Package hyperref Info: Bookmarks ON on input line 4468.
\c@Hy@tempcnt=\count354

(/usr/share/texmf-dist/tex/latex/url/url.sty
\Urlmuskip=\muskip18
Package: url 2013/09/16  ver 3.4  Verb mode for urls, etc.
)
LaTeX Info: Redefining \url on input line 4807.
\XeTeXLinkMargin=\dimen282

(/usr/share/texmf-dist/tex/generic/bitset/bitset.sty
Package: bitset 2019/12/09 v1.3 Handle bit-vector datatype (HO)

(/usr/share/texmf-dist/tex/generic/bigintcalc/bigintcalc.sty
Package: bigintcalc 2019/12/15 v1.5 Expandable calculations on big integers (HO
)
))
\Fld@menulength=\count355
\Field@Width=\dimen283
\Fld@charsize=\dimen284
Package hyperref Info: Hyper figures OFF on input line 6084.
Package hyperref Info: Link nesting OFF on input line 6089.
Package hyperref Info: Hyper index ON on input line 6092.
Package hyperref Info: backreferencing OFF on input line 6099.
Package hyperref Info: Link coloring OFF on input line 6104.
Package hyperref Info: Link coloring with OCG OFF on input line 6109.
Package hyperref Info: PDF/A mode OFF on input line 6114.
\Hy@abspage=\count356
\c@Item=\count357
\c@Hfootnote=\count358
)
Package hyperref Info: Driver (autodetected): hpdftex.

(/usr/share/texmf-dist/tex/latex/hyperref/hpdftex.def
File: hpdftex.def 2026-01-29 v7.01p Hyperref driver for pdfTeX
\Fld@listcount=\count359
\c@bookmark@seq@number=\count360

(/usr/share/texmf-dist/tex/latex/rerunfilecheck/rerunfilecheck.sty
Package: rerunfilecheck 2025-06-21 v1.11 Rerun checks for auxiliary files (HO)

(/usr/share/texmf-dist/tex/generic/uniquecounter/uniquecounter.sty
Package: uniquecounter 2019/12/15 v1.4 Provide unlimited unique counter (HO)
)
Package uniquecounter Info: New unique counter `rerunfilecheck' on input line 2
84.
)
\Hy@SectionHShift=\skip139
)
\mylenf=\skip140

(/usr/share/texmf-dist/tex/latex/titlesec/titlesec.sty
Package: titlesec 2025/01/04 v2.17 Sectioning titles
\ttl@box=\box115
\beforetitleunit=\skip141
\aftertitleunit=\skip142
\ttl@plus=\dimen285
\ttl@minus=\dimen286
\ttl@toksa=\toks34
\titlewidth=\dimen287
\titlewidthlast=\dimen288
\titlewidthfirst=\dimen289


Package titlesec Warning: Non standard sectioning command \paragraph
(titlesec)                detected. Using default spacing and no format.

) (/usr/share/texmf-dist/tex/latex/caption/subcaption.sty
Package: subcaption 2023/07/28 v1.6b Sub-captions (AR)
Package caption Info: New subtype `subfigure' on input line 238.
\c@subfigure=\count361
Package caption Info: New subtype `subtable' on input line 238.
\c@subtable=\count362
)
(/usr/share/texmf-dist/tex/latex/tools/longtable.sty
Package: longtable 2025-10-13 v4.24 Multi-page Table package (DPC)
\LTleft=\skip143
\LTright=\skip144
\LTpre=\skip145
\LTpost=\skip146
\LTchunksize=\count363
\LTcapwidth=\dimen290
\LT@head=\box116
\LT@firsthead=\box117
\LT@foot=\box118
\LT@lastfoot=\box119
\LT@gbox=\box120
\LT@cols=\count364
\LT@rows=\count365
\c@LT@tables=\count366
\c@LT@chunks=\count367
\LT@p@ftn=\toks35
)
(/usr/share/texmf-dist/tex/latex/pdflscape/pdflscape.sty
Package: pdflscape 2025-06-23 v0.14 Display of landscape pages in PDF

(/usr/share/texmf-dist/tex/latex/pdflscape/pdflscape-nometadata.sty
Package: pdflscape-nometadata 2025-06-23 v0.14 Display of landscape pages in PD
F (HO)

(/usr/share/texmf-dist/tex/latex/graphics/lscape.sty
Package: lscape 2020/05/28 v3.02 Landscape Pages (DPC)
)
Package pdflscape Info: Auto-detected driver: pdftex on input line 81.
))
(/usr/share/texmf-dist/tex/latex/listings/listings.sty
\lst@mode=\count368
\lst@gtempboxa=\box121
\lst@token=\toks36
\lst@length=\count369
\lst@currlwidth=\dimen291
\lst@column=\count370
\lst@pos=\count371
\lst@lostspace=\dimen292
\lst@width=\dimen293
\lst@newlines=\count372
\lst@lineno=\count373
\lst@maxwidth=\dimen294

(/usr/share/texmf-dist/tex/latex/listings/lstpatch.sty
File: lstpatch.sty 2025/11/14 1.11b (Carsten Heinz)
)
(/usr/share/texmf-dist/tex/latex/listings/lstmisc.sty
File: lstmisc.sty 2025/11/14 1.11b (Carsten Heinz)
\c@lstnumber=\count374
\lst@skipnumbers=\count375
\lst@framebox=\box122
)
(/usr/share/texmf-dist/tex/latex/listings/listings.cfg
File: listings.cfg 2025/11/14 1.11b listings configuration
))
Package: listings 2025/11/14 1.11b (Carsten Heinz)

==> First Aid for listings.sty no longer applied!
    Expected:
        2024/09/23 1.10c (Carsten Heinz)
    but found:
        2025/11/14 1.11b (Carsten Heinz)
    so I'm assuming it got fixed.
(/usr/share/texmf-dist/tex/latex/lstaddons/lstautogobble.sty
Package: lstautogobble 2012/05/03 v0.1 Implements 'autogobble' option for 'list
ings'
\lstag@spacecount=\count376
)
(/usr/share/texmf-dist/tex/latex/adjustbox/adjustbox.sty
Package: adjustbox 2025/02/26 v1.3c Adjusting TeX boxes (trim, clip, ...)

(/usr/share/texmf-dist/tex/latex/xkeyval/xkeyval.sty
Package: xkeyval 2025/11/04 v2.10 package option processing (HA)

(/usr/share/texmf-dist/tex/generic/xkeyval/xkeyval.tex
(/usr/share/texmf-dist/tex/generic/xkeyval/xkvutils.tex
\XKV@toks=\toks37
\XKV@tempa@toks=\toks38
\XKV@tempb@toks=\toks39
)
\XKV@depth=\count377
File: xkeyval.tex 2014/12/03 v2.7a key=value parser (HA)
))
(/usr/share/texmf-dist/tex/latex/adjustbox/adjcalc.sty
Package: adjcalc 2012/05/16 v1.1 Provides advanced setlength with multiple back
-ends (calc, etex, pgfmath)
)
(/usr/share/texmf-dist/tex/latex/adjustbox/trimclip.sty
Package: trimclip 2025/02/21 v1.2a Trim and clip general TeX material

(/usr/share/texmf-dist/tex/latex/collectbox/collectbox.sty
Package: collectbox 2022/10/17 v0.4c Collect macro arguments as boxes
\collectedbox=\box123
)
\tc@llx=\dimen295
\tc@lly=\dimen296
\tc@urx=\dimen297
\tc@ury=\dimen298
Package trimclip Info: Using driver 'tc-pdftex.def'.

(/usr/share/texmf-dist/tex/latex/adjustbox/tc-pdftex.def
File: tc-pdftex.def 2025/02/26 v2.3 Clipping driver for pdftex
))
\adjbox@Width=\dimen299
\adjbox@Height=\dimen300
\adjbox@Depth=\dimen301
\adjbox@Totalheight=\dimen302
\adjbox@pwidth=\dimen303
\adjbox@pheight=\dimen304
\adjbox@pdepth=\dimen305
\adjbox@ptotalheight=\dimen306

(/usr/share/texmf-dist/tex/latex/ifoddpage/ifoddpage.sty
Package: ifoddpage 2022/10/18 v1.2 Conditionals for odd/even page detection
\c@checkoddpage=\count378
LaTeX Info: Redefining \checkoddpage on input line 45.
)
(/usr/share/texmf-dist/tex/latex/varwidth/varwidth.sty
Package: varwidth 2009/03/30 ver 0.92;  Variable-width minipages
\@vwid@box=\box124
\sift@deathcycles=\count379
\@vwid@loff=\dimen307
\@vwid@roff=\dimen308
)
==> First Aid for varwidth.sty applied!
) (/usr/share/texmf-dist/tex/latex/fancybox/fancybox.sty
Package: fancybox 2010/05/15 1.4

Style option: `fancybox' v1.4 <2010/05/15> (tvz)
\@fancybox=\box125
\shadowsize=\dimen309
\@Sbox=\box126
\do@VerbBox=\toks40
\the@fancyput=\toks41
\this@fancyput=\toks42
\EndVerbatimTokens=\toks43
\Verbatim@Outfile=\write3
\Verbatim@Infile=\read4
) (/usr/share/texmf-dist/tex/latex/microtype/microtype.sty
Package: microtype 2026/03/01 v3.2d Micro-typographical refinements (RS)
\MT@toks=\toks44
\MT@tempbox=\box127
\MT@count=\count380
LaTeX Info: Redefining \noprotrusionifhmode on input line 1084.
LaTeX Info: Redefining \leftprotrusion on input line 1085.
\MT@prot@toks=\toks45
LaTeX Info: Redefining \rightprotrusion on input line 1104.
LaTeX Info: Redefining \textls on input line 1449.
\MT@outer@kern=\dimen310
LaTeX Info: Redefining \microtypecontext on input line 2053.
LaTeX Info: Redefining \textmicrotypecontext on input line 2070.
\MT@listname@count=\count381

(/usr/share/texmf-dist/tex/latex/microtype/microtype-pdftex.def
File: microtype-pdftex.def 2026/03/01 v3.2d Definitions specific to pdftex (RS)

LaTeX Info: Redefining \lsstyle on input line 944.
LaTeX Info: Redefining \lslig on input line 944.
\MT@outer@space=\skip147
)
Package microtype Info: Loading configuration file microtype.cfg.

(/usr/share/texmf-dist/tex/latex/microtype/microtype.cfg
File: microtype.cfg 2026/03/01 v3.2d microtype main configuration file (RS)
)
LaTeX Info: Redefining \microtypesetup on input line 3065.
)
(/usr/share/texmf-dist/tex/generic/ulem/ulem.sty
\UL@box=\box128
\UL@hyphenbox=\box129
\UL@skip=\skip148
\UL@hook=\toks46
\UL@height=\dimen311
\UL@pe=\count382
\UL@pixel=\dimen312
\ULC@box=\box130
Package: ulem 2019/11/18
\ULdepth=\dimen313
)

LaTeX Warning: \include should only be used after \begin{document} on input lin
e 175.

No file sampul-depan.
(/usr/share/texmf-dist/tex/latex/graphics/rotating.sty
Package: rotating 2025/01/14 v2.16e rotated objects in LaTeX

(/usr/share/texmf-dist/tex/latex/base/ifthen.sty
Package: ifthen 2024/03/16 v1.1e Standard LaTeX ifthen package (DPC)
)
\c@r@tfl@t=\count383
\rotFPtop=\skip149
\rotFPbot=\skip150
\rot@float@box=\box131
\rot@mess@toks=\toks47
)
\cftbeforelistingsskip=\skip151
\cftlistingsindent=\skip152
\cftlistingsnumwidth=\skip153
\cftbeforeloltitleskip=\skip154
\cftafterloltitleskip=\skip155

(/usr/share/texmf-dist/tex/latex/pdfpages/pdfpages.sty
Package: pdfpages 2025/07/23 v0.6g Insert pages of external PDF documents (AM)

(/usr/share/texmf-dist/tex/latex/eso-pic/eso-pic.sty
Package: eso-pic 2025/12/10 v3.0d eso-pic (RN)
\ESO@tempdima=\dimen314
\ESO@tempdimb=\dimen315
)
\AM@pagewidth=\dimen316
\AM@pageheight=\dimen317
\AM@fboxrule=\dimen318

(/usr/share/texmf-dist/tex/latex/pdfpages/pppdftex.def
File: pppdftex.def 2025/07/23 v0.6g Pdfpages driver for pdfTeX (AM)
)
\pdfpages@includegraphics@status=\count384
\AM@pagebox=\box132
\AM@global@opts=\toks48
\AM@pagecnt=\count385
\AM@toc@title=\toks49
\AM@lof@heading=\toks50
\c@AM@survey=\count386
\AM@templatesizebox=\box133
)
LaTeX Font Info:    Trying to load font information for T1+ptm on input line 20
2.

(/usr/share/texmf-dist/tex/latex/psnfss/t1ptm.fd
File: t1ptm.fd 2001/06/04 font definitions for T1/ptm.
)
(/usr/share/texmf-dist/tex/latex/l3backend/l3backend-pdftex.def
File: l3backend-pdftex.def 2025-10-09 L3 backend support: PDF output (pdfTeX)
\l__color_backend_stack_int=\count387
) (./skripsi.aux (./include/bebas-plagiasi.aux) (./include/surat-pernyataan.aux
)
(./include/abstrak-indonesia.aux) (./include/abstrak-english.aux)
(./include/kata-pengantar.aux) (./include/daftar-singkatan.aux)
(./include/bab1.aux) (./include/bab2.aux) (./include/bab3.aux)
(./include/bab4.aux) (./include/bab5.aux) (./include/lampiran.aux))
\openout1 = `skripsi.aux'.

LaTeX Font Info:    Checking defaults for OML/cmm/m/it on input line 202.
LaTeX Font Info:    ... okay on input line 202.
LaTeX Font Info:    Checking defaults for OMS/cmsy/m/n on input line 202.
LaTeX Font Info:    ... okay on input line 202.
LaTeX Font Info:    Checking defaults for OT1/cmr/m/n on input line 202.
LaTeX Font Info:    ... okay on input line 202.
LaTeX Font Info:    Checking defaults for T1/cmr/m/n on input line 202.
LaTeX Font Info:    ... okay on input line 202.
LaTeX Font Info:    Checking defaults for TS1/cmr/m/n on input line 202.
LaTeX Font Info:    ... okay on input line 202.
LaTeX Font Info:    Checking defaults for OMX/cmex/m/n on input line 202.
LaTeX Font Info:    ... okay on input line 202.
LaTeX Font Info:    Checking defaults for U/cmr/m/n on input line 202.
LaTeX Font Info:    ... okay on input line 202.
LaTeX Font Info:    Checking defaults for PD1/pdf/m/n on input line 202.
LaTeX Font Info:    ... okay on input line 202.
LaTeX Font Info:    Checking defaults for PU/pdf/m/n on input line 202.
LaTeX Font Info:    ... okay on input line 202.

(/usr/share/texmf-dist/tex/context/base/mkii/supp-pdf.mkii
[Loading MPS to PDF converter (version 2006.09.02).]
\scratchcounter=\count388
\scratchdimen=\dimen319
\scratchbox=\box134
\nofMPsegments=\count389
\nofMParguments=\count390
\everyMPshowfont=\toks51
\MPscratchCnt=\count391
\MPscratchDim=\dimen320
\MPnumerator=\count392
\makeMPintoPDFobject=\count393
\everyMPtoPDFconversion=\toks52
) (/usr/share/texmf-dist/tex/latex/epstopdf-pkg/epstopdf-base.sty
Package: epstopdf-base 2020-01-24 v2.11 Base part for package epstopdf
Package epstopdf-base Info: Redefining graphics rule for `.eps' on input line 4
85.

(/usr/share/texmf-dist/tex/latex/latexconfig/epstopdf-sys.cfg
File: epstopdf-sys.cfg 2010/07/13 v1.3 Configuration of (r)epstopdf for TeX Liv
e
))
*geometry* driver: auto-detecting
*geometry* detected driver: pdftex
*geometry* verbose mode - [ preamble ] result:
* driver: pdftex
* paper: a4paper
* layout: <same size as paper>
* layoutoffset:(h,v)=(0.0pt,0.0pt)
* modes: 
* h-part:(L,W,R)=(99.58464pt, 412.56497pt, 85.35826pt)
* v-part:(T,H,B)=(85.35826pt, 674.33032pt, 85.35826pt)
* \paperwidth=597.50787pt
* \paperheight=845.04684pt
* \textwidth=406.87448pt
* \textheight=625.96062pt
* \oddsidemargin=41.54121pt
* \evensidemargin=41.54121pt
* \topmargin=-25.6073pt
* \headheight=12.0pt
* \headsep=20.0pt
* \topskip=5.1654pt
* \footskip=20.0pt
* \marginparwidth=0.0pt
* \marginparsep=0.0pt
* \columnsep=10.0pt
* \skip\footins=10.8pt plus 4.0pt minus 2.0pt
* \hoffset=0.0pt
* \voffset=0.0pt
* \mag=1000
* \@twocolumnfalse
* \@twosidefalse
* \@mparswitchfalse
* \@reversemarginfalse
* (1in=72.27pt=25.4mm, 1cm=28.453pt)


(/usr/share/texmf-dist/tex/latex/translations/translations-basic-dictionary-eng
lish.trsl
File: translations-basic-dictionary-english.trsl (english translation file `tra
nslations-basic-dictionary')
)
Package translations Info: loading dictionary `translations-basic-dictionary' f
or `english'. on input line 202.
Package caption Info: Begin \AtBeginDocument code.
Package caption Info: hyperref package is loaded.
Package caption Info: listings package is loaded.
Package caption Info: longtable package is loaded.
 (/usr/share/texmf-dist/tex/latex/caption/ltcaption.sty
Package: ltcaption 2021/01/08 v1.4c longtable captions (AR)
)
Package caption Info: rotating package is loaded.
Package caption Info: End \AtBeginDocument code.
Package hyperref Info: Link coloring OFF on input line 202.

(./skripsi.out) (./skripsi.out)
\@outlinefile=\write4
\openout4 = `skripsi.out'.

\c@lstlisting=\count394
Package microtype Info: Patching varwidth to enable character protrusion.
\MT@vwid@leftmargin=\dimen321
\MT@vwid@rightmargin=\dimen322
LaTeX Info: Redefining \microtypecontext on input line 202.
Package microtype Info: Applying patch `item' on input line 202.
Package microtype Info: Applying patch `toc' on input line 202.
Package microtype Info: Applying patch `eqnum' on input line 202.
Package microtype Info: Applying patch `footnote' on input line 202.
Package microtype Info: Applying patch `verbatim' on input line 202.
LaTeX Info: Redefining \microtypesetup on input line 202.
Package microtype Info: Generating PDF output.
Package microtype Info: Character protrusion enabled (level 2).
Package microtype Info: Using default protrusion set `alltext'.
Package microtype Info: Automatic font expansion enabled (level 2),
(microtype)             stretch: 20, shrink: 20, step: 1, non-selected.
Package microtype Info: Using default expansion set `alltext-nott'.
Package microtype Info: Patching command `\showhyphens'.
Package microtype Info: No adjustment of tracking.
Package microtype Info: No adjustment of interword spacing.
Package microtype Info: No adjustment of character kerning.

(/usr/share/texmf-dist/tex/latex/microtype/mt-ptm.cfg
File: mt-ptm.cfg 2006/04/20 v1.7 microtype config. file: Times (RS)
)

Package geometry Warning: `a4paper': not available in `\newgeometry'; skipped.

*geometry* verbose mode - [ newgeometry ] result:
* driver: pdftex
* paper: a4paper
* layout: <same size as paper>
* layoutoffset:(h,v)=(0.0pt,0.0pt)
* modes: 
* h-part:(L,W,R)=(99.58464pt, 412.56497pt, 85.35826pt)
* v-part:(T,H,B)=(85.35826pt, 674.33032pt, 85.35826pt)
* \paperwidth=597.50787pt
* \paperheight=845.04684pt
* \textwidth=412.56497pt
* \textheight=674.33032pt
* \oddsidemargin=27.31465pt
* \evensidemargin=27.31465pt
* \topmargin=-18.91173pt
* \headheight=12.0pt
* \headsep=20.0pt
* \topskip=5.1654pt
* \footskip=20.0pt
* \marginparwidth=0.0pt
* \marginparsep=0.0pt
* \columnsep=10.0pt
* \skip\footins=10.8pt plus 4.0pt minus 2.0pt
* \hoffset=0.0pt
* \voffset=0.0pt
* \mag=1000
* \@twocolumnfalse
* \@twosidefalse
* \@mparswitchfalse
* \@reversemarginfalse
* (1in=72.27pt=25.4mm, 1cm=28.453pt)

LaTeX Font Info:    Calculating math sizes for size <14> on input line 207.
(/usr/share/texmf-dist/tex/latex/microtype/mt-cmr.cfg
File: mt-cmr.cfg 2013/05/19 v2.2 microtype config. file: Computer Modern Roman 
(RS)
)
LaTeX Font Info:    Trying to load font information for U+lasy on input line 20
7.

(/usr/share/texmf-dist/tex/latex/base/ulasy.fd
File: ulasy.fd 1998/08/17 v2.2e LaTeX symbol font definitions
)
LaTeX Font Info:    Trying to load font information for U+msa on input line 207
.

(/usr/share/texmf-dist/tex/latex/amsfonts/umsa.fd
File: umsa.fd 2013/01/14 v3.01 AMS symbols A
)
(/usr/share/texmf-dist/tex/latex/microtype/mt-msa.cfg
File: mt-msa.cfg 2006/02/04 v1.1 microtype config. file: AMS symbols (a) (RS)
)
LaTeX Font Info:    Trying to load font information for U+msb on input line 207
.

(/usr/share/texmf-dist/tex/latex/amsfonts/umsb.fd
File: umsb.fd 2013/01/14 v3.01 AMS symbols B
)
(/usr/share/texmf-dist/tex/latex/microtype/mt-msb.cfg
File: mt-msb.cfg 2005/06/01 v1.0 microtype config. file: AMS symbols (b) (RS)
)
<image/usk_logo.png, id=284, 1015.795pt x 975.645pt>
File: image/usk_logo.png Graphic file (type png)
<use image/usk_logo.png>
Package pdftex.def Info: image/usk_logo.png  used on input line 207.
(pdftex.def)             Requested size: 123.77074pt x 118.87369pt.
 [1


{/var/lib/texmf/fonts/map/pdftex/updmap/pdftex.map}{/usr/share/texmf-dist/fonts
/enc/dvips/base/8r.enc} <./image/usk_logo.png>] [2


]
\openout2 = `include/bebas-plagiasi.aux'.

 (./include/bebas-plagiasi.tex
Overfull \hbox (159.54651pt too wide) in paragraph at lines 9--19
[][] 
 []

)
Overfull \hbox (73.46774pt too wide) in paragraph at lines 32--213
[][] 
 []

[3


]
\openout2 = `include/surat-pernyataan.aux'.

 (./include/surat-pernyataan.tex)
Overfull \hbox (12.17253pt too wide) in paragraph at lines 35--214
[][]
 []


Overfull \hbox (28.43163pt too wide) in paragraph at lines 35--214
[]
 []

[4




]
\openout2 = `include/abstrak-indonesia.aux'.

 (./include/abstrak-indonesia.tex) [5





]
\openout2 = `include/abstrak-english.aux'.

 (./include/abstrak-english.tex)
[6





]
\openout2 = `include/kata-pengantar.aux'.

 (./include/kata-pengantar.tex [7




])
Overfull \hbox (73.46774pt too wide) in paragraph at lines 23--224
[][] 
 []

[8] (./skripsi.toc
Overfull \hbox (0.50574pt too wide) detected at line 48
\T1/ptm/m/n/12 2.10. 
 []


Overfull \hbox (0.50574pt too wide) detected at line 49
\T1/ptm/m/n/12 2.11. 
 []


Overfull \hbox (0.50574pt too wide) detected at line 50
\T1/ptm/m/n/12 2.12. 
 []


Overfull \hbox (0.50574pt too wide) detected at line 51
\T1/ptm/m/n/12 2.13. 
 []


Overfull \hbox (0.50574pt too wide) detected at line 52
\T1/ptm/m/n/12 2.14. 
 []

[9



])
\tf@toc=\write5
\openout5 = `skripsi.toc'.

 [10] (./skripsi.lot)
\tf@lot=\write6
\openout6 = `skripsi.lot'.

 [11

] (./skripsi.lof [12

])
\tf@lof=\write7
\openout7 = `skripsi.lof'.

 [13] (./skripsi.apc)
\tf@apc=\write8
\openout8 = `skripsi.apc'.


[14

]
\openout2 = `include/daftar-singkatan.aux'.

 (./include/daftar-singkatan.tex)
\openout2 = `include/bab1.aux'.

 (./include/bab1.tex
\bbl@ensure@bahasa {BAB} I.
LaTeX Font Info:    Trying to load font information for TS1+ptm on input line 8
.
(/usr/share/texmf-dist/tex/latex/psnfss/ts1ptm.fd
File: ts1ptm.fd 2001/06/04 font definitions for TS1/ptm.
) [1





] [2]) [3]
\openout2 = `include/bab2.aux'.


(./include/bab2.tex
\bbl@ensure@bahasa {BAB} II.
[4




] [5] [6] [7] [8] [9] [10] [11]
<image/bab2/rest_api.png, id=807, 1204.5pt x 844.15375pt>
File: image/bab2/rest_api.png Graphic file (type png)
<use image/bab2/rest_api.png>
Package pdftex.def Info: image/bab2/rest_api.png  used on input line 167.
(pdftex.def)             Requested size: 330.05322pt x 231.3122pt.
 [12] [13 <./image/bab2/rest_api.png>]
[14]
Overfull \hbox (8.74722pt too wide) in alignment at lines 190--196
 [] [] [] [] 
 []


Overfull \hbox (8.74722pt too wide) in alignment at lines 196--202
 [] [] [] [] 
 []


Overfull \hbox (8.74722pt too wide) in alignment at lines 202--206
 [] [] [] [] 
 []


Overfull \hbox (8.74722pt too wide) in alignment at lines 206--209
 [] [] [] [] 
 []


Overfull \hbox (3.34431pt too wide) in paragraph at lines 232--233
\T1/ptm/m/n/12 (-20) mengim-ple-men-tasikan
 []


Overfull \hbox (8.74722pt too wide) in alignment at lines 209--251
 [] [] [] [] 
 []


ignored: Infinite glue shrinkage found in box being split [15]) [16]
\openout2 = `include/bab3.aux'.

 (./include/bab3.tex
\bbl@ensure@bahasa {BAB} III.

Underfull \hbox (badness 10000) in paragraph at lines 61--62
[]\T1/ptm/m/n/12 (+20) OS Arch Lin-ux
 []

<image/bab3/bab_iii_alur.png, id=872, 2232.34pt x 2734.215pt>
File: image/bab3/bab_iii_alur.png Graphic file (type png)
<use image/bab3/bab_iii_alur.png>
Package pdftex.def Info: image/bab3/bab_iii_alur.png  used on input line 78.
(pdftex.def)             Requested size: 288.79422pt x 353.70816pt.
[17




] [18 <./image/bab3/bab_iii_alur.png>] [19]
<image/bab3/activity_pembagian.png, id=895, 2376.88pt x 2055.68pt>
File: image/bab3/activity_pembagian.png Graphic file (type png)
<use image/bab3/activity_pembagian.png>
Package pdftex.def Info: image/bab3/activity_pembagian.png  used on input line 
140.
(pdftex.def)             Requested size: 247.54149pt x 214.08052pt.
<image/bab3/flowchart_anggota1.png, id=897, 5223.515pt x 2320.67pt>
File: image/bab3/flowchart_anggota1.png Graphic file (type png)
<use image/bab3/flowchart_anggota1.png>
Package pdftex.def Info: image/bab3/flowchart_anggota1.png  used on input line 
148.
(pdftex.def)             Requested size: 412.56497pt x 183.28488pt.
 [20 <./image/bab3/activity_pembagian.png>]
<image/bab3/halaman_otomasi.png, id=906, 1105.88156pt x 630.10406pt>
File: image/bab3/halaman_otomasi.png Graphic file (type png)
<use image/bab3/halaman_otomasi.png>
Package pdftex.def Info: image/bab3/halaman_otomasi.png  used on input line 157
.
(pdftex.def)             Requested size: 412.56497pt x 235.06738pt.
<image/bab3/mongo_metadataset.png, id=907, 476.53032pt x 244.66406pt>
File: image/bab3/mongo_metadataset.png Graphic file (type png)
<use image/bab3/mongo_metadataset.png>
Package pdftex.def Info: image/bab3/mongo_metadataset.png  used on input line 1
63.
(pdftex.def)             Requested size: 330.05322pt x 169.46796pt.
 [21 <./image/bab3/flowchart_anggota1.png>] [22 <./image/bab3/halaman_otomasi.p
ng> <./image/bab3/mongo_metadataset.png (PNG copy)>]
LaTeX Font Info:    Trying to load font information for T1+pcr on input line 19
2.

(/usr/share/texmf-dist/tex/latex/psnfss/t1pcr.fd
File: t1pcr.fd 2001/06/04 font definitions for T1/pcr.
)
Package microtype Info: Loading generic protrusion settings for font family
(microtype)             `pcr' (encoding: T1).
(microtype)             For optimal results, create family-specific settings.
(microtype)             See the microtype manual for details.
 [23]) [24]
\openout2 = `include/bab4.aux'.


(./include/bab4.tex
\bbl@ensure@bahasa {BAB} IV.
<image/bab4/02_varietas_padi_per_kecamatan_aceh_besar.png, id=936, 1146.9249pt 
x 569.4876pt>
File: image/bab4/02_varietas_padi_per_kecamatan_aceh_besar.png Graphic file (ty
pe png)
<use image/bab4/02_varietas_padi_per_kecamatan_aceh_besar.png>
Package pdftex.def Info: image/bab4/02_varietas_padi_per_kecamatan_aceh_besar.p
ng  used on input line 22.
(pdftex.def)             Requested size: 330.05322pt x 163.87848pt.
<image/bab4/03_distribusi_jenis_lahan_kecamatan_aceh_besar.png, id=938, 1001.66
22pt x 496.9767pt>
File: image/bab4/03_distribusi_jenis_lahan_kecamatan_aceh_besar.png Graphic fil
e (type png)
<use image/bab4/03_distribusi_jenis_lahan_kecamatan_aceh_besar.png>
Package pdftex.def Info: image/bab4/03_distribusi_jenis_lahan_kecamatan_aceh_be
sar.png  used on input line 29.
(pdftex.def)             Requested size: 330.05322pt x 163.75256pt.
[25




 <./image/bab4/02_varietas_padi_per_kecamatan_aceh_besar.png>]
<image/bab4/04_distribusi_periode_tanam_kecamatan.png, id=945, 858.8085pt x 424
.7067pt>
File: image/bab4/04_distribusi_periode_tanam_kecamatan.png Graphic file (type p
ng)
<use image/bab4/04_distribusi_periode_tanam_kecamatan.png>
Package pdftex.def Info: image/bab4/04_distribusi_periode_tanam_kecamatan.png  
used on input line 36.
(pdftex.def)             Requested size: 330.05322pt x 163.2242pt.
 [26 <./image/bab4/03_distribusi_jenis_lahan_kecamatan_aceh_besar.png> <./image
/bab4/04_distribusi_periode_tanam_kecamatan.png>]
<image/bab4/halaman_dashboard.png, id=954, 1445.4pt x 690.32906pt>
File: image/bab4/halaman_dashboard.png Graphic file (type png)
<use image/bab4/halaman_dashboard.png>
Package pdftex.def Info: image/bab4/halaman_dashboard.png  used on input line 5
5.
(pdftex.def)             Requested size: 391.93546pt x 187.19188pt.
 [27]
<image/bab4/tambah_dataset_upload.png, id=961, 447.92343pt x 552.56438pt>
File: image/bab4/tambah_dataset_upload.png Graphic file (type png)
<use image/bab4/tambah_dataset_upload.png>
Package pdftex.def Info: image/bab4/tambah_dataset_upload.png  used on input li
ne 63.
(pdftex.def)             Requested size: 165.02347pt x 203.56874pt.
<image/bab4/tambah_dataset_fetch.png, id=962, 494.59781pt x 566.86781pt>
File: image/bab4/tambah_dataset_fetch.png Graphic file (type png)
<use image/bab4/tambah_dataset_fetch.png>
Package pdftex.def Info: image/bab4/tambah_dataset_fetch.png  used on input lin
e 69.
(pdftex.def)             Requested size: 165.02347pt x 189.13423pt.
 [28 <./image/bab4/halaman_dashboard.png (PNG copy)> <./image/bab4/tambah_datas
et_upload.png (PNG copy)>]
<image/bab4/halaman_detail.png, id=970, 1230.84843pt x 447.17062pt>
File: image/bab4/halaman_detail.png Graphic file (type png)
<use image/bab4/halaman_detail.png>
Package pdftex.def Info: image/bab4/halaman_detail.png  used on input line 77.
(pdftex.def)             Requested size: 391.93546pt x 142.3879pt.
<image/bab4/visualisasi_timeseries.png, id=973, 1185.67969pt x 627.84563pt>
File: image/bab4/visualisasi_timeseries.png Graphic file (type png)
<use image/bab4/visualisasi_timeseries.png>
Package pdftex.def Info: image/bab4/visualisasi_timeseries.png  used on input l
ine 84.
(pdftex.def)             Requested size: 391.93546pt x 207.53458pt.
 [29 <./image/bab4/tambah_dataset_fetch.png (PNG copy)> <./image/bab4/halaman_d
etail.png (PNG copy)>]
<image/bab4/modal_preprocessing.png, id=981, 731.73375pt x 607.51968pt>
File: image/bab4/modal_preprocessing.png Graphic file (type png)
<use image/bab4/modal_preprocessing.png>
Package pdftex.def Info: image/bab4/modal_preprocessing.png  used on input line
 93.
(pdftex.def)             Requested size: 247.54149pt x 205.51572pt.
 [30 <./image/bab4/visualisasi_timeseries.png (PNG copy)> <./image/bab4/modal_p
reprocessing.png (PNG copy)>]
<image/bab4/halaman_reports.png, id=988, 1191.7022pt x 691.08188pt>
File: image/bab4/halaman_reports.png Graphic file (type png)
<use image/bab4/halaman_reports.png>
Package pdftex.def Info: image/bab4/halaman_reports.png  used on input line 101
.
(pdftex.def)             Requested size: 391.93546pt x 227.28793pt.
<image/bab4/halaman_reports_method.png, id=991, 1251.92719pt x 690.32906pt>
File: image/bab4/halaman_reports_method.png Graphic file (type png)
<use image/bab4/halaman_reports_method.png>
Package pdftex.def Info: image/bab4/halaman_reports_method.png  used on input l
ine 109.
(pdftex.def)             Requested size: 391.93546pt x 216.11703pt.
 [31 <./image/bab4/halaman_reports.png>]
<image/bab4/halaman_reports_gcv.png, id=999, 446.41782pt x 325.96782pt>
File: image/bab4/halaman_reports_gcv.png Graphic file (type png)
<use image/bab4/halaman_reports_gcv.png>
Package pdftex.def Info: image/bab4/halaman_reports_gcv.png  used on input line
 116.
(pdftex.def)             Requested size: 206.28249pt x 150.62344pt.
<image/bab4/halaman_reports_coverage.png, id=1001, 1149.5447pt x 447.17062pt>
File: image/bab4/halaman_reports_coverage.png Graphic file (type png)
<use image/bab4/halaman_reports_coverage.png>
Package pdftex.def Info: image/bab4/halaman_reports_coverage.png  used on input
 line 123.
(pdftex.def)             Requested size: 391.93546pt x 152.45903pt.

[32 <./image/bab4/halaman_reports_method.png> <./image/bab4/halaman_reports_gcv
.png (PNG copy)>]
<image/bab4/visualisasi_dekomposisi.png, id=1009, 1109.64563pt x 587.94656pt>
File: image/bab4/visualisasi_dekomposisi.png Graphic file (type png)
<use image/bab4/visualisasi_dekomposisi.png>
Package pdftex.def Info: image/bab4/visualisasi_dekomposisi.png  used on input 
line 140.
(pdftex.def)             Requested size: 391.93546pt x 207.66835pt.
 [33 <./image/bab4/halaman_reports_coverage.png>]
<image/bab4/halaman_otomasi.png, id=1017, 991.45406pt x 684.30656pt>
File: image/bab4/halaman_otomasi.png Graphic file (type png)
<use image/bab4/halaman_otomasi.png>
Package pdftex.def Info: image/bab4/halaman_otomasi.png  used on input line 148
.
(pdftex.def)             Requested size: 330.05322pt x 227.80577pt.
 [34 <./image/bab4/visualisasi_dekomposisi.png (PNG copy)>]
<image/bab4/halaman_otomasi_history.png, id=1024, 990.70125pt x 411.78844pt>
File: image/bab4/halaman_otomasi_history.png Graphic file (type png)
<use image/bab4/halaman_otomasi_history.png>
Package pdftex.def Info: image/bab4/halaman_otomasi_history.png  used on input 
line 155.
(pdftex.def)             Requested size: 391.93546pt x 162.90912pt.
 [35 <./image/bab4/halaman_otomasi.png (PNG copy)> <./image/bab4/halaman_otomas
i_history.png>]
<image/bab4/nosql_db_design.png, id=1033, 5058.9pt x 1710.39pt>
File: image/bab4/nosql_db_design.png Graphic file (type png)
<use image/bab4/nosql_db_design.png>
Package pdftex.def Info: image/bab4/nosql_db_design.png  used on input line 166
.
(pdftex.def)             Requested size: 5058.88773pt x 1710.38585pt.
 [36] [37 <./image/bab4/nosql_db_design.png>]
<image/bab4/document_schema_diagram.png, id=1045, 4019.015pt x 3717.89pt>
File: image/bab4/document_schema_diagram.png Graphic file (type png)
<use image/bab4/document_schema_diagram.png>
Package pdftex.def Info: image/bab4/document_schema_diagram.png  used on input 
line 175.
(pdftex.def)             Requested size: 330.05322pt x 305.3228pt.
 [38

 <./image/bab4/document_schema_diagram.png>]
<image/bab4/endpoint_datasetMeta.png, id=1053, 843.15pt x 955.57pt>
File: image/bab4/endpoint_datasetMeta.png Graphic file (type png)
<use image/bab4/endpoint_datasetMeta.png>
Package pdftex.def Info: image/bab4/endpoint_datasetMeta.png  used on input lin
e 201.
(pdftex.def)             Requested size: 185.65297pt x 210.40102pt.
<image/bab4/endpoint_nasa.png, id=1054, 809.0225pt x 766.865pt>
File: image/bab4/endpoint_nasa.png Graphic file (type png)
<use image/bab4/endpoint_nasa.png>
Package pdftex.def Info: image/bab4/endpoint_nasa.png  used on input line 207.
(pdftex.def)             Requested size: 185.65297pt x 175.97739pt.

[39]
<image/bab4/endpoint_preprocessing.png, id=1065, 1417.295pt x 1887.05pt>
File: image/bab4/endpoint_preprocessing.png Graphic file (type png)
<use image/bab4/endpoint_preprocessing.png>
Package pdftex.def Info: image/bab4/endpoint_preprocessing.png  used on input l
ine 218.
(pdftex.def)             Requested size: 165.02347pt x 219.69843pt.
 [40 <./image/bab4/endpoint_datasetMeta.png> <./image/bab4/endpoint_nasa.png> <
./image/bab4/endpoint_preprocessing.png>]
<image/bab4/endpoint_report.png, id=1075, 943.525pt x 1027.84pt>
File: image/bab4/endpoint_report.png Graphic file (type png)
<use image/bab4/endpoint_report.png>
Package pdftex.def Info: image/bab4/endpoint_report.png  used on input line 227
.
(pdftex.def)             Requested size: 165.02347pt x 179.76491pt.
<image/bab4/endpoint_decomposition.png, id=1077, 1096.095pt x 915.42pt>
File: image/bab4/endpoint_decomposition.png Graphic file (type png)
<use image/bab4/endpoint_decomposition.png>
Package pdftex.def Info: image/bab4/endpoint_decomposition.png  used on input l
ine 235.
(pdftex.def)             Requested size: 165.02347pt x 137.80992pt.
 [41 <./image/bab4/endpoint_report.png>]
<image/bab4/endpoint_config.png, id=1087, 875.27pt x 953.5625pt>
File: image/bab4/endpoint_config.png Graphic file (type png)
<use image/bab4/endpoint_config.png>
Package pdftex.def Info: image/bab4/endpoint_config.png  used on input line 245
.
(pdftex.def)             Requested size: 165.02347pt x 179.78194pt.
<image/bab4/endpoint_trigger.png, id=1088, 909.3975pt x 1252.68pt>
File: image/bab4/endpoint_trigger.png Graphic file (type png)
<use image/bab4/endpoint_trigger.png>
Package pdftex.def Info: image/bab4/endpoint_trigger.png  used on input line 25
2.
(pdftex.def)             Requested size: 165.02347pt x 227.30765pt.
 [42 <./image/bab4/endpoint_decomposition.png> <./image/bab4/endpoint_config.pn
g>] [43 <./image/bab4/endpoint_trigger.png>] [44]
<image/bab4/preprocessing_bmkg/tavg_original.png, id=1118, 1158.57843pt x 575.1
4874pt>
File: image/bab4/preprocessing_bmkg/tavg_original.png Graphic file (type png)
<use image/bab4/preprocessing_bmkg/tavg_original.png>
Package pdftex.def Info: image/bab4/preprocessing_bmkg/tavg_original.png  used 
on input line 342.
(pdftex.def)             Requested size: 330.05322pt x 163.84888pt.
<image/bab4/preprocessing_bmkg/rhavg_original.png, id=1119, 1156.32pt x 620.317
5pt>
File: image/bab4/preprocessing_bmkg/rhavg_original.png Graphic file (type png)
<use image/bab4/preprocessing_bmkg/rhavg_original.png>
Package pdftex.def Info: image/bab4/preprocessing_bmkg/rhavg_original.png  used
 on input line 348.
(pdftex.def)             Requested size: 330.05322pt x 177.05734pt.
<image/bab4/preprocessing_bmkg/rr_original.png, id=1120, 1172.88188pt x 645.913
13pt>
File: image/bab4/preprocessing_bmkg/rr_original.png Graphic file (type png)
<use image/bab4/preprocessing_bmkg/rr_original.png>
Package pdftex.def Info: image/bab4/preprocessing_bmkg/rr_original.png  used on
 input line 354.
(pdftex.def)             Requested size: 330.05322pt x 181.76117pt.
 [45 <./image/bab4/preprocessing_bmkg/tavg_original.png (PNG copy)>] [46 <./ima
ge/bab4/preprocessing_bmkg/rhavg_original.png (PNG copy)> <./image/bab4/preproc
essing_bmkg/rr_original.png (PNG copy)>]
<image/bab4/preprocessing_bmkg/tavg_before_after.png, id=1135, 834.11626pt x 55
4.82281pt>
File: image/bab4/preprocessing_bmkg/tavg_before_after.png Graphic file (type pn
g)
<use image/bab4/preprocessing_bmkg/tavg_before_after.png>
Package pdftex.def Info: image/bab4/preprocessing_bmkg/tavg_before_after.png  u
sed on input line 394.
(pdftex.def)             Requested size: 330.05322pt x 219.53781pt.
<image/bab4/preprocessing_bmkg/rhavg_before_after.png, id=1136, 952.30782pt x 5
17.935pt>
File: image/bab4/preprocessing_bmkg/rhavg_before_after.png Graphic file (type p
ng)
<use image/bab4/preprocessing_bmkg/rhavg_before_after.png>
Package pdftex.def Info: image/bab4/preprocessing_bmkg/rhavg_before_after.png  
used on input line 400.
(pdftex.def)             Requested size: 330.05322pt x 179.50967pt.
 [47]
<image/bab4/preprocessing_bmkg/rr_before_after.png, id=1142, 691.08188pt x 551.
05875pt>
File: image/bab4/preprocessing_bmkg/rr_before_after.png Graphic file (type png)

<use image/bab4/preprocessing_bmkg/rr_before_after.png>
Package pdftex.def Info: image/bab4/preprocessing_bmkg/rr_before_after.png  use
d on input line 406.
(pdftex.def)             Requested size: 330.05322pt x 263.18506pt.
 [48 <./image/bab4/preprocessing_bmkg/tavg_before_after.png (PNG copy)> <./imag
e/bab4/preprocessing_bmkg/rhavg_before_after.png (PNG copy)>]
<image/bab4/preprocessing_bmkg/decomposition_tavg.png, id=1150, 1111.90407pt x 
594.72188pt>
File: image/bab4/preprocessing_bmkg/decomposition_tavg.png Graphic file (type p
ng)
<use image/bab4/preprocessing_bmkg/decomposition_tavg.png>
Package pdftex.def Info: image/bab4/preprocessing_bmkg/decomposition_tavg.png  
used on input line 414.
(pdftex.def)             Requested size: 330.05322pt x 176.5304pt.
<image/bab4/preprocessing_bmkg/decomposition_rhavg.png, id=1151, 1110.39844pt x
 590.95781pt>
File: image/bab4/preprocessing_bmkg/decomposition_rhavg.png Graphic file (type 
png)
<use image/bab4/preprocessing_bmkg/decomposition_rhavg.png>
Package pdftex.def Info: image/bab4/preprocessing_bmkg/decomposition_rhavg.png 
 used on input line 420.
(pdftex.def)             Requested size: 330.05322pt x 175.65657pt.
 [49 <./image/bab4/preprocessing_bmkg/rr_before_after.png (PNG copy)>]
<image/bab4/preprocessing_bmkg/decomposition_rr.png, id=1156, 1108.14pt x 592.4
6344pt>
File: image/bab4/preprocessing_bmkg/decomposition_rr.png Graphic file (type png
)
<use image/bab4/preprocessing_bmkg/decomposition_rr.png>
Package pdftex.def Info: image/bab4/preprocessing_bmkg/decomposition_rr.png  us
ed on input line 426.
(pdftex.def)             Requested size: 330.05322pt x 176.45668pt.

[50 <./image/bab4/preprocessing_bmkg/decomposition_tavg.png (PNG copy)> <./imag
e/bab4/preprocessing_bmkg/decomposition_rhavg.png (PNG copy)> <./image/bab4/pre
processing_bmkg/decomposition_rr.png (PNG copy)>]
<image/bab4/preprocessing_nasa/t2m_original.png, id=1164, 1086.30844pt x 470.50
781pt>
File: image/bab4/preprocessing_nasa/t2m_original.png Graphic file (type png)
<use image/bab4/preprocessing_nasa/t2m_original.png>
Package pdftex.def Info: image/bab4/preprocessing_nasa/t2m_original.png  used o
n input line 435.
(pdftex.def)             Requested size: 330.05322pt x 142.95544pt.
<image/bab4/preprocessing_nasa/rh2m_original.png, id=1165, 1079.53313pt x 544.2
8343pt>
File: image/bab4/preprocessing_nasa/rh2m_original.png Graphic file (type png)
<use image/bab4/preprocessing_nasa/rh2m_original.png>
Package pdftex.def Info: image/bab4/preprocessing_nasa/rh2m_original.png  used 
on input line 441.
(pdftex.def)             Requested size: 330.05322pt x 166.409pt.
<image/bab4/preprocessing_nasa/prectotcorr_original.png, id=1166, 1103.62312pt 
x 593.21625pt>
File: image/bab4/preprocessing_nasa/prectotcorr_original.png Graphic file (type
 png)
<use image/bab4/preprocessing_nasa/prectotcorr_original.png>
Package pdftex.def Info: image/bab4/preprocessing_nasa/prectotcorr_original.png
  used on input line 447.
(pdftex.def)             Requested size: 330.05322pt x 177.40503pt.
 [51 <./image/bab4/preprocessing_nasa/t2m_original.png (PNG copy)> <./image/bab
4/preprocessing_nasa/rh2m_original.png>]
<image/bab4/preprocessing_nasa/all_sky_sfc_sw_dwn_original.png, id=1173, 1148.0
3906pt x 561.59813pt>
File: image/bab4/preprocessing_nasa/all_sky_sfc_sw_dwn_original.png Graphic fil
e (type png)
<use image/bab4/preprocessing_nasa/all_sky_sfc_sw_dwn_original.png>
Package pdftex.def Info: image/bab4/preprocessing_nasa/all_sky_sfc_sw_dwn_origi
nal.png  used on input line 454.
(pdftex.def)             Requested size: 330.05322pt x 161.45392pt.
 [52 <./image/bab4/preprocessing_nasa/prectotcorr_original.png (PNG copy)> <./i
mage/bab4/preprocessing_nasa/all_sky_sfc_sw_dwn_original.png (PNG copy)>]
<image/bab4/preprocessing_nasa/rh2m_before_after.png, id=1183, 1163.84813pt x 5
76.65437pt>
File: image/bab4/preprocessing_nasa/rh2m_before_after.png Graphic file (type pn
g)
<use image/bab4/preprocessing_nasa/rh2m_before_after.png>
Package pdftex.def Info: image/bab4/preprocessing_nasa/rh2m_before_after.png  u
sed on input line 482.
(pdftex.def)             Requested size: 330.05322pt x 163.52989pt.
<image/bab4/preprocessing_nasa/t2m_before_after.png, id=1184, 1188.69093pt x 67
9.78969pt>
File: image/bab4/preprocessing_nasa/t2m_before_after.png Graphic file (type png
)
<use image/bab4/preprocessing_nasa/t2m_before_after.png>
Package pdftex.def Info: image/bab4/preprocessing_nasa/t2m_before_after.png  us
ed on input line 488.
(pdftex.def)             Requested size: 330.05322pt x 188.7424pt.
 [53 <./image/bab4/preprocessing_nasa/rh2m_before_after.png (PNG copy)>]
<image/bab4/preprocessing_nasa/decomposition_rh2m.png, id=1192, 1148.79187pt x 
517.935pt>
File: image/bab4/preprocessing_nasa/decomposition_rh2m.png Graphic file (type p
ng)
<use image/bab4/preprocessing_nasa/decomposition_rh2m.png>
Package pdftex.def Info: image/bab4/preprocessing_nasa/decomposition_rh2m.png  
used on input line 496.
(pdftex.def)             Requested size: 330.05322pt x 148.79846pt.
<image/bab4/preprocessing_nasa/decomposition_t2m.png, id=1193, 1160.83687pt x 5
22.45187pt>
File: image/bab4/preprocessing_nasa/decomposition_t2m.png Graphic file (type pn
g)
<use image/bab4/preprocessing_nasa/decomposition_t2m.png>
Package pdftex.def Info: image/bab4/preprocessing_nasa/decomposition_t2m.png  u
sed on input line 502.
(pdftex.def)             Requested size: 330.05322pt x 148.54158pt.
<image/bab4/preprocessing_nasa/decomposition_prectotcorr.png, id=1194, 1152.555
94pt x 518.6878pt>
File: image/bab4/preprocessing_nasa/decomposition_prectotcorr.png Graphic file 
(type png)
<use image/bab4/preprocessing_nasa/decomposition_prectotcorr.png>
Package pdftex.def Info: image/bab4/preprocessing_nasa/decomposition_prectotcor
r.png  used on input line 508.
(pdftex.def)             Requested size: 330.05322pt x 148.53195pt.

[54 <./image/bab4/preprocessing_nasa/t2m_before_after.png (PNG copy)> <./image/
bab4/preprocessing_nasa/decomposition_rh2m.png (PNG copy)>]
<image/bab4/preprocessing_nasa/decomposition_all_sky_sfc_sw_dwn.png, id=1199, 1
155.56718pt x 518.6878pt>
File: image/bab4/preprocessing_nasa/decomposition_all_sky_sfc_sw_dwn.png Graphi
c file (type png)
<use image/bab4/preprocessing_nasa/decomposition_all_sky_sfc_sw_dwn.png>
Package pdftex.def Info: image/bab4/preprocessing_nasa/decomposition_all_sky_sf
c_sw_dwn.png  used on input line 514.
(pdftex.def)             Requested size: 330.05322pt x 148.14413pt.
 [55 <./image/bab4/preprocessing_nasa/decomposition_t2m.png (PNG copy)> <./imag
e/bab4/preprocessing_nasa/decomposition_prectotcorr.png (PNG copy)> <./image/ba
b4/preprocessing_nasa/decomposition_all_sky_sfc_sw_dwn.png (PNG copy)>]
<image/bab4/deployment_tdmrc.png, id=1208, 1696.3375pt x 964.60374pt>
File: image/bab4/deployment_tdmrc.png Graphic file (type png)
<use image/bab4/deployment_tdmrc.png>
Package pdftex.def Info: image/bab4/deployment_tdmrc.png  used on input line 52
5.
(pdftex.def)             Requested size: 371.30595pt x 211.13902pt.
 [56 <./image/bab4/deployment_tdmrc.png>]
<image/bab4/alur_integrasi.png, id=1215, 2537.48pt x 3296.315pt>
File: image/bab4/alur_integrasi.png Graphic file (type png)
<use image/bab4/alur_integrasi.png>
Package pdftex.def Info: image/bab4/alur_integrasi.png  used on input line 538.

(pdftex.def)             Requested size: 247.54149pt x 321.55289pt.
 [57 <./image/bab4/alur_integrasi.png>]
Overfull \hbox (18.38112pt too wide) in alignment at lines 543--548
 [] [] [] [] [] 
 []


Overfull \hbox (18.38112pt too wide) in alignment at lines 548--555
 [] [] [] [] [] 
 []


Overfull \hbox (18.38112pt too wide) in alignment at lines 555--558
 [] [] [] [] [] 
 []


Overfull \hbox (18.38112pt too wide) in alignment at lines 558--561
 [] [] [] [] [] 
 []


Overfull \hbox (6.88261pt too wide) in paragraph at lines 613--613
\T1/ptm/m/n/12 (-20) /com-par-i-son/<original>/<cleaned>|  
 []


Overfull \hbox (18.38112pt too wide) in alignment at lines 561--615
 [] [] [] [] [] 
 []


ignored: Infinite glue shrinkage found in box being split [58]
ignored: Infinite glue shrinkage fo
und in box being split [59] [60] [61]
Overfull \hbox (24.52335pt too wide) in paragraph at lines 697--725
 [][] 
 []

[62]
<image/bab4/kaltam/hw/kaltam_hw.png, id=1265, 1746.525pt x 846.16125pt>
File: image/bab4/kaltam/hw/kaltam_hw.png Graphic file (type png)
<use image/bab4/kaltam/hw/kaltam_hw.png>
Package pdftex.def Info: image/bab4/kaltam/hw/kaltam_hw.png  used on input line
 752.
(pdftex.def)             Requested size: 330.05322pt x 159.89433pt.
 [63 <./image/bab4/kaltam/hw/kaltam_hw.png>] [64]
<image/bab4/kaltam/lstm/kaltam_lstm.png, id=1281, 1766.6pt x 741.77126pt>
File: image/bab4/kaltam/lstm/kaltam_lstm.png Graphic file (type png)
<use image/bab4/kaltam/lstm/kaltam_lstm.png>
Package pdftex.def Info: image/bab4/kaltam/lstm/kaltam_lstm.png  used on input 
line 826.
(pdftex.def)             Requested size: 330.05322pt x 138.58376pt.
 [65 <./image/bab4/kaltam/lstm/kaltam_lstm.png>] [66]) [67]
\openout2 = `include/bab5.aux'.

 (./include/bab5.tex
\bbl@ensure@bahasa {BAB} V.
[68




]) [69] (./skripsi.bbl [70



]
Overfull \hbox (1.08702pt too wide) in paragraph at lines 91--96
\T1/ptm/m/it/12 (-20) produksi-[]padi-[]sup-[]1-[]-[]sup-[]-[]dan-[]beras-[]men
urut-[]kabupaten-[]kota-[]di-[]provinsi-[]aceh .
 []

[71] [72] [73]) [74]
\openout2 = `include/lampiran.aux'.

 (./include/lampiran.tex
<image/lampiran/1_kuisioner.png, id=1411, 1444.64719pt x 689.57625pt>
File: image/lampiran/1_kuisioner.png Graphic file (type png)
<use image/lampiran/1_kuisioner.png>
Package pdftex.def Info: image/lampiran/1_kuisioner.png  used on input line 10.

(pdftex.def)             Requested size: 412.56497pt x 196.9311pt.
<image/lampiran/2_data_penelitian_bmkg.png, id=1412, 1411.52344pt x 551.81157pt
>
File: image/lampiran/2_data_penelitian_bmkg.png Graphic file (type png)
<use image/lampiran/2_data_penelitian_bmkg.png>
Package pdftex.def Info: image/lampiran/2_data_penelitian_bmkg.png  used on inp
ut line 18.
(pdftex.def)             Requested size: 412.56497pt x 161.28424pt.
<image/lampiran/2_data_penelitian_nasa.png, id=1413, 1652.1725pt x 871.255pt>
File: image/lampiran/2_data_penelitian_nasa.png Graphic file (type png)
<use image/lampiran/2_data_penelitian_nasa.png>
Package pdftex.def Info: image/lampiran/2_data_penelitian_nasa.png  used on inp
ut line 24.
(pdftex.def)             Requested size: 412.56497pt x 217.56062pt.
 [75


 <./image/lampiran/1_kuisioner.png (PNG copy)> <./image/lampiran/2_data_penelit
ian_bmkg.png (PNG copy)>]
<image/lampiran/3_sprint.png, id=1418, 1445.4pt x 685.05937pt>
File: image/lampiran/3_sprint.png Graphic file (type png)
<use image/lampiran/3_sprint.png>
Package pdftex.def Info: image/lampiran/3_sprint.png  used on input line 32.
(pdftex.def)             Requested size: 412.56497pt x 195.53664pt.
<image/lampiran/4_databse.png, id=1419, 1443.14156pt x 778.40813pt>
File: image/lampiran/4_databse.png Graphic file (type png)
<use image/lampiran/4_databse.png>
Package pdftex.def Info: image/lampiran/4_databse.png  used on input line 40.
(pdftex.def)             Requested size: 412.56497pt x 222.52563pt.

[76 <./image/lampiran/2_data_penelitian_nasa.png> <./image/lampiran/3_sprint.pn
g (PNG copy)>]
<image/lampiran/5_postman.png, id=1425, 1444.64719pt x 737.75626pt>
File: image/lampiran/5_postman.png Graphic file (type png)
<use image/lampiran/5_postman.png>
Package pdftex.def Info: image/lampiran/5_postman.png  used on input line 48.
(pdftex.def)             Requested size: 412.56497pt x 210.69049pt.
 [77 <./image/lampiran/4_databse.png (PNG copy)> <./image/lampiran/5_postman.pn
g (PNG copy)>]) (./skripsi.aux (./include/bebas-plagiasi.aux)
(./include/surat-pernyataan.aux) (./include/abstrak-indonesia.aux)
(./include/abstrak-english.aux) (./include/kata-pengantar.aux)
(./include/daftar-singkatan.aux) (./include/bab1.aux) (./include/bab2.aux)
(./include/bab3.aux) (./include/bab4.aux) (./include/bab5.aux)
(./include/lampiran.aux))
 ***********
LaTeX2e <2025-11-01>
L3 programming layer <2026-01-19>
 ***********
Package rerunfilecheck Info: File `skripsi.out' has not changed.
(rerunfilecheck)             Checksum: CE7679F9FAF1833425980D718D114325;10574.
 ) 
Here is how much of TeX's memory you used:
 28903 strings out of 469515
 535736 string characters out of 5470807
 988789 words of memory out of 5000000
 56085 multiletter control sequences out of 15000+600000
 734815 words of font info for 465 fonts, out of 8000000 for 9000
 92 hyphenation exceptions out of 8191
 88i,19n,98p,1828b,1972s stack positions out of 10000i,1000n,20000p,200000b,200000s
</usr/share/texmf-dist/fonts/type1/public/amsfonts/cm/cmbx12.pfb></usr/share/
texmf-dist/fonts/type1/public/amsfonts/cm/cmbx8.pfb></usr/share/texmf-dist/font
s/type1/public/amsfonts/cm/cmex10.pfb></usr/share/texmf-dist/fonts/type1/public
/amsfonts/cm/cmmi10.pfb></usr/share/texmf-dist/fonts/type1/public/amsfonts/cm/c
mmi12.pfb></usr/share/texmf-dist/fonts/type1/public/amsfonts/cm/cmmi6.pfb></usr
/share/texmf-dist/fonts/type1/public/amsfonts/cm/cmmi8.pfb></usr/share/texmf-di
st/fonts/type1/public/amsfonts/cm/cmr12.pfb></usr/share/texmf-dist/fonts/type1/
public/amsfonts/cm/cmr8.pfb></usr/share/texmf-dist/fonts/type1/public/amsfonts/
cm/cmsy10.pfb></usr/share/texmf-dist/fonts/type1/public/amsfonts/cm/cmsy8.pfb><
/usr/share/texmf-dist/fonts/type1/public/amsfonts/symbols/msam10.pfb></usr/shar
e/texmf-dist/fonts/type1/public/amsfonts/symbols/msbm10.pfb></usr/share/texmf-d
ist/fonts/type1/urw/courier/ucrr8a.pfb></usr/share/texmf-dist/fonts/type1/urw/t
imes/utmb8a.pfb></usr/share/texmf-dist/fonts/type1/urw/times/utmbi8a.pfb></usr/
share/texmf-dist/fonts/type1/urw/times/utmr8a.pfb></usr/share/texmf-dist/fonts/
type1/urw/times/utmri8a.pfb>
Output written on skripsi.pdf (91 pages, 10683081 bytes).
PDF statistics:
 1586 PDF objects out of 1728 (max. 8388607)
 1350 compressed objects within 14 object streams
 354 named destinations out of 1000 (max. 500000)
 110946 words of extra memory for PDF output out of 128383 (max. 10000000)

